Added Component: Designator=*1(ESP32-WROOM-32D)
Added Component: Designator=AMS1(SOT223)
Add component (AddParameter): Name = "Chung_Loai"; Value = "Dán"; VariantName = "[No Variations]"
Add component (AddParameter): Name = "Don_Vi"; Value = "Con"; VariantName = "[No Variations]"
Add component (AddParameter): Name = "Ghi_Chu"; Value = ""; VariantName = "[No Variations]"
Add component (AddParameter): Name = "Kieu_Chan"; Value = ""; VariantName = "[No Variations]"
Add component (AddParameter): Name = "Ma_Hang"; Value = "MH000596"; VariantName = "[No Variations]"
Add component (AddParameter): Name = "Value"; Value = "AMS1117-3.3V SOT223"; VariantName = "[No Variations]"
Added Component: Designator=B1(BUTTON SMD 2 PIN)
Added Component: Designator=B2(BUTTON SMD 2 PIN)
Added Component: Designator=B3(BUTTON SMD 2 PIN)
Added Component: Designator=B4(BUTTON SMD 2 PIN)
Added Component: Designator=B*1(BUZZER)
Added Component: Designator=C1(CAP-SM-0805)
Add component (AddParameter): Name = "Value"; Value = "1uF/25V"; VariantName = "[No Variations]"
Added Component: Designator=C2(CAP-SM-0805)
Add component (AddParameter): Name = "Value"; Value = "1uF/25V"; VariantName = "[No Variations]"
Added Component: Designator=C3(CAP-SM-0805)
Add component (AddParameter): Name = "Value"; Value = "100nF/25V"; VariantName = "[No Variations]"
Added Component: Designator=C4(CAP-SM-0805)
Add component (AddParameter): Name = "Value"; Value = "1uF/25V"; VariantName = "[No Variations]"
Added Component: Designator=C5(CAP-SM-0805)
Add component (AddParameter): Name = "Value"; Value = "10nF/25V"; VariantName = "[No Variations]"
Added Component: Designator=C6(CAP-SM-0805)
Add component (AddParameter): Name = "Value"; Value = "1uF/25V"; VariantName = "[No Variations]"
Added Component: Designator=C7(CAP-SM-0805)
Add component (AddParameter): Name = "Value"; Value = "10nF/25V"; VariantName = "[No Variations]"
Added Component: Designator=C8(CAP-SM-0805)
Add component (AddParameter): Name = "Value"; Value = "1uF/25V"; VariantName = "[No Variations]"
Added Component: Designator=C9(CAP-SM-0805)
Add component (AddParameter): Name = "Value"; Value = "10nF/25V"; VariantName = "[No Variations]"
Added Component: Designator=C10(CAP-SM-0805)
Add component (AddParameter): Name = "Value"; Value = "1uF/25V"; VariantName = "[No Variations]"
Added Component: Designator=C11(CAP-SM-0805)
Add component (AddParameter): Name = "Value"; Value = "10nF/25V"; VariantName = "[No Variations]"
Added Component: Designator=C12(CAP-SM-0805)
Add component (AddParameter): Name = "Value"; Value = "10pF/25V"; VariantName = "[No Variations]"
Added Component: Designator=C13(CAP-SM-0805)
Add component (AddParameter): Name = "Value"; Value = "10pF/25V"; VariantName = "[No Variations]"
Added Component: Designator=C14(CAP-SM-0805)
Add component (AddParameter): Name = "Value"; Value = "1uF/25V"; VariantName = "[No Variations]"
Added Component: Designator=C15(CAP-SM-0805)
Add component (AddParameter): Name = "Value"; Value = "10nF/25V"; VariantName = "[No Variations]"
Added Component: Designator=C16(CAP-SM-0805)
Add component (AddParameter): Name = "Value"; Value = "1uF/25V"; VariantName = "[No Variations]"
Added Component: Designator=C17(CAP-SM-0805)
Add component (AddParameter): Name = "Value"; Value = "1uF/25V"; VariantName = "[No Variations]"
Added Component: Designator=C18(CAP-SM-0805)
Add component (AddParameter): Name = "Value"; Value = "10uF/25V"; VariantName = "[No Variations]"
Added Component: Designator=C19(CAP-SM-0805)
Add component (AddParameter): Name = "Value"; Value = "100nF/25V"; VariantName = "[No Variations]"
Added Component: Designator=C20(CAP-SM-0805)
Add component (AddParameter): Name = "Value"; Value = "100nF/25V"; VariantName = "[No Variations]"
Added Component: Designator=C21(CAP-SM-0805)
Add component (AddParameter): Name = "Value"; Value = "100nF/25V"; VariantName = "[No Variations]"
Added Component: Designator=C22(CAP-SM-0805)
Add component (AddParameter): Name = "Value"; Value = "100nF/25V"; VariantName = "[No Variations]"
Added Component: Designator=C23(CAP-SM-0805)
Add component (AddParameter): Name = "Value"; Value = "10uF/25V"; VariantName = "[No Variations]"
Added Component: Designator=C24(CAP-SM-0805)
Add component (AddParameter): Name = "Value"; Value = "100nF/25V"; VariantName = "[No Variations]"
Added Component: Designator=C25(CAP-SM-0805)
Add component (AddParameter): Name = "Value"; Value = "10uF/25V"; VariantName = "[No Variations]"
Added Component: Designator=C26(CAP-SM-0805)
Add component (AddParameter): Name = "Value"; Value = "100nF/25V"; VariantName = "[No Variations]"
Added Component: Designator=C27(CAP-SM-0805)
Add component (AddParameter): Name = "Value"; Value = "1uF/25V"; VariantName = "[No Variations]"
Added Component: Designator=C28(CAP-SM-0805)
Add component (AddParameter): Name = "Value"; Value = "100nF/25V"; VariantName = "[No Variations]"
Added Component: Designator=C29(CAP-SM-0805)
Add component (AddParameter): Name = "Value"; Value = "100nF/25V"; VariantName = "[No Variations]"
Added Component: Designator=C30(CAP-SM-0805)
Add component (AddParameter): Name = "Value"; Value = "1uF/25V"; VariantName = "[No Variations]"
Added Component: Designator=D1(LED_0603_Blue)
Added Component: Designator=D2(LED_0603_Blue)
Added Component: Designator=D3(DIODE SMA)
Add component (AddParameter): Name = "Chung_Loai"; Value = "Dán"; VariantName = "[No Variations]"
Add component (AddParameter): Name = "Don_Vi"; Value = "Con"; VariantName = "[No Variations]"
Add component (AddParameter): Name = "Ghi_Chu"; Value = ""; VariantName = "[No Variations]"
Add component (AddParameter): Name = "Kieu_Chan"; Value = ""; VariantName = "[No Variations]"
Add component (AddParameter): Name = "Ma_Hang"; Value = "MH002104"; VariantName = "[No Variations]"
Add component (AddParameter): Name = "Ten_Linh_Kien"; Value = "Diode SS34 3A 40V SMA ( 1N5822 SS34A)"; VariantName = "[No Variations]"
Added Component: Designator=D4(DIODE ZENNER SMD SOD80)
Add component (AddParameter): Name = "Chung_Loai"; Value = "Dán"; VariantName = "[No Variations]"
Add component (AddParameter): Name = "Don_Vi"; Value = "Con"; VariantName = "[No Variations]"
Add component (AddParameter): Name = "Ghi_Chu"; Value = ""; VariantName = "[No Variations]"
Add component (AddParameter): Name = "Kieu_Chan"; Value = ""; VariantName = "[No Variations]"
Add component (AddParameter): Name = "Ma_Hang"; Value = "MH002880"; VariantName = "[No Variations]"
Add component (AddParameter): Name = "Ten_Linh_Kien"; Value = "Diode Zener 1/2W 3.3V SMD1206 ZMM3.3"; VariantName = "[No Variations]"
Added Component: Designator=D5(DIODE SMA)
Add component (AddParameter): Name = "Chung_Loai"; Value = "Dán"; VariantName = "[No Variations]"
Add component (AddParameter): Name = "Don_Vi"; Value = "Con"; VariantName = "[No Variations]"
Add component (AddParameter): Name = "Ghi_Chu"; Value = ""; VariantName = "[No Variations]"
Add component (AddParameter): Name = "Kieu_Chan"; Value = ""; VariantName = "[No Variations]"
Add component (AddParameter): Name = "Ma_Hang"; Value = "MH002104"; VariantName = "[No Variations]"
Add component (AddParameter): Name = "Ten_Linh_Kien"; Value = "Diode SS34 3A 40V SMA ( 1N5822 SS34A)"; VariantName = "[No Variations]"
Added Component: Designator=D6(DIODE SMA)
Add component (AddParameter): Name = "Chung_Loai"; Value = "Dán"; VariantName = "[No Variations]"
Add component (AddParameter): Name = "Don_Vi"; Value = "Con"; VariantName = "[No Variations]"
Add component (AddParameter): Name = "Ghi_Chu"; Value = ""; VariantName = "[No Variations]"
Add component (AddParameter): Name = "Kieu_Chan"; Value = ""; VariantName = "[No Variations]"
Add component (AddParameter): Name = "Ma_Hang"; Value = "MH002104"; VariantName = "[No Variations]"
Add component (AddParameter): Name = "Ten_Linh_Kien"; Value = "Diode SS34 3A 40V SMA ( 1N5822 SS34A)"; VariantName = "[No Variations]"
Added Component: Designator=D7(LED_0805_Blue)
Added Component: Designator=D8(LED_0805_Blue)
Added Component: Designator=D9(DIODE SMA)
Add component (AddParameter): Name = "Chung_Loai"; Value = "Dán"; VariantName = "[No Variations]"
Add component (AddParameter): Name = "Don_Vi"; Value = "Con"; VariantName = "[No Variations]"
Add component (AddParameter): Name = "Ghi_Chu"; Value = ""; VariantName = "[No Variations]"
Add component (AddParameter): Name = "Kieu_Chan"; Value = ""; VariantName = "[No Variations]"
Add component (AddParameter): Name = "Ma_Hang"; Value = "MH002104"; VariantName = "[No Variations]"
Add component (AddParameter): Name = "Ten_Linh_Kien"; Value = "Diode SS34 3A 40V SMA ( 1N5822 SS34A)"; VariantName = "[No Variations]"
Added Component: Designator=D10(DIODE SMA)
Add component (AddParameter): Name = "Chung_Loai"; Value = "Dán"; VariantName = "[No Variations]"
Add component (AddParameter): Name = "Don_Vi"; Value = "Con"; VariantName = "[No Variations]"
Add component (AddParameter): Name = "Ghi_Chu"; Value = ""; VariantName = "[No Variations]"
Add component (AddParameter): Name = "Kieu_Chan"; Value = ""; VariantName = "[No Variations]"
Add component (AddParameter): Name = "Ma_Hang"; Value = "MH002104"; VariantName = "[No Variations]"
Add component (AddParameter): Name = "Ten_Linh_Kien"; Value = "Diode SS34 3A 40V SMA ( 1N5822 SS34A)"; VariantName = "[No Variations]"
Added Component: Designator=D11(LED_0805_Blue)
Added Component: Designator=D12(LED_0805_Blue)
Added Component: Designator=F1(Cau chi tu phuc hoi 2A 24V SMD1812)
Add component (AddParameter): Name = "Ma_Hang"; Value = "MH010033"; VariantName = "[No Variations]"
Add component (AddParameter): Name = "Ten"; Value = "C?u Chì T? Ph?c H?i 2A 24V SMD1812"; VariantName = "[No Variations]"
Added Component: Designator=J1(629105150921)
Add component (AddParameter): Name = "ComponentLink1Description"; Value = "Datasheet"; VariantName = "[No Variations]"
Add component (AddParameter): Name = "ComponentLink1URL"; Value = "https://katalog.we-online.de/em/datasheet/629105150921.pdf"; VariantName = "[No Variations]"
Add component (AddParameter): Name = "ComponentLink2Description"; Value = "Supplier 1 URL"; VariantName = "[No Variations]"
Add component (AddParameter): Name = "ComponentLink2URL"; Value = "N/A"; VariantName = "[No Variations]"
Add component (AddParameter): Name = "ComponentLink3Description"; Value = "Supplier 2 URL"; VariantName = "[No Variations]"
Add component (AddParameter): Name = "ComponentLink3URL"; Value = "N/A"; VariantName = "[No Variations]"
Add component (AddParameter): Name = "ComponentLink4Description"; Value = "Supplier 3 URL"; VariantName = "[No Variations]"
Add component (AddParameter): Name = "ComponentLink4URL"; Value = "N/A"; VariantName = "[No Variations]"
Add component (AddParameter): Name = "Connector Type"; Value = "Micro USB 2.0 Type AB"; VariantName = "[No Variations]"
Add component (AddParameter): Name = "Contact Resistance"; Value = "30 mOhm"; VariantName = "[No Variations]"
Add component (AddParameter): Name = "Gender"; Value = "Receptacle"; VariantName = "[No Variations]"
Add component (AddParameter): Name = "Mounting Technology"; Value = "SMT"; VariantName = "[No Variations]"
Add component (AddParameter): Name = "Operating Temperature"; Value = "-40 to 85 degC"; VariantName = "[No Variations]"
Add component (AddParameter): Name = "Orientation"; Value = "Horizontal"; VariantName = "[No Variations]"
Add component (AddParameter): Name = "Packaging"; Value = "Tape and Reel"; VariantName = "[No Variations]"
Add component (AddParameter): Name = "Part Number"; Value = "629105150921"; VariantName = "[No Variations]"
Add component (AddParameter): Name = "Published Date"; Value = "September 2018"; VariantName = "[No Variations]"
Add component (AddParameter): Name = "Publisher"; Value = "Wurth Elektronik"; VariantName = "[No Variations]"
Add component (AddParameter): Name = "Rated Current"; Value = "1.8 A"; VariantName = "[No Variations]"
Add component (AddParameter): Name = "Supplier 1 Name"; Value = "Mouser"; VariantName = "[No Variations]"
Add component (AddParameter): Name = "Supplier 1 SN"; Value = "710-629105150921"; VariantName = "[No Variations]"
Add component (AddParameter): Name = "Supplier 1 URL"; Value = "https://www.mouser.vn/ProductDetail/Wurth-Elektronik/629105150921?qs=a9WhcLg8qCztfCBvRE9gEg%3D%3D"; VariantName = "[No Variations]"
Add component (AddParameter): Name = "Supplier 2 Name"; Value = "Digi-Key"; VariantName = "[No Variations]"
Add component (AddParameter): Name = "Supplier 2 SN"; Value = "N/A"; VariantName = "[No Variations]"
Add component (AddParameter): Name = "Supplier 2 URL"; Value = "N/A"; VariantName = "[No Variations]"
Add component (AddParameter): Name = "Supplier 3 Name"; Value = "thegioiic"; VariantName = "[No Variations]"
Add component (AddParameter): Name = "Supplier 3 SN"; Value = "N/A"; VariantName = "[No Variations]"
Add component (AddParameter): Name = "Supplier 3 URL"; Value = "N/A"; VariantName = "[No Variations]"
Add component (AddParameter): Name = "Value"; Value = "Micro USB 2.0 Type AB"; VariantName = "[No Variations]"
Add component (AddParameter): Name = "Working Voltage"; Value = "30 VAC"; VariantName = "[No Variations]"
Added Component: Designator=J2(691214110002)
Add component (AddParameter): Name = "Application"; Value = "Rising Cage Clamp"; VariantName = "[No Variations]"
Add component (AddParameter): Name = "Category"; Value = "Terminal Blocks"; VariantName = "[No Variations]"
Add component (AddParameter): Name = "ComponentLink1Description"; Value = "Website Link"; VariantName = "[No Variations]"
Add component (AddParameter): Name = "ComponentLink1URL"; Value = "https://www.we-online.com/redexpert/article/691214110002?ad"; VariantName = "[No Variations]"
Add component (AddParameter): Name = "ComponentLink2Description"; Value = "Supplier 1 URL"; VariantName = "[No Variations]"
Add component (AddParameter): Name = "ComponentLink2URL"; Value = "N/A"; VariantName = "[No Variations]"
Add component (AddParameter): Name = "ComponentLink3Description"; Value = "Supplier 2 URL"; VariantName = "[No Variations]"
Add component (AddParameter): Name = "ComponentLink3URL"; Value = "N/A"; VariantName = "[No Variations]"
Add component (AddParameter): Name = "ComponentLink4Description"; Value = "Supplier 3 URL"; VariantName = "[No Variations]"
Add component (AddParameter): Name = "ComponentLink4URL"; Value = "https://www.thegioiic.com/kf350-2-v-domino-2-chan-thang-3-5mm-300v-10a-han-pcb"; VariantName = "[No Variations]"
Add component (AddParameter): Name = "Manufacturer"; Value = "Wurth Elektronik"; VariantName = "[No Variations]"
Add component (AddParameter): Name = "Manufacturer Part Number"; Value = "691214110002"; VariantName = "[No Variations]"
Add component (AddParameter): Name = "Match Code"; Value = "WR-TBL"; VariantName = "[No Variations]"
Add component (AddParameter): Name = "Modularity"; Value = "Yes"; VariantName = "[No Variations]"
Add component (AddParameter): Name = "Mount"; Value = "Through Hole"; VariantName = "[No Variations]"
Add component (AddParameter): Name = "Number of Pins"; Value = "2"; VariantName = "[No Variations]"
Add component (AddParameter): Name = "Number of Rows"; Value = "1"; VariantName = "[No Variations]"
Add component (AddParameter): Name = "Operating Temperature Max"; Value = "105°C"; VariantName = "[No Variations]"
Add component (AddParameter): Name = "Operating Temperature Min"; Value = "-40°C"; VariantName = "[No Variations]"
Add component (AddParameter): Name = "Orientation"; Value = "Horizontal"; VariantName = "[No Variations]"
Add component (AddParameter): Name = "Packaging"; Value = "Box"; VariantName = "[No Variations]"
Add component (AddParameter): Name = "Pitch"; Value = "3.5mm"; VariantName = "[No Variations]"
Add component (AddParameter): Name = "Rated Current"; Value = "10A"; VariantName = "[No Variations]"
Add component (AddParameter): Name = "Supplier 1 Name"; Value = "Mouser"; VariantName = "[No Variations]"
Add component (AddParameter): Name = "Supplier 1 SN"; Value = "N/A"; VariantName = "[No Variations]"
Add component (AddParameter): Name = "Supplier 1 URL"; Value = "N/A"; VariantName = "[No Variations]"
Add component (AddParameter): Name = "Supplier 2 Name"; Value = "Digi-Key"; VariantName = "[No Variations]"
Add component (AddParameter): Name = "Supplier 2 SN"; Value = "N/A"; VariantName = "[No Variations]"
Add component (AddParameter): Name = "Supplier 2 URL"; Value = "N/A"; VariantName = "[No Variations]"
Add component (AddParameter): Name = "Supplier 3 Name"; Value = "thegioiic"; VariantName = "[No Variations]"
Add component (AddParameter): Name = "Supplier 3 SN"; Value = "N/A"; VariantName = "[No Variations]"
Add component (AddParameter): Name = "Supplier 3 URL"; Value = "https://www.thegioiic.com/kf350-2-v-domino-2-chan-thang-3-5mm-300v-10a-han-pcb"; VariantName = "[No Variations]"
Add component (AddParameter): Name = "Value"; Value = "10A, 300V"; VariantName = "[No Variations]"
Add component (AddParameter): Name = "Working Voltage"; Value = "300V"; VariantName = "[No Variations]"
Added Component: Designator=J3(691214110002)
Add component (AddParameter): Name = "Application"; Value = "Rising Cage Clamp"; VariantName = "[No Variations]"
Add component (AddParameter): Name = "Category"; Value = "Terminal Blocks"; VariantName = "[No Variations]"
Add component (AddParameter): Name = "ComponentLink1Description"; Value = "Website Link"; VariantName = "[No Variations]"
Add component (AddParameter): Name = "ComponentLink1URL"; Value = "https://www.we-online.com/redexpert/article/691214110002?ad"; VariantName = "[No Variations]"
Add component (AddParameter): Name = "ComponentLink2Description"; Value = "Supplier 1 URL"; VariantName = "[No Variations]"
Add component (AddParameter): Name = "ComponentLink2URL"; Value = "N/A"; VariantName = "[No Variations]"
Add component (AddParameter): Name = "ComponentLink3Description"; Value = "Supplier 2 URL"; VariantName = "[No Variations]"
Add component (AddParameter): Name = "ComponentLink3URL"; Value = "N/A"; VariantName = "[No Variations]"
Add component (AddParameter): Name = "ComponentLink4Description"; Value = "Supplier 3 URL"; VariantName = "[No Variations]"
Add component (AddParameter): Name = "ComponentLink4URL"; Value = "https://www.thegioiic.com/kf350-2-v-domino-2-chan-thang-3-5mm-300v-10a-han-pcb"; VariantName = "[No Variations]"
Add component (AddParameter): Name = "Manufacturer"; Value = "Wurth Elektronik"; VariantName = "[No Variations]"
Add component (AddParameter): Name = "Manufacturer Part Number"; Value = "691214110002"; VariantName = "[No Variations]"
Add component (AddParameter): Name = "Match Code"; Value = "WR-TBL"; VariantName = "[No Variations]"
Add component (AddParameter): Name = "Modularity"; Value = "Yes"; VariantName = "[No Variations]"
Add component (AddParameter): Name = "Mount"; Value = "Through Hole"; VariantName = "[No Variations]"
Add component (AddParameter): Name = "Number of Pins"; Value = "2"; VariantName = "[No Variations]"
Add component (AddParameter): Name = "Number of Rows"; Value = "1"; VariantName = "[No Variations]"
Add component (AddParameter): Name = "Operating Temperature Max"; Value = "105°C"; VariantName = "[No Variations]"
Add component (AddParameter): Name = "Operating Temperature Min"; Value = "-40°C"; VariantName = "[No Variations]"
Add component (AddParameter): Name = "Orientation"; Value = "Horizontal"; VariantName = "[No Variations]"
Add component (AddParameter): Name = "Packaging"; Value = "Box"; VariantName = "[No Variations]"
Add component (AddParameter): Name = "Pitch"; Value = "3.5mm"; VariantName = "[No Variations]"
Add component (AddParameter): Name = "Rated Current"; Value = "10A"; VariantName = "[No Variations]"
Add component (AddParameter): Name = "Supplier 1 Name"; Value = "Mouser"; VariantName = "[No Variations]"
Add component (AddParameter): Name = "Supplier 1 SN"; Value = "N/A"; VariantName = "[No Variations]"
Add component (AddParameter): Name = "Supplier 1 URL"; Value = "N/A"; VariantName = "[No Variations]"
Add component (AddParameter): Name = "Supplier 2 Name"; Value = "Digi-Key"; VariantName = "[No Variations]"
Add component (AddParameter): Name = "Supplier 2 SN"; Value = "N/A"; VariantName = "[No Variations]"
Add component (AddParameter): Name = "Supplier 2 URL"; Value = "N/A"; VariantName = "[No Variations]"
Add component (AddParameter): Name = "Supplier 3 Name"; Value = "thegioiic"; VariantName = "[No Variations]"
Add component (AddParameter): Name = "Supplier 3 SN"; Value = "N/A"; VariantName = "[No Variations]"
Add component (AddParameter): Name = "Supplier 3 URL"; Value = "https://www.thegioiic.com/kf350-2-v-domino-2-chan-thang-3-5mm-300v-10a-han-pcb"; VariantName = "[No Variations]"
Add component (AddParameter): Name = "Value"; Value = "10A, 300V"; VariantName = "[No Variations]"
Add component (AddParameter): Name = "Working Voltage"; Value = "300V"; VariantName = "[No Variations]"
Added Component: Designator=J4(691214110002)
Add component (AddParameter): Name = "Application"; Value = "Rising Cage Clamp"; VariantName = "[No Variations]"
Add component (AddParameter): Name = "Category"; Value = "Terminal Blocks"; VariantName = "[No Variations]"
Add component (AddParameter): Name = "ComponentLink1Description"; Value = "Website Link"; VariantName = "[No Variations]"
Add component (AddParameter): Name = "ComponentLink1URL"; Value = "https://www.we-online.com/redexpert/article/691214110002?ad"; VariantName = "[No Variations]"
Add component (AddParameter): Name = "ComponentLink2Description"; Value = "Supplier 1 URL"; VariantName = "[No Variations]"
Add component (AddParameter): Name = "ComponentLink2URL"; Value = "N/A"; VariantName = "[No Variations]"
Add component (AddParameter): Name = "ComponentLink3Description"; Value = "Supplier 2 URL"; VariantName = "[No Variations]"
Add component (AddParameter): Name = "ComponentLink3URL"; Value = "N/A"; VariantName = "[No Variations]"
Add component (AddParameter): Name = "ComponentLink4Description"; Value = "Supplier 3 URL"; VariantName = "[No Variations]"
Add component (AddParameter): Name = "ComponentLink4URL"; Value = "https://www.thegioiic.com/kf350-2-v-domino-2-chan-thang-3-5mm-300v-10a-han-pcb"; VariantName = "[No Variations]"
Add component (AddParameter): Name = "Manufacturer"; Value = "Wurth Elektronik"; VariantName = "[No Variations]"
Add component (AddParameter): Name = "Manufacturer Part Number"; Value = "691214110002"; VariantName = "[No Variations]"
Add component (AddParameter): Name = "Match Code"; Value = "WR-TBL"; VariantName = "[No Variations]"
Add component (AddParameter): Name = "Modularity"; Value = "Yes"; VariantName = "[No Variations]"
Add component (AddParameter): Name = "Mount"; Value = "Through Hole"; VariantName = "[No Variations]"
Add component (AddParameter): Name = "Number of Pins"; Value = "2"; VariantName = "[No Variations]"
Add component (AddParameter): Name = "Number of Rows"; Value = "1"; VariantName = "[No Variations]"
Add component (AddParameter): Name = "Operating Temperature Max"; Value = "105°C"; VariantName = "[No Variations]"
Add component (AddParameter): Name = "Operating Temperature Min"; Value = "-40°C"; VariantName = "[No Variations]"
Add component (AddParameter): Name = "Orientation"; Value = "Horizontal"; VariantName = "[No Variations]"
Add component (AddParameter): Name = "Packaging"; Value = "Box"; VariantName = "[No Variations]"
Add component (AddParameter): Name = "Pitch"; Value = "3.5mm"; VariantName = "[No Variations]"
Add component (AddParameter): Name = "Rated Current"; Value = "10A"; VariantName = "[No Variations]"
Add component (AddParameter): Name = "Supplier 1 Name"; Value = "Mouser"; VariantName = "[No Variations]"
Add component (AddParameter): Name = "Supplier 1 SN"; Value = "N/A"; VariantName = "[No Variations]"
Add component (AddParameter): Name = "Supplier 1 URL"; Value = "N/A"; VariantName = "[No Variations]"
Add component (AddParameter): Name = "Supplier 2 Name"; Value = "Digi-Key"; VariantName = "[No Variations]"
Add component (AddParameter): Name = "Supplier 2 SN"; Value = "N/A"; VariantName = "[No Variations]"
Add component (AddParameter): Name = "Supplier 2 URL"; Value = "N/A"; VariantName = "[No Variations]"
Add component (AddParameter): Name = "Supplier 3 Name"; Value = "thegioiic"; VariantName = "[No Variations]"
Add component (AddParameter): Name = "Supplier 3 SN"; Value = "N/A"; VariantName = "[No Variations]"
Add component (AddParameter): Name = "Supplier 3 URL"; Value = "https://www.thegioiic.com/kf350-2-v-domino-2-chan-thang-3-5mm-300v-10a-han-pcb"; VariantName = "[No Variations]"
Add component (AddParameter): Name = "Value"; Value = "10A, 300V"; VariantName = "[No Variations]"
Add component (AddParameter): Name = "Working Voltage"; Value = "300V"; VariantName = "[No Variations]"
Added Component: Designator=J5(691214110002)
Add component (AddParameter): Name = "Application"; Value = "Rising Cage Clamp"; VariantName = "[No Variations]"
Add component (AddParameter): Name = "Category"; Value = "Terminal Blocks"; VariantName = "[No Variations]"
Add component (AddParameter): Name = "ComponentLink1Description"; Value = "Website Link"; VariantName = "[No Variations]"
Add component (AddParameter): Name = "ComponentLink1URL"; Value = "https://www.we-online.com/redexpert/article/691214110002?ad"; VariantName = "[No Variations]"
Add component (AddParameter): Name = "ComponentLink2Description"; Value = "Supplier 1 URL"; VariantName = "[No Variations]"
Add component (AddParameter): Name = "ComponentLink2URL"; Value = "N/A"; VariantName = "[No Variations]"
Add component (AddParameter): Name = "ComponentLink3Description"; Value = "Supplier 2 URL"; VariantName = "[No Variations]"
Add component (AddParameter): Name = "ComponentLink3URL"; Value = "N/A"; VariantName = "[No Variations]"
Add component (AddParameter): Name = "ComponentLink4Description"; Value = "Supplier 3 URL"; VariantName = "[No Variations]"
Add component (AddParameter): Name = "ComponentLink4URL"; Value = "https://www.thegioiic.com/kf350-2-v-domino-2-chan-thang-3-5mm-300v-10a-han-pcb"; VariantName = "[No Variations]"
Add component (AddParameter): Name = "Manufacturer"; Value = "Wurth Elektronik"; VariantName = "[No Variations]"
Add component (AddParameter): Name = "Manufacturer Part Number"; Value = "691214110002"; VariantName = "[No Variations]"
Add component (AddParameter): Name = "Match Code"; Value = "WR-TBL"; VariantName = "[No Variations]"
Add component (AddParameter): Name = "Modularity"; Value = "Yes"; VariantName = "[No Variations]"
Add component (AddParameter): Name = "Mount"; Value = "Through Hole"; VariantName = "[No Variations]"
Add component (AddParameter): Name = "Number of Pins"; Value = "2"; VariantName = "[No Variations]"
Add component (AddParameter): Name = "Number of Rows"; Value = "1"; VariantName = "[No Variations]"
Add component (AddParameter): Name = "Operating Temperature Max"; Value = "105°C"; VariantName = "[No Variations]"
Add component (AddParameter): Name = "Operating Temperature Min"; Value = "-40°C"; VariantName = "[No Variations]"
Add component (AddParameter): Name = "Orientation"; Value = "Horizontal"; VariantName = "[No Variations]"
Add component (AddParameter): Name = "Packaging"; Value = "Box"; VariantName = "[No Variations]"
Add component (AddParameter): Name = "Pitch"; Value = "3.5mm"; VariantName = "[No Variations]"
Add component (AddParameter): Name = "Rated Current"; Value = "10A"; VariantName = "[No Variations]"
Add component (AddParameter): Name = "Supplier 1 Name"; Value = "Mouser"; VariantName = "[No Variations]"
Add component (AddParameter): Name = "Supplier 1 SN"; Value = "N/A"; VariantName = "[No Variations]"
Add component (AddParameter): Name = "Supplier 1 URL"; Value = "N/A"; VariantName = "[No Variations]"
Add component (AddParameter): Name = "Supplier 2 Name"; Value = "Digi-Key"; VariantName = "[No Variations]"
Add component (AddParameter): Name = "Supplier 2 SN"; Value = "N/A"; VariantName = "[No Variations]"
Add component (AddParameter): Name = "Supplier 2 URL"; Value = "N/A"; VariantName = "[No Variations]"
Add component (AddParameter): Name = "Supplier 3 Name"; Value = "thegioiic"; VariantName = "[No Variations]"
Add component (AddParameter): Name = "Supplier 3 SN"; Value = "N/A"; VariantName = "[No Variations]"
Add component (AddParameter): Name = "Supplier 3 URL"; Value = "https://www.thegioiic.com/kf350-2-v-domino-2-chan-thang-3-5mm-300v-10a-han-pcb"; VariantName = "[No Variations]"
Add component (AddParameter): Name = "Value"; Value = "10A, 300V"; VariantName = "[No Variations]"
Add component (AddParameter): Name = "Working Voltage"; Value = "300V"; VariantName = "[No Variations]"
Added Component: Designator=J6(691214110002)
Add component (AddParameter): Name = "Application"; Value = "Rising Cage Clamp"; VariantName = "[No Variations]"
Add component (AddParameter): Name = "Category"; Value = "Terminal Blocks"; VariantName = "[No Variations]"
Add component (AddParameter): Name = "ComponentLink1Description"; Value = "Website Link"; VariantName = "[No Variations]"
Add component (AddParameter): Name = "ComponentLink1URL"; Value = "https://www.we-online.com/redexpert/article/691214110002?ad"; VariantName = "[No Variations]"
Add component (AddParameter): Name = "ComponentLink2Description"; Value = "Supplier 1 URL"; VariantName = "[No Variations]"
Add component (AddParameter): Name = "ComponentLink2URL"; Value = "N/A"; VariantName = "[No Variations]"
Add component (AddParameter): Name = "ComponentLink3Description"; Value = "Supplier 2 URL"; VariantName = "[No Variations]"
Add component (AddParameter): Name = "ComponentLink3URL"; Value = "N/A"; VariantName = "[No Variations]"
Add component (AddParameter): Name = "ComponentLink4Description"; Value = "Supplier 3 URL"; VariantName = "[No Variations]"
Add component (AddParameter): Name = "ComponentLink4URL"; Value = "https://www.thegioiic.com/kf350-2-v-domino-2-chan-thang-3-5mm-300v-10a-han-pcb"; VariantName = "[No Variations]"
Add component (AddParameter): Name = "Manufacturer"; Value = "Wurth Elektronik"; VariantName = "[No Variations]"
Add component (AddParameter): Name = "Manufacturer Part Number"; Value = "691214110002"; VariantName = "[No Variations]"
Add component (AddParameter): Name = "Match Code"; Value = "WR-TBL"; VariantName = "[No Variations]"
Add component (AddParameter): Name = "Modularity"; Value = "Yes"; VariantName = "[No Variations]"
Add component (AddParameter): Name = "Mount"; Value = "Through Hole"; VariantName = "[No Variations]"
Add component (AddParameter): Name = "Number of Pins"; Value = "2"; VariantName = "[No Variations]"
Add component (AddParameter): Name = "Number of Rows"; Value = "1"; VariantName = "[No Variations]"
Add component (AddParameter): Name = "Operating Temperature Max"; Value = "105°C"; VariantName = "[No Variations]"
Add component (AddParameter): Name = "Operating Temperature Min"; Value = "-40°C"; VariantName = "[No Variations]"
Add component (AddParameter): Name = "Orientation"; Value = "Horizontal"; VariantName = "[No Variations]"
Add component (AddParameter): Name = "Packaging"; Value = "Box"; VariantName = "[No Variations]"
Add component (AddParameter): Name = "Pitch"; Value = "3.5mm"; VariantName = "[No Variations]"
Add component (AddParameter): Name = "Rated Current"; Value = "10A"; VariantName = "[No Variations]"
Add component (AddParameter): Name = "Supplier 1 Name"; Value = "Mouser"; VariantName = "[No Variations]"
Add component (AddParameter): Name = "Supplier 1 SN"; Value = "N/A"; VariantName = "[No Variations]"
Add component (AddParameter): Name = "Supplier 1 URL"; Value = "N/A"; VariantName = "[No Variations]"
Add component (AddParameter): Name = "Supplier 2 Name"; Value = "Digi-Key"; VariantName = "[No Variations]"
Add component (AddParameter): Name = "Supplier 2 SN"; Value = "N/A"; VariantName = "[No Variations]"
Add component (AddParameter): Name = "Supplier 2 URL"; Value = "N/A"; VariantName = "[No Variations]"
Add component (AddParameter): Name = "Supplier 3 Name"; Value = "thegioiic"; VariantName = "[No Variations]"
Add component (AddParameter): Name = "Supplier 3 SN"; Value = "N/A"; VariantName = "[No Variations]"
Add component (AddParameter): Name = "Supplier 3 URL"; Value = "https://www.thegioiic.com/kf350-2-v-domino-2-chan-thang-3-5mm-300v-10a-han-pcb"; VariantName = "[No Variations]"
Add component (AddParameter): Name = "Value"; Value = "10A, 300V"; VariantName = "[No Variations]"
Add component (AddParameter): Name = "Working Voltage"; Value = "300V"; VariantName = "[No Variations]"
Added Component: Designator=K1(HF46F)
Add component (AddParameter): Name = "Associated Relay Series"; Value = "N/A"; VariantName = "[No Variations]"
Add component (AddParameter): Name = "Coil Current"; Value = "N/A"; VariantName = "[No Variations]"
Add component (AddParameter): Name = "Coil Resistance"; Value = "N/A"; VariantName = "[No Variations]"
Add component (AddParameter): Name = "Coil Voltage"; Value = "12 VDC"; VariantName = "[No Variations]"
Add component (AddParameter): Name = "ComponentLink1Description"; Value = "Datasheet link"; VariantName = "[No Variations]"
Add component (AddParameter): Name = "ComponentLink1URL"; Value = "https://source.hongfa.com//pdf/web/viewer.html?file=/Uploads/Product/PDF/HF46F-G_en.pdf?timestamp=1691116874"; VariantName = "[No Variations]"
Add component (AddParameter): Name = "ComponentLink2Description"; Value = "Supplier 1 URL"; VariantName = "[No Variations]"
Add component (AddParameter): Name = "ComponentLink2URL"; Value = "N/A"; VariantName = "[No Variations]"
Add component (AddParameter): Name = "ComponentLink3Description"; Value = "Supplier 2 URL"; VariantName = "[No Variations]"
Add component (AddParameter): Name = "ComponentLink3URL"; Value = "N/A"; VariantName = "[No Variations]"
Add component (AddParameter): Name = "ComponentLink4Description"; Value = "Supplier 3 URL"; VariantName = "[No Variations]"
Add component (AddParameter): Name = "ComponentLink4URL"; Value = "https://www.thegioiic.com/hf46f-g-12-hs1-ro-le-12vdc-7a-spst-no-4-chan"; VariantName = "[No Variations]"
Add component (AddParameter): Name = "Contact Current Rating"; Value = "7A"; VariantName = "[No Variations]"
Add component (AddParameter): Name = "Power Consumption"; Value = "N/A"; VariantName = "[No Variations]"
Add component (AddParameter): Name = "Supplier 1 Name"; Value = "Mouser"; VariantName = "[No Variations]"
Add component (AddParameter): Name = "Supplier 1 SN"; Value = "N/A"; VariantName = "[No Variations]"
Add component (AddParameter): Name = "Supplier 1 URL"; Value = "N/A"; VariantName = "[No Variations]"
Add component (AddParameter): Name = "Supplier 2 Name"; Value = "Digi-Key"; VariantName = "[No Variations]"
Add component (AddParameter): Name = "Supplier 2 SN"; Value = "N/A"; VariantName = "[No Variations]"
Add component (AddParameter): Name = "Supplier 2 URL"; Value = "N/A"; VariantName = "[No Variations]"
Add component (AddParameter): Name = "Supplier 3 Name"; Value = "thegioiic"; VariantName = "[No Variations]"
Add component (AddParameter): Name = "Supplier 3 SN"; Value = "N/A"; VariantName = "[No Variations]"
Add component (AddParameter): Name = "Supplier 3 URL"; Value = "https://www.thegioiic.com/hf46f-g-12-hs1-ro-le-12vdc-7a-spst-no-4-chan"; VariantName = "[No Variations]"
Add component (AddParameter): Name = "Switching Voltage Max"; Value = "277 VAC, 30 VDC"; VariantName = "[No Variations]"
Add component (AddParameter): Name = "Value"; Value = "277 VAC, 30 VDC"; VariantName = "[No Variations]"
Added Component: Designator=K2(HF46F)
Add component (AddParameter): Name = "Associated Relay Series"; Value = "N/A"; VariantName = "[No Variations]"
Add component (AddParameter): Name = "Coil Current"; Value = "N/A"; VariantName = "[No Variations]"
Add component (AddParameter): Name = "Coil Resistance"; Value = "N/A"; VariantName = "[No Variations]"
Add component (AddParameter): Name = "Coil Voltage"; Value = "12 VDC"; VariantName = "[No Variations]"
Add component (AddParameter): Name = "ComponentLink1Description"; Value = "Datasheet link"; VariantName = "[No Variations]"
Add component (AddParameter): Name = "ComponentLink1URL"; Value = "https://source.hongfa.com//pdf/web/viewer.html?file=/Uploads/Product/PDF/HF46F-G_en.pdf?timestamp=1691116874"; VariantName = "[No Variations]"
Add component (AddParameter): Name = "ComponentLink2Description"; Value = "Supplier 1 URL"; VariantName = "[No Variations]"
Add component (AddParameter): Name = "ComponentLink2URL"; Value = "N/A"; VariantName = "[No Variations]"
Add component (AddParameter): Name = "ComponentLink3Description"; Value = "Supplier 2 URL"; VariantName = "[No Variations]"
Add component (AddParameter): Name = "ComponentLink3URL"; Value = "N/A"; VariantName = "[No Variations]"
Add component (AddParameter): Name = "ComponentLink4Description"; Value = "Supplier 3 URL"; VariantName = "[No Variations]"
Add component (AddParameter): Name = "ComponentLink4URL"; Value = "https://www.thegioiic.com/hf46f-g-12-hs1-ro-le-12vdc-7a-spst-no-4-chan"; VariantName = "[No Variations]"
Add component (AddParameter): Name = "Contact Current Rating"; Value = "7A"; VariantName = "[No Variations]"
Add component (AddParameter): Name = "Power Consumption"; Value = "N/A"; VariantName = "[No Variations]"
Add component (AddParameter): Name = "Supplier 1 Name"; Value = "Mouser"; VariantName = "[No Variations]"
Add component (AddParameter): Name = "Supplier 1 SN"; Value = "N/A"; VariantName = "[No Variations]"
Add component (AddParameter): Name = "Supplier 1 URL"; Value = "N/A"; VariantName = "[No Variations]"
Add component (AddParameter): Name = "Supplier 2 Name"; Value = "Digi-Key"; VariantName = "[No Variations]"
Add component (AddParameter): Name = "Supplier 2 SN"; Value = "N/A"; VariantName = "[No Variations]"
Add component (AddParameter): Name = "Supplier 2 URL"; Value = "N/A"; VariantName = "[No Variations]"
Add component (AddParameter): Name = "Supplier 3 Name"; Value = "thegioiic"; VariantName = "[No Variations]"
Add component (AddParameter): Name = "Supplier 3 SN"; Value = "N/A"; VariantName = "[No Variations]"
Add component (AddParameter): Name = "Supplier 3 URL"; Value = "https://www.thegioiic.com/hf46f-g-12-hs1-ro-le-12vdc-7a-spst-no-4-chan"; VariantName = "[No Variations]"
Add component (AddParameter): Name = "Switching Voltage Max"; Value = "277 VAC, 30 VDC"; VariantName = "[No Variations]"
Add component (AddParameter): Name = "Value"; Value = "277 VAC, 30 VDC"; VariantName = "[No Variations]"
Added Component: Designator=K3(HF46F)
Add component (AddParameter): Name = "Associated Relay Series"; Value = "N/A"; VariantName = "[No Variations]"
Add component (AddParameter): Name = "Coil Current"; Value = "N/A"; VariantName = "[No Variations]"
Add component (AddParameter): Name = "Coil Resistance"; Value = "N/A"; VariantName = "[No Variations]"
Add component (AddParameter): Name = "Coil Voltage"; Value = "12 VDC"; VariantName = "[No Variations]"
Add component (AddParameter): Name = "ComponentLink1Description"; Value = "Datasheet link"; VariantName = "[No Variations]"
Add component (AddParameter): Name = "ComponentLink1URL"; Value = "https://source.hongfa.com//pdf/web/viewer.html?file=/Uploads/Product/PDF/HF46F-G_en.pdf?timestamp=1691116874"; VariantName = "[No Variations]"
Add component (AddParameter): Name = "ComponentLink2Description"; Value = "Supplier 1 URL"; VariantName = "[No Variations]"
Add component (AddParameter): Name = "ComponentLink2URL"; Value = "N/A"; VariantName = "[No Variations]"
Add component (AddParameter): Name = "ComponentLink3Description"; Value = "Supplier 2 URL"; VariantName = "[No Variations]"
Add component (AddParameter): Name = "ComponentLink3URL"; Value = "N/A"; VariantName = "[No Variations]"
Add component (AddParameter): Name = "ComponentLink4Description"; Value = "Supplier 3 URL"; VariantName = "[No Variations]"
Add component (AddParameter): Name = "ComponentLink4URL"; Value = "https://www.thegioiic.com/hf46f-g-12-hs1-ro-le-12vdc-7a-spst-no-4-chan"; VariantName = "[No Variations]"
Add component (AddParameter): Name = "Contact Current Rating"; Value = "7A"; VariantName = "[No Variations]"
Add component (AddParameter): Name = "Power Consumption"; Value = "N/A"; VariantName = "[No Variations]"
Add component (AddParameter): Name = "Supplier 1 Name"; Value = "Mouser"; VariantName = "[No Variations]"
Add component (AddParameter): Name = "Supplier 1 SN"; Value = "N/A"; VariantName = "[No Variations]"
Add component (AddParameter): Name = "Supplier 1 URL"; Value = "N/A"; VariantName = "[No Variations]"
Add component (AddParameter): Name = "Supplier 2 Name"; Value = "Digi-Key"; VariantName = "[No Variations]"
Add component (AddParameter): Name = "Supplier 2 SN"; Value = "N/A"; VariantName = "[No Variations]"
Add component (AddParameter): Name = "Supplier 2 URL"; Value = "N/A"; VariantName = "[No Variations]"
Add component (AddParameter): Name = "Supplier 3 Name"; Value = "thegioiic"; VariantName = "[No Variations]"
Add component (AddParameter): Name = "Supplier 3 SN"; Value = "N/A"; VariantName = "[No Variations]"
Add component (AddParameter): Name = "Supplier 3 URL"; Value = "https://www.thegioiic.com/hf46f-g-12-hs1-ro-le-12vdc-7a-spst-no-4-chan"; VariantName = "[No Variations]"
Add component (AddParameter): Name = "Switching Voltage Max"; Value = "277 VAC, 30 VDC"; VariantName = "[No Variations]"
Add component (AddParameter): Name = "Value"; Value = "277 VAC, 30 VDC"; VariantName = "[No Variations]"
Added Component: Designator=K4(HF46F)
Add component (AddParameter): Name = "Associated Relay Series"; Value = "N/A"; VariantName = "[No Variations]"
Add component (AddParameter): Name = "Coil Current"; Value = "N/A"; VariantName = "[No Variations]"
Add component (AddParameter): Name = "Coil Resistance"; Value = "N/A"; VariantName = "[No Variations]"
Add component (AddParameter): Name = "Coil Voltage"; Value = "12 VDC"; VariantName = "[No Variations]"
Add component (AddParameter): Name = "ComponentLink1Description"; Value = "Datasheet link"; VariantName = "[No Variations]"
Add component (AddParameter): Name = "ComponentLink1URL"; Value = "https://source.hongfa.com//pdf/web/viewer.html?file=/Uploads/Product/PDF/HF46F-G_en.pdf?timestamp=1691116874"; VariantName = "[No Variations]"
Add component (AddParameter): Name = "ComponentLink2Description"; Value = "Supplier 1 URL"; VariantName = "[No Variations]"
Add component (AddParameter): Name = "ComponentLink2URL"; Value = "N/A"; VariantName = "[No Variations]"
Add component (AddParameter): Name = "ComponentLink3Description"; Value = "Supplier 2 URL"; VariantName = "[No Variations]"
Add component (AddParameter): Name = "ComponentLink3URL"; Value = "N/A"; VariantName = "[No Variations]"
Add component (AddParameter): Name = "ComponentLink4Description"; Value = "Supplier 3 URL"; VariantName = "[No Variations]"
Add component (AddParameter): Name = "ComponentLink4URL"; Value = "https://www.thegioiic.com/hf46f-g-12-hs1-ro-le-12vdc-7a-spst-no-4-chan"; VariantName = "[No Variations]"
Add component (AddParameter): Name = "Contact Current Rating"; Value = "7A"; VariantName = "[No Variations]"
Add component (AddParameter): Name = "Power Consumption"; Value = "N/A"; VariantName = "[No Variations]"
Add component (AddParameter): Name = "Supplier 1 Name"; Value = "Mouser"; VariantName = "[No Variations]"
Add component (AddParameter): Name = "Supplier 1 SN"; Value = "N/A"; VariantName = "[No Variations]"
Add component (AddParameter): Name = "Supplier 1 URL"; Value = "N/A"; VariantName = "[No Variations]"
Add component (AddParameter): Name = "Supplier 2 Name"; Value = "Digi-Key"; VariantName = "[No Variations]"
Add component (AddParameter): Name = "Supplier 2 SN"; Value = "N/A"; VariantName = "[No Variations]"
Add component (AddParameter): Name = "Supplier 2 URL"; Value = "N/A"; VariantName = "[No Variations]"
Add component (AddParameter): Name = "Supplier 3 Name"; Value = "thegioiic"; VariantName = "[No Variations]"
Add component (AddParameter): Name = "Supplier 3 SN"; Value = "N/A"; VariantName = "[No Variations]"
Add component (AddParameter): Name = "Supplier 3 URL"; Value = "https://www.thegioiic.com/hf46f-g-12-hs1-ro-le-12vdc-7a-spst-no-4-chan"; VariantName = "[No Variations]"
Add component (AddParameter): Name = "Switching Voltage Max"; Value = "277 VAC, 30 VDC"; VariantName = "[No Variations]"
Add component (AddParameter): Name = "Value"; Value = "277 VAC, 30 VDC"; VariantName = "[No Variations]"
Added Component: Designator=Q1(SOT-23)
Add component (AddParameter): Name = "Value"; Value = "C9014"; VariantName = "[No Variations]"
Added Component: Designator=Q2(SOT-23)
Add component (AddParameter): Name = "Value"; Value = "C9014"; VariantName = "[No Variations]"
Added Component: Designator=Q3(SOT-23)
Add component (AddParameter): Name = "Value"; Value = "C9014"; VariantName = "[No Variations]"
Added Component: Designator=Q4(SOT-23)
Add component (AddParameter): Name = "Value"; Value = "C9014"; VariantName = "[No Variations]"
Added Component: Designator=Q5(SOT-23)
Add component (AddParameter): Name = "Value"; Value = "C9014"; VariantName = "[No Variations]"
Added Component: Designator=Q6(SOT-23)
Add component (AddParameter): Name = "Value"; Value = "C9014"; VariantName = "[No Variations]"
Added Component: Designator=Q7(SOT-23)
Add component (AddParameter): Name = "Value"; Value = "C9014"; VariantName = "[No Variations]"
Added Component: Designator=R1(RES-SM-0805)
Add component (AddParameter): Name = "Value"; Value = "10K/1%"; VariantName = "[No Variations]"
Added Component: Designator=R2(RES-SM-0805)
Add component (AddParameter): Name = "Value"; Value = "10K/1%"; VariantName = "[No Variations]"
Added Component: Designator=R3(RES-SM-0805)
Add component (AddParameter): Name = "Value"; Value = "10K/1%"; VariantName = "[No Variations]"
Added Component: Designator=R4(RES-SM-0805)
Add component (AddParameter): Name = "Value"; Value = "10K/1%"; VariantName = "[No Variations]"
Added Component: Designator=R5(RES-SM-0805)
Add component (AddParameter): Name = "Value"; Value = "300/1%"; VariantName = "[No Variations]"
Added Component: Designator=R6(RES-SM-0805)
Add component (AddParameter): Name = "Value"; Value = "10K/1%"; VariantName = "[No Variations]"
Added Component: Designator=R7(RES-SM-0805)
Add component (AddParameter): Name = "Value"; Value = "10K/1%"; VariantName = "[No Variations]"
Added Component: Designator=R8(RES-SM-0805)
Add component (AddParameter): Name = "Value"; Value = "300/1%"; VariantName = "[No Variations]"
Added Component: Designator=R9(RES-SM-0805)
Add component (AddParameter): Name = "Value"; Value = "10K/1%"; VariantName = "[No Variations]"
Added Component: Designator=R10(RES-SM-0805)
Add component (AddParameter): Name = "Value"; Value = "10K/1%"; VariantName = "[No Variations]"
Added Component: Designator=R11(RES-SM-0805)
Add component (AddParameter): Name = "Value"; Value = "5.1K/1%"; VariantName = "[No Variations]"
Added Component: Designator=R12(RES-SM-0805)
Add component (AddParameter): Name = "Value"; Value = "10K/1%"; VariantName = "[No Variations]"
Added Component: Designator=R13(RES-SM-0805)
Add component (AddParameter): Name = "Value"; Value = "1K/1%"; VariantName = "[No Variations]"
Added Component: Designator=R14(RES-SM-0805)
Add component (AddParameter): Name = "Value"; Value = "100/1%"; VariantName = "[No Variations]"
Added Component: Designator=R15(RES-SM-0805)
Add component (AddParameter): Name = "Value"; Value = "100/1%"; VariantName = "[No Variations]"
Added Component: Designator=R16(RES-SM-0805)
Add component (AddParameter): Name = "Value"; Value = "10K/1%"; VariantName = "[No Variations]"
Added Component: Designator=R17(RES-SM-0805)
Add component (AddParameter): Name = "Value"; Value = "10K/1%"; VariantName = "[No Variations]"
Added Component: Designator=R18(RES-SM-0805)
Add component (AddParameter): Name = "Value"; Value = "100/1%"; VariantName = "[No Variations]"
Added Component: Designator=R19(RES-SM-0805)
Add component (AddParameter): Name = "Value"; Value = "100/1%"; VariantName = "[No Variations]"
Added Component: Designator=R20(RES-SM-0805)
Add component (AddParameter): Name = "Value"; Value = "10K/1%"; VariantName = "[No Variations]"
Added Component: Designator=R21(RES-SM-0805)
Add component (AddParameter): Name = "Value"; Value = "10K/1%"; VariantName = "[No Variations]"
Added Component: Designator=SW1(418117270904)
Add component (AddParameter): Name = "Actuator Type"; Value = "Raise Type"; VariantName = "[No Variations]"
Add component (AddParameter): Name = "Category"; Value = "Dip Switches"; VariantName = "[No Variations]"
Add component (AddParameter): Name = "ComponentLink2Description"; Value = "Datasheet Link"; VariantName = "[No Variations]"
Add component (AddParameter): Name = "ComponentLink2URL"; Value = "https://www.we-online.com/redexpert/spec/418117270904?ad"; VariantName = "[No Variations]"
Add component (AddParameter): Name = "Contact Material"; Value = "Copper Alloy"; VariantName = "[No Variations]"
Add component (AddParameter): Name = "Contact Plating"; Value = "Gold"; VariantName = "[No Variations]"
Add component (AddParameter): Name = "Manufacturer"; Value = "Wurth Elektronik"; VariantName = "[No Variations]"
Add component (AddParameter): Name = "Manufacturer Part Number"; Value = "418117270904"; VariantName = "[No Variations]"
Add component (AddParameter): Name = "Match Code"; Value = "WS-DITV"; VariantName = "[No Variations]"
Add component (AddParameter): Name = "Mount"; Value = "Through Hole"; VariantName = "[No Variations]"
Add component (AddParameter): Name = "Number of Poles"; Value = "4"; VariantName = "[No Variations]"
Add component (AddParameter): Name = "Operating Temperature Max"; Value = "85°C"; VariantName = "[No Variations]"
Add component (AddParameter): Name = "Operating Temperature Min"; Value = "-40°C"; VariantName = "[No Variations]"
Add component (AddParameter): Name = "Operation Force"; Value = "800g"; VariantName = "[No Variations]"
Add component (AddParameter): Name = "Packaging"; Value = "Tube"; VariantName = "[No Variations]"
Add component (AddParameter): Name = "Pitch"; Value = "2.54mm"; VariantName = "[No Variations]"
Add component (AddParameter): Name = "Rated Current Non-Switching"; Value = "100mA"; VariantName = "[No Variations]"
Add component (AddParameter): Name = "Rated Current Switching"; Value = "25mA"; VariantName = "[No Variations]"
Add component (AddParameter): Name = "Rated Voltage Non-Switching"; Value = "50VDC"; VariantName = "[No Variations]"
Add component (AddParameter): Name = "Rated Voltage Switching"; Value = "24VDC"; VariantName = "[No Variations]"
Add component (AddParameter): Name = "Supplier 1 Name"; Value = "Mouser"; VariantName = "[No Variations]"
Add component (AddParameter): Name = "Supplier 1 SN"; Value = "710-418117270904"; VariantName = "[No Variations]"
Add component (AddParameter): Name = "Supplier 1 URL"; Value = "https://www.mouser.com/ProductDetail/Wurth-Elektronik/418117270904?qs=wr8lucFkNMUW2I6n2hVTKw%3D%3D"; VariantName = "[No Variations]"
Add component (AddParameter): Name = "Supplier 2 Name"; Value = "Digi-Key"; VariantName = "[No Variations]"
Add component (AddParameter): Name = "Supplier 2 SN"; Value = "732-3834-5-ND"; VariantName = "[No Variations]"
Add component (AddParameter): Name = "Supplier 2 URL"; Value = "https://www.digikey.com/en/products/detail/w%C3%BCrth-elektronik/418117270904/3174489"; VariantName = "[No Variations]"
Add component (AddParameter): Name = "Supplier 3 Name"; Value = "Thegioiic"; VariantName = "[No Variations]"
Add component (AddParameter): Name = "Supplier 3 SN"; Value = "N/A"; VariantName = "[No Variations]"
Add component (AddParameter): Name = "Supplier 3 URL"; Value = "https://www.thegioiic.com/cong-tac-4-bit-dip-switch-xuyen-lo-2-54mm-mau-do"; VariantName = "[No Variations]"
Added Component: Designator=TP1(TP)
Added Component: Designator=TP2(TP)
Added Component: Designator=TP3(TP)
Added Component: Designator=TP4(TP)
Added Component: Designator=TP5(TP)
Added Component: Designator=TP6(TP)
Added Component: Designator=TP7(TP)
Added Component: Designator=TP8(TP)
Added Component: Designator=TP9(TP)
Added Component: Designator=TP10(TP)
Added Component: Designator=TP11(TP)
Added Component: Designator=TP12(TP)
Added Component: Designator=TP13(TP)
Added Component: Designator=TP14(TP)
Added Component: Designator=TP15(TP)
Added Component: Designator=TP16(TP)
Added Component: Designator=U1(STM32_LQPF48)
Add component (AddParameter): Name = "ComponentLink1Description"; Value = "Manufacturer Link"; VariantName = "[No Variations]"
Add component (AddParameter): Name = "ComponentLink1URL"; Value = "www.st.com/stm32"; VariantName = "[No Variations]"
Add component (AddParameter): Name = "ComponentLink2Description"; Value = "Datasheet"; VariantName = "[No Variations]"
Add component (AddParameter): Name = "ComponentLink2URL"; Value = "http://www.st.com/stonline/products/literature/ds/13587.pdf"; VariantName = "[No Variations]"
Add component (AddParameter): Name = "DatasheetVersion"; Value = "rev6, Mar-2008"; VariantName = "[No Variations]"
Add component (AddParameter): Name = "PackageDescription"; Value = "48-Pin Low-Profile Quad Flat Pack, 7 x 7 mm Body, 0.5 mm Pitch (LQFP48)"; VariantName = "[No Variations]"
Add component (AddParameter): Name = "PackageReference"; Value = "LQFP48"; VariantName = "[No Variations]"
Add component (AddParameter): Name = "PackageVersion"; Value = "Mar-2008"; VariantName = "[No Variations]"
Add component (AddParameter): Name = "Published"; Value = "30-May-2008"; VariantName = "[No Variations]"
Add component (AddParameter): Name = "Publisher"; Value = "Altium Limited"; VariantName = "[No Variations]"
Added Component: Designator=U2(Header 4 Pin)
Added Component: Designator=U3(SOT23-6)
Add component (AddParameter): Name = "Alternate Part Number-1"; Value = "NA"; VariantName = "[No Variations]"
Add component (AddParameter): Name = "Case/Package"; Value = "SOT-23-6"; VariantName = "[No Variations]"
Add component (AddParameter): Name = "Manufacturer"; Value = "Linear Technology/Analog Devices"; VariantName = "[No Variations]"
Add component (AddParameter): Name = "Manufacturer Part Number"; Value = "LTC6992IS6-1"; VariantName = "[No Variations]"
Add component (AddParameter): Name = "Supplier Part Number-1"; Value = "LTC6992IS6-1#TRMPBF"; VariantName = "[No Variations]"
Add component (AddParameter): Name = "Supplier-1"; Value = "Arrow"; VariantName = "[No Variations]"
Added Component: Designator=U4(SOIC16_50_284_25X90_SMT)
Add component (AddParameter): Name = "Alternate Part Number-1"; Value = "NA"; VariantName = "[No Variations]"
Add component (AddParameter): Name = "Case/Package"; Value = "SOIC16"; VariantName = "[No Variations]"
Add component (AddParameter): Name = "Manufacturer"; Value = "Olimex"; VariantName = "[No Variations]"
Add component (AddParameter): Name = "Manufacturer Part Number"; Value = "CH340C"; VariantName = "[No Variations]"
Add component (AddParameter): Name = "Supplier Part Number-1"; Value = "C84681"; VariantName = "[No Variations]"
Add component (AddParameter): Name = "Supplier-1"; Value = "LCSC"; VariantName = "[No Variations]"
Added Component: Designator=U5(header 14 pin)
Added Component: Designator=U6(header 6 pin)
Added Component: Designator=U7(Header 4 Pin)
Added Component: Designator=U8(Header 3 Pin)
Added Component: Designator=U9(Header 5 Pin)
Added Component: Designator=U10(SOP4)
Add component (AddParameter): Name = "Value"; Value = "PC817"; VariantName = "[No Variations]"
Added Component: Designator=U11(SOP4)
Add component (AddParameter): Name = "Value"; Value = "PC817"; VariantName = "[No Variations]"
Added Component: Designator=U12(SOP4)
Add component (AddParameter): Name = "Value"; Value = "PC817"; VariantName = "[No Variations]"
Added Component: Designator=U13(SOP4)
Add component (AddParameter): Name = "Value"; Value = "PC817"; VariantName = "[No Variations]"
Added Component: Designator=V1(Varistor)
Add component (AddParameter): Name = "Capacitance"; Value = "N/A"; VariantName = "[No Variations]"
Add component (AddParameter): Name = "ComponentLink1Description"; Value = "Datasheet link"; VariantName = "[No Variations]"
Add component (AddParameter): Name = "ComponentLink1URL"; Value = "N/A"; VariantName = "[No Variations]"
Add component (AddParameter): Name = "ComponentLink2Description"; Value = "Supplier 1 URL"; VariantName = "[No Variations]"
Add component (AddParameter): Name = "ComponentLink2URL"; Value = "N/A"; VariantName = "[No Variations]"
Add component (AddParameter): Name = "ComponentLink3Description"; Value = "Supplier 2 URL"; VariantName = "[No Variations]"
Add component (AddParameter): Name = "ComponentLink3URL"; Value = "N/A"; VariantName = "[No Variations]"
Add component (AddParameter): Name = "ComponentLink4Description"; Value = "Supplier 3 URL"; VariantName = "[No Variations]"
Add component (AddParameter): Name = "ComponentLink4URL"; Value = "N/A"; VariantName = "[No Variations]"
Add component (AddParameter): Name = "Diameter"; Value = "7mm"; VariantName = "[No Variations]"
Add component (AddParameter): Name = "Manufacture  Name"; Value = "Bourns"; VariantName = "[No Variations]"
Add component (AddParameter): Name = "Manufacture  SN"; Value = "7D471K"; VariantName = "[No Variations]"
Add component (AddParameter): Name = "Supplier 1 Name"; Value = "Mouser"; VariantName = "[No Variations]"
Add component (AddParameter): Name = "Supplier 1 SN"; Value = "N/A"; VariantName = "[No Variations]"
Add component (AddParameter): Name = "Supplier 1 URL"; Value = "N/A"; VariantName = "[No Variations]"
Add component (AddParameter): Name = "Supplier 2 Name"; Value = "Digi-Key"; VariantName = "[No Variations]"
Add component (AddParameter): Name = "Supplier 2 SN"; Value = "N/A"; VariantName = "[No Variations]"
Add component (AddParameter): Name = "Supplier 2 URL"; Value = "N/A"; VariantName = "[No Variations]"
Add component (AddParameter): Name = "Supplier 3 Name"; Value = "thegioiic"; VariantName = "[No Variations]"
Add component (AddParameter): Name = "Supplier 3 SN"; Value = "N/A"; VariantName = "[No Variations]"
Add component (AddParameter): Name = "Supplier 3 URL"; Value = "https://www.thegioiic.com/tu-chong-set-varistor-7d471k-300v"; VariantName = "[No Variations]"
Add component (AddParameter): Name = "Tolerance"; Value = "+/- 10%"; VariantName = "[No Variations]"
Add component (AddParameter): Name = "Value"; Value = "AC 300V"; VariantName = "[No Variations]"
Add component (AddParameter): Name = "Voltage"; Value = "300V"; VariantName = "[No Variations]"
Added Component: Designator=Y1(WE-XTAL_CFPX-180)
Add component (AddParameter): Name = "ComponentLink1Description"; Value = "Datasheet link"; VariantName = "[No Variations]"
Add component (AddParameter): Name = "ComponentLink1URL"; Value = "https://www.mouser.com/datasheet/2/905/c_NX3225SA_e-1317523.pdf"; VariantName = "[No Variations]"
Add component (AddParameter): Name = "ComponentLink2Description"; Value = "Supplier 1 URL"; VariantName = "[No Variations]"
Add component (AddParameter): Name = "ComponentLink2URL"; Value = "https://www.mouser.com/ProductDetail/NDK/NX3225SA-16.000M-STD-CRS-2?qs=55YtniHzbhB2yRxaVPeqhg%3D%3D"; VariantName = "[No Variations]"
Add component (AddParameter): Name = "ComponentLink3Description"; Value = "Supplier 2 URL"; VariantName = "[No Variations]"
Add component (AddParameter): Name = "ComponentLink3URL"; Value = "https://www.digikey.com/en/products/detail/ndk-america-inc/NX3225SA-16-000M-STD-CRS-2/1788469"; VariantName = "[No Variations]"
Add component (AddParameter): Name = "ComponentLink4Description"; Value = "Supplier 3 URL"; VariantName = "[No Variations]"
Add component (AddParameter): Name = "ComponentLink4URL"; Value = "https://www.thegioiic.com/thach-anh-16mhz-5032-4-chan-smd"; VariantName = "[No Variations]"
Add component (AddParameter): Name = "Frequency"; Value = "16MHz"; VariantName = "[No Variations]"
Add component (AddParameter): Name = "Frequency Stability"; Value = "+/-50ppm"; VariantName = "[No Variations]"
Add component (AddParameter): Name = "Frequency Tolerance"; Value = "+/-15ppm"; VariantName = "[No Variations]"
Add component (AddParameter): Name = "Load Capacitance"; Value = "8pF"; VariantName = "[No Variations]"
Add component (AddParameter): Name = "Manufacturer"; Value = "NDK"; VariantName = "[No Variations]"
Add component (AddParameter): Name = "Manufacturer Part Number"; Value = "NX3225SA-16.000M-STD-CRS-2"; VariantName = "[No Variations]"
Add component (AddParameter): Name = "Mounting Technology"; Value = "SMT"; VariantName = "[No Variations]"
Add component (AddParameter): Name = "Operating Temperature"; Value = "-10 to +60degC"; VariantName = "[No Variations]"
Add component (AddParameter): Name = "Size"; Value = "CFPX-104/5032"; VariantName = "[No Variations]"
Add component (AddParameter): Name = "Supplier 1 Name"; Value = "Mouser"; VariantName = "[No Variations]"
Add component (AddParameter): Name = "Supplier 1 SN"; Value = "344-NX3225SA16MCRS2"; VariantName = "[No Variations]"
Add component (AddParameter): Name = "Supplier 1 URL"; Value = "https://www.mouser.com/ProductDetail/NDK/NX3225SA-16.000M-STD-CRS-2?qs=55YtniHzbhB2yRxaVPeqhg%3D%3D"; VariantName = "[No Variations]"
Add component (AddParameter): Name = "Supplier 2 Name"; Value = "Digi-Key"; VariantName = "[No Variations]"
Add component (AddParameter): Name = "Supplier 2 SN"; Value = "644-1129-2-ND"; VariantName = "[No Variations]"
Add component (AddParameter): Name = "Supplier 2 URL"; Value = "https://www.digikey.com/en/products/detail/ndk-america-inc/NX3225SA-16-000M-STD-CRS-2/1788469"; VariantName = "[No Variations]"
Add component (AddParameter): Name = "Supplier 3 Name"; Value = "thegioiic"; VariantName = "[No Variations]"
Add component (AddParameter): Name = "Supplier 3 SN"; Value = "N/A"; VariantName = "[No Variations]"
Add component (AddParameter): Name = "Supplier 3 URL"; Value = "https://www.thegioiic.com/thach-anh-16mhz-5032-4-chan-smd"; VariantName = "[No Variations]"
Add component (AddParameter): Name = "Value"; Value = "16MHz"; VariantName = "[No Variations]"
Added Pin To Net: NetName=GND Pin=*1-1
Added Pin To Net: NetName=BOOT0 Pin=*1-2
Added Pin To Net: NetName=BOOT0 Pin=*1-3
Added Pin To Net: NetName=Net*1_9 Pin=*1-9
Added Pin To Net: NetName=Net*1_10 Pin=*1-10
Added Pin To Net: NetName=Net*1_11 Pin=*1-11
Added Pin To Net: NetName=Net*1_12 Pin=*1-12
Added Pin To Net: NetName=Net*1_13 Pin=*1-13
Added Pin To Net: NetName=Net*1_14 Pin=*1-14
Added Pin To Net: NetName=Net*1_16 Pin=*1-16
Added Pin To Net: NetName=LED_STATUS Pin=*1-24
Added Pin To Net: NetName=BOOT0 Pin=*1-25
Added Pin To Net: NetName=Net*1_27 Pin=*1-27
Added Pin To Net: NetName=Net*1_28 Pin=*1-28
Added Pin To Net: NetName=Net*1_29 Pin=*1-29
Added Pin To Net: NetName=Net*1_30 Pin=*1-30
Added Pin To Net: NetName=Net*1_34 Pin=*1-34
Added Pin To Net: NetName=Net*1_35 Pin=*1-35
Added Pin To Net: NetName=Net*1_37 Pin=*1-37
Added Pin To Net: NetName=GND Pin=*1-38
Added Pin To Net: NetName=GND Pin=AMS1-1
Added Pin To Net: NetName=BOOT0 Pin=AMS1-2
Added Pin To Net: NetName=+5V_USB Pin=AMS1-3
Added Pin To Net: NetName=BOOT0 Pin=AMS1-4
Added Pin To Net: NetName=NetB1_1 Pin=B1-1
Added Pin To Net: NetName=BOOT0 Pin=B1-2
Added Pin To Net: NetName=NetB2_1 Pin=B2-1
Added Pin To Net: NetName=BOOT0 Pin=B2-2
Added Pin To Net: NetName=NetB3_1 Pin=B3-1
Added Pin To Net: NetName=BOOT0 Pin=B3-2
Added Pin To Net: NetName=NetB4_1 Pin=B4-1
Added Pin To Net: NetName=BOOT0 Pin=B4-2
Added Pin To Net: NetName=BOOT0 Pin=B*1-1
Added Pin To Net: NetName=NetB*1_2 Pin=B*1-2
Added Pin To Net: NetName=NetB1_1 Pin=C1-1
Added Pin To Net: NetName=BOOT0 Pin=C1-2
Added Pin To Net: NetName=NetB2_1 Pin=C2-1
Added Pin To Net: NetName=BOOT0 Pin=C2-2
Added Pin To Net: NetName=GND Pin=C3-1
Added Pin To Net: NetName=BOOT0 Pin=C3-2
Added Pin To Net: NetName=GND Pin=C4-1
Added Pin To Net: NetName=BOOT0 Pin=C4-2
Added Pin To Net: NetName=GND Pin=C5-1
Added Pin To Net: NetName=BOOT0 Pin=C5-2
Added Pin To Net: NetName=GND Pin=C6-1
Added Pin To Net: NetName=BOOT0 Pin=C6-2
Added Pin To Net: NetName=GND Pin=C7-1
Added Pin To Net: NetName=BOOT0 Pin=C7-2
Added Pin To Net: NetName=GND Pin=C8-1
Added Pin To Net: NetName=BOOT0 Pin=C8-2
Added Pin To Net: NetName=GND Pin=C9-1
Added Pin To Net: NetName=BOOT0 Pin=C9-2
Added Pin To Net: NetName=GND Pin=C10-1
Added Pin To Net: NetName=BOOT0 Pin=C10-2
Added Pin To Net: NetName=GND Pin=C11-1
Added Pin To Net: NetName=BOOT0 Pin=C11-2
Added Pin To Net: NetName=OSC_IN Pin=C12-1
Added Pin To Net: NetName=GND Pin=C12-2
Added Pin To Net: NetName=OSC_OUT Pin=C13-1
Added Pin To Net: NetName=GND Pin=C13-2
Added Pin To Net: NetName=GND Pin=C14-1
Added Pin To Net: NetName=BOOT0 Pin=C14-2
Added Pin To Net: NetName=GND Pin=C15-1
Added Pin To Net: NetName=BOOT0 Pin=C15-2
Added Pin To Net: NetName=NetB3_1 Pin=C16-1
Added Pin To Net: NetName=BOOT0 Pin=C16-2
Added Pin To Net: NetName=NetB4_1 Pin=C17-1
Added Pin To Net: NetName=BOOT0 Pin=C17-2
Added Pin To Net: NetName=GND Pin=C18-1
Added Pin To Net: NetName=BOOT0 Pin=C18-2
Added Pin To Net: NetName=GND Pin=C19-1
Added Pin To Net: NetName=BOOT0 Pin=C19-2
Added Pin To Net: NetName=+5V_USB Pin=C20-1
Added Pin To Net: NetName=GND Pin=C20-2
Added Pin To Net: NetName=NetC21_1 Pin=C21-1
Added Pin To Net: NetName=GND Pin=C21-2
Added Pin To Net: NetName=GND Pin=C22-1
Added Pin To Net: NetName=NetC22_2 Pin=C22-2
Added Pin To Net: NetName=BOOT0 Pin=C23-1
Added Pin To Net: NetName=GND Pin=C23-2
Added Pin To Net: NetName=GND Pin=C24-1
Added Pin To Net: NetName=BOOT0 Pin=C24-2
Added Pin To Net: NetName=GND Pin=C25-1
Added Pin To Net: NetName=BOOT0 Pin=C25-2
Added Pin To Net: NetName=BOOT0 Pin=C26-1
Added Pin To Net: NetName=GND Pin=C26-2
Added Pin To Net: NetName=GND Pin=C27-1
Added Pin To Net: NetName=+5V_USB Pin=C27-2
Added Pin To Net: NetName=GND Pin=C28-1
Added Pin To Net: NetName=+5V_USB Pin=C28-2
Added Pin To Net: NetName=GND Pin=C29-1
Added Pin To Net: NetName=BOOT0 Pin=C29-2
Added Pin To Net: NetName=GND Pin=C30-1
Added Pin To Net: NetName=BOOT0 Pin=C30-2
Added Pin To Net: NetName=NetD1_1 Pin=D1-1
Added Pin To Net: NetName=GND Pin=D1-2
Added Pin To Net: NetName=NetD2_1 Pin=D2-1
Added Pin To Net: NetName=GND Pin=D2-2
Added Pin To Net: NetName=NetB*1_2 Pin=D3-1
Added Pin To Net: NetName=BOOT0 Pin=D3-2
Added Pin To Net: NetName=PB9 Pin=D4-1
Added Pin To Net: NetName=GND Pin=D4-2
Added Pin To Net: NetName=NetD5_1 Pin=D5-1
Added Pin To Net: NetName=+5V Pin=D5-2
Added Pin To Net: NetName=NetD6_1 Pin=D6-1
Added Pin To Net: NetName=+5V Pin=D6-2
Added Pin To Net: NetName=NetD7_1 Pin=D7-1
Added Pin To Net: NetName=NetD7_2 Pin=D7-2
Added Pin To Net: NetName=NetD8_1 Pin=D8-1
Added Pin To Net: NetName=NetD8_2 Pin=D8-2
Added Pin To Net: NetName=NetD9_1 Pin=D9-1
Added Pin To Net: NetName=+5V Pin=D9-2
Added Pin To Net: NetName=NetD10_1 Pin=D10-1
Added Pin To Net: NetName=+5V Pin=D10-2
Added Pin To Net: NetName=NetD11_1 Pin=D11-1
Added Pin To Net: NetName=NetD11_2 Pin=D11-2
Added Pin To Net: NetName=NetD12_1 Pin=D12-1
Added Pin To Net: NetName=NetD12_2 Pin=D12-2
Added Pin To Net: NetName=NetC22_2 Pin=F1-1
Added Pin To Net: NetName=+5V_USB Pin=F1-2
Added Pin To Net: NetName=NetC22_2 Pin=J1-1
Added Pin To Net: NetName=NetJ1_2 Pin=J1-2
Added Pin To Net: NetName=NetJ1_3 Pin=J1-3
Added Pin To Net: NetName=GND Pin=J1-5
Added Pin To Net: NetName=GND Pin=J1-Shell
Added Pin To Net: NetName=GND Pin=J1-Shell
Added Pin To Net: NetName=GND Pin=J1-Shell
Added Pin To Net: NetName=GND Pin=J1-Shell
Added Pin To Net: NetName=GND Pin=J1-Shell
Added Pin To Net: NetName=GND Pin=J1-Shell
Added Pin To Net: NetName=NetJ2_1 Pin=J2-1
Added Pin To Net: NetName=N Pin=J2-2
Added Pin To Net: NetName=NetJ3_1 Pin=J3-1
Added Pin To Net: NetName=N Pin=J3-2
Added Pin To Net: NetName=NetJ4_1 Pin=J4-1
Added Pin To Net: NetName=N Pin=J4-2
Added Pin To Net: NetName=NetJ5_1 Pin=J5-1
Added Pin To Net: NetName=N Pin=J5-2
Added Pin To Net: NetName=L Pin=J6-1
Added Pin To Net: NetName=N Pin=J6-2
Added Pin To Net: NetName=+5V Pin=K1-1
Added Pin To Net: NetName=NetD5_1 Pin=K1-2
Added Pin To Net: NetName=L Pin=K1-3
Added Pin To Net: NetName=NetJ2_1 Pin=K1-4
Added Pin To Net: NetName=+5V Pin=K2-1
Added Pin To Net: NetName=NetD6_1 Pin=K2-2
Added Pin To Net: NetName=L Pin=K2-3
Added Pin To Net: NetName=NetJ3_1 Pin=K2-4
Added Pin To Net: NetName=+5V Pin=K3-1
Added Pin To Net: NetName=NetD9_1 Pin=K3-2
Added Pin To Net: NetName=L Pin=K3-3
Added Pin To Net: NetName=NetJ4_1 Pin=K3-4
Added Pin To Net: NetName=+5V Pin=K4-1
Added Pin To Net: NetName=NetD10_1 Pin=K4-2
Added Pin To Net: NetName=L Pin=K4-3
Added Pin To Net: NetName=NetJ5_1 Pin=K4-4
Added Pin To Net: NetName=NetQ1_1 Pin=Q1-1
Added Pin To Net: NetName=RTS Pin=Q1-2
Added Pin To Net: NetName=BOOT0 Pin=Q1-3
Added Pin To Net: NetName=NetQ2_1 Pin=Q2-1
Added Pin To Net: NetName=DTR Pin=Q2-2
Added Pin To Net: NetName=BOOT0 Pin=Q2-3
Added Pin To Net: NetName=NetQ3_1 Pin=Q3-1
Added Pin To Net: NetName=GND Pin=Q3-2
Added Pin To Net: NetName=NetB*1_2 Pin=Q3-3
Added Pin To Net: NetName=NetQ4_1 Pin=Q4-1
Added Pin To Net: NetName=GND Pin=Q4-2
Added Pin To Net: NetName=NetD5_1 Pin=Q4-3
Added Pin To Net: NetName=NetQ5_1 Pin=Q5-1
Added Pin To Net: NetName=GND Pin=Q5-2
Added Pin To Net: NetName=NetD6_1 Pin=Q5-3
Added Pin To Net: NetName=NetQ6_1 Pin=Q6-1
Added Pin To Net: NetName=GND Pin=Q6-2
Added Pin To Net: NetName=NetD9_1 Pin=Q6-3
Added Pin To Net: NetName=NetQ7_1 Pin=Q7-1
Added Pin To Net: NetName=GND Pin=Q7-2
Added Pin To Net: NetName=NetD10_1 Pin=Q7-3
Added Pin To Net: NetName=GND Pin=R1-1
Added Pin To Net: NetName=NetB1_1 Pin=R1-2
Added Pin To Net: NetName=GND Pin=R2-1
Added Pin To Net: NetName=NetB2_1 Pin=R2-2
Added Pin To Net: NetName=BOOT0 Pin=R3-1
Added Pin To Net: NetName=NetR3_2 Pin=R3-2
Added Pin To Net: NetName=BOOT0 Pin=R4-1
Added Pin To Net: NetName=NetR4_2 Pin=R4-2
Added Pin To Net: NetName=LED_TEST Pin=R5-1
Added Pin To Net: NetName=NetD1_1 Pin=R5-2
Added Pin To Net: NetName=GND Pin=R6-1
Added Pin To Net: NetName=NetB3_1 Pin=R6-2
Added Pin To Net: NetName=GND Pin=R7-1
Added Pin To Net: NetName=NetB4_1 Pin=R7-2
Added Pin To Net: NetName=LED_STATUS Pin=R8-1
Added Pin To Net: NetName=NetD2_1 Pin=R8-2
Added Pin To Net: NetName=DTR Pin=R9-1
Added Pin To Net: NetName=NetQ1_1 Pin=R9-2
Added Pin To Net: NetName=RTS Pin=R10-1
Added Pin To Net: NetName=NetQ2_1 Pin=R10-2
Added Pin To Net: NetName=NetR11_1 Pin=R11-1
Added Pin To Net: NetName=BOOT0 Pin=R11-2
Added Pin To Net: NetName=NetR12_1 Pin=R12-1
Added Pin To Net: NetName=NetQ3_1 Pin=R12-2
Added Pin To Net: NetName=NetR13_1 Pin=R13-1
Added Pin To Net: NetName=PB9 Pin=R13-2
Added Pin To Net: NetName=NetR14_1 Pin=R14-1
Added Pin To Net: NetName=BOOT0 Pin=R14-2
Added Pin To Net: NetName=NetR15_1 Pin=R15-1
Added Pin To Net: NetName=BOOT0 Pin=R15-2
Added Pin To Net: NetName=NetQ4_1 Pin=R16-1
Added Pin To Net: NetName=NetR16_2 Pin=R16-2
Added Pin To Net: NetName=NetQ5_1 Pin=R17-1
Added Pin To Net: NetName=NetR17_2 Pin=R17-2
Added Pin To Net: NetName=NetR18_1 Pin=R18-1
Added Pin To Net: NetName=BOOT0 Pin=R18-2
Added Pin To Net: NetName=NetR19_1 Pin=R19-1
Added Pin To Net: NetName=BOOT0 Pin=R19-2
Added Pin To Net: NetName=NetQ6_1 Pin=R20-1
Added Pin To Net: NetName=NetR20_2 Pin=R20-2
Added Pin To Net: NetName=NetQ7_1 Pin=R21-1
Added Pin To Net: NetName=NetR21_2 Pin=R21-2
Added Pin To Net: NetName=DP Pin=SW1-1
Added Pin To Net: NetName=DN Pin=SW1-2
Added Pin To Net: NetName=DP Pin=SW1-3
Added Pin To Net: NetName=DN Pin=SW1-4
Added Pin To Net: NetName=UD- Pin=SW1-5
Added Pin To Net: NetName=UD+ Pin=SW1-6
Added Pin To Net: NetName=NetSW1_7 Pin=SW1-7
Added Pin To Net: NetName=NetSW1_8 Pin=SW1-8
Added Pin To Net: NetName=NetTP1_TP1 Pin=TP1-TP1
Added Pin To Net: NetName=NetTP2_TP1 Pin=TP2-TP1
Added Pin To Net: NetName=NetTP3_TP1 Pin=TP3-TP1
Added Pin To Net: NetName=NetTP4_TP1 Pin=TP4-TP1
Added Pin To Net: NetName=NetTP5_TP1 Pin=TP5-TP1
Added Pin To Net: NetName=NetTP6_TP1 Pin=TP6-TP1
Added Pin To Net: NetName=NetTP7_TP1 Pin=TP7-TP1
Added Pin To Net: NetName=NetTP8_TP1 Pin=TP8-TP1
Added Pin To Net: NetName=NetTP9_TP1 Pin=TP9-TP1
Added Pin To Net: NetName=NetTP10_TP1 Pin=TP10-TP1
Added Pin To Net: NetName=NetTP11_TP1 Pin=TP11-TP1
Added Pin To Net: NetName=NetTP12_TP1 Pin=TP12-TP1
Added Pin To Net: NetName=NetTP13_TP1 Pin=TP13-TP1
Added Pin To Net: NetName=NetTP14_TP1 Pin=TP14-TP1
Added Pin To Net: NetName=NetTP15_TP1 Pin=TP15-TP1
Added Pin To Net: NetName=NetTP16_TP1 Pin=TP16-TP1
Added Pin To Net: NetName=BOOT0 Pin=U1-1
Added Pin To Net: NetName=LED_TEST Pin=U1-2
Added Pin To Net: NetName=NetTP14_TP1 Pin=U1-4
Added Pin To Net: NetName=OSC_IN Pin=U1-5
Added Pin To Net: NetName=OSC_OUT Pin=U1-6
Added Pin To Net: NetName=BOOT0 Pin=U1-7
Added Pin To Net: NetName=GND Pin=U1-8
Added Pin To Net: NetName=BOOT0 Pin=U1-9
Added Pin To Net: NetName=NetU1_10 Pin=U1-10
Added Pin To Net: NetName=NetU1_11 Pin=U1-11
Added Pin To Net: NetName=NetU1_12 Pin=U1-12
Added Pin To Net: NetName=NetR11_1 Pin=U1-13
Added Pin To Net: NetName=NetR12_1 Pin=U1-14
Added Pin To Net: NetName=NetTP8_TP1 Pin=U1-15
Added Pin To Net: NetName=NetTP7_TP1 Pin=U1-16
Added Pin To Net: NetName=NetTP6_TP1 Pin=U1-17
Added Pin To Net: NetName=NetTP5_TP1 Pin=U1-18
Added Pin To Net: NetName=NetTP4_TP1 Pin=U1-19
Added Pin To Net: NetName=NetTP3_TP1 Pin=U1-20
Added Pin To Net: NetName=NetTP2_TP1 Pin=U1-21
Added Pin To Net: NetName=NetTP1_TP1 Pin=U1-22
Added Pin To Net: NetName=GND Pin=U1-23
Added Pin To Net: NetName=BOOT0 Pin=U1-24
Added Pin To Net: NetName=NetTP9_TP1 Pin=U1-25
Added Pin To Net: NetName=NetTP10_TP1 Pin=U1-26
Added Pin To Net: NetName=NetTP11_TP1 Pin=U1-27
Added Pin To Net: NetName=NetTP12_TP1 Pin=U1-28
Added Pin To Net: NetName=NetTP13_TP1 Pin=U1-29
Added Pin To Net: NetName=Net*1_28 Pin=U1-30
Added Pin To Net: NetName=Net*1_27 Pin=U1-31
Added Pin To Net: NetName=NetSW1_7 Pin=U1-32
Added Pin To Net: NetName=NetSW1_8 Pin=U1-33
Added Pin To Net: NetName=SWDIO Pin=U1-34
Added Pin To Net: NetName=GND Pin=U1-35
Added Pin To Net: NetName=BOOT0 Pin=U1-36
Added Pin To Net: NetName=SWCLK Pin=U1-37
Added Pin To Net: NetName=NetD12_2 Pin=U1-38
Added Pin To Net: NetName=NetD7_2 Pin=U1-39
Added Pin To Net: NetName=NetD8_2 Pin=U1-40
Added Pin To Net: NetName=NetD11_2 Pin=U1-41
Added Pin To Net: NetName=NetR4_2 Pin=U1-42
Added Pin To Net: NetName=NetR3_2 Pin=U1-43
Added Pin To Net: NetName=BOOT0 Pin=U1-44
Added Pin To Net: NetName=NetTP15_TP1 Pin=U1-45
Added Pin To Net: NetName=NetTP16_TP1 Pin=U1-46
Added Pin To Net: NetName=GND Pin=U1-47
Added Pin To Net: NetName=BOOT0 Pin=U1-48
Added Pin To Net: NetName=SWCLK Pin=U2-1
Added Pin To Net: NetName=BOOT0 Pin=U2-2
Added Pin To Net: NetName=GND Pin=U2-3
Added Pin To Net: NetName=SWDIO Pin=U2-4
Added Pin To Net: NetName=DP Pin=U3-1
Added Pin To Net: NetName=GND Pin=U3-2
Added Pin To Net: NetName=DN Pin=U3-3
Added Pin To Net: NetName=NetJ1_2 Pin=U3-4
Added Pin To Net: NetName=NetC22_2 Pin=U3-5
Added Pin To Net: NetName=NetJ1_3 Pin=U3-6
Added Pin To Net: NetName=GND Pin=U4-1
Added Pin To Net: NetName=Net*1_35 Pin=U4-2
Added Pin To Net: NetName=Net*1_34 Pin=U4-3
Added Pin To Net: NetName=NetC21_1 Pin=U4-4
Added Pin To Net: NetName=UD+ Pin=U4-5
Added Pin To Net: NetName=UD- Pin=U4-6
Added Pin To Net: NetName=DTR Pin=U4-13
Added Pin To Net: NetName=RTS Pin=U4-14
Added Pin To Net: NetName=+5V_USB Pin=U4-16
Added Pin To Net: NetName=Net*1_12 Pin=U5-1
Added Pin To Net: NetName=Net*1_14 Pin=U5-2
Added Pin To Net: NetName=Net*1_16 Pin=U5-3
Added Pin To Net: NetName=Net*1_11 Pin=U5-4
Added Pin To Net: NetName=Net*1_13 Pin=U5-5
Added Pin To Net: NetName=BOOT0 Pin=U5-7
Added Pin To Net: NetName=Net*1_30 Pin=U5-8
Added Pin To Net: NetName=Net*1_37 Pin=U5-9
Added Pin To Net: NetName=Net*1_9 Pin=U5-10
Added Pin To Net: NetName=Net*1_10 Pin=U5-11
Added Pin To Net: NetName=Net*1_29 Pin=U5-12
Added Pin To Net: NetName=GND Pin=U5-13
Added Pin To Net: NetName=BOOT0 Pin=U5-14
Added Pin To Net: NetName=NetR4_2 Pin=U6-3
Added Pin To Net: NetName=NetR3_2 Pin=U6-4
Added Pin To Net: NetName=BOOT0 Pin=U6-5
Added Pin To Net: NetName=GND Pin=U6-6
Added Pin To Net: NetName=BOOT0 Pin=U7-1
Added Pin To Net: NetName=NetR11_1 Pin=U7-2
Added Pin To Net: NetName=GND Pin=U7-4
Added Pin To Net: NetName=BOOT0 Pin=U8-1
Added Pin To Net: NetName=NetR13_1 Pin=U8-2
Added Pin To Net: NetName=GND Pin=U8-3
Added Pin To Net: NetName=NetU1_10 Pin=U9-1
Added Pin To Net: NetName=NetU1_11 Pin=U9-2
Added Pin To Net: NetName=NetU1_12 Pin=U9-3
Added Pin To Net: NetName=BOOT0 Pin=U9-4
Added Pin To Net: NetName=GND Pin=U9-5
Added Pin To Net: NetName=NetR14_1 Pin=U10-1
Added Pin To Net: NetName=NetD7_1 Pin=U10-2
Added Pin To Net: NetName=NetR16_2 Pin=U10-3
Added Pin To Net: NetName=+5V Pin=U10-4
Added Pin To Net: NetName=NetR15_1 Pin=U11-1
Added Pin To Net: NetName=NetD8_1 Pin=U11-2
Added Pin To Net: NetName=NetR17_2 Pin=U11-3
Added Pin To Net: NetName=+5V Pin=U11-4
Added Pin To Net: NetName=NetR18_1 Pin=U12-1
Added Pin To Net: NetName=NetD11_1 Pin=U12-2
Added Pin To Net: NetName=NetR20_2 Pin=U12-3
Added Pin To Net: NetName=+5V Pin=U12-4
Added Pin To Net: NetName=NetR19_1 Pin=U13-1
Added Pin To Net: NetName=NetD12_1 Pin=U13-2
Added Pin To Net: NetName=NetR21_2 Pin=U13-3
Added Pin To Net: NetName=+5V Pin=U13-4
Added Pin To Net: NetName=L Pin=V1-1
Added Pin To Net: NetName=N Pin=V1-2
Added Pin To Net: NetName=OSC_IN Pin=Y1-1
Added Pin To Net: NetName=GND Pin=Y1-2
Added Pin To Net: NetName=OSC_OUT Pin=Y1-3
Added Pin To Net: NetName=GND Pin=Y1-4
Add Differential Pair: Number of nets in differential pair DN is 1 instead of 2
Add Differential Pair: Number of nets in differential pair DP is 1 instead of 2
Add Differential Pair: Number of nets in differential pair NetJ1_2 is 1 instead of 2
Add Differential Pair: Number of nets in differential pair NetJ1_3 is 1 instead of 2
Added Member To Class: ClassName=ESP32 Member=Component *1 ESP32 WROOM 32
Added Member To Class: ClassName=POWER_SUPPLY Member=Component AMS1 AMS1117-3.3V
Added Member To Class: ClassName=STM32 Member=Component B1 Button SMD 2 Pin 3x4mm
Added Member To Class: ClassName=STM32 Member=Component B2 Button SMD 2 Pin 3x4mm
Added Member To Class: ClassName=ESP32 Member=Component B3 Button SMD 2 Pin 3x4mm
Added Member To Class: ClassName=ESP32 Member=Component B4 Button SMD 2 Pin 3x4mm
Added Member To Class: ClassName=PERIPHERAL Member=Component B*1 Buzzer
Added Member To Class: ClassName=STM32 Member=Component C1 Cap Non-Pol SMD
Added Member To Class: ClassName=STM32 Member=Component C2 Cap Non-Pol SMD
Added Member To Class: ClassName=STM32 Member=Component C3 Cap Non-Pol SMD
Added Member To Class: ClassName=STM32 Member=Component C4 Cap Non-Pol SMD
Added Member To Class: ClassName=STM32 Member=Component C5 Cap Non-Pol SMD
Added Member To Class: ClassName=STM32 Member=Component C6 Cap Non-Pol SMD
Added Member To Class: ClassName=STM32 Member=Component C7 Cap Non-Pol SMD
Added Member To Class: ClassName=STM32 Member=Component C8 Cap Non-Pol SMD
Added Member To Class: ClassName=STM32 Member=Component C9 Cap Non-Pol SMD
Added Member To Class: ClassName=STM32 Member=Component C10 Cap Non-Pol SMD
Added Member To Class: ClassName=STM32 Member=Component C11 Cap Non-Pol SMD
Added Member To Class: ClassName=STM32 Member=Component C12 Cap Non-Pol SMD
Added Member To Class: ClassName=STM32 Member=Component C13 Cap Non-Pol SMD
Added Member To Class: ClassName=STM32 Member=Component C14 Cap Non-Pol SMD
Added Member To Class: ClassName=STM32 Member=Component C15 Cap Non-Pol SMD
Added Member To Class: ClassName=ESP32 Member=Component C16 Cap Non-Pol SMD
Added Member To Class: ClassName=ESP32 Member=Component C17 Cap Non-Pol SMD
Added Member To Class: ClassName=ESP32 Member=Component C18 Cap Non-Pol SMD
Added Member To Class: ClassName=ESP32 Member=Component C19 Cap Non-Pol SMD
Added Member To Class: ClassName=USB Member=Component C20 Cap Non-Pol SMD
Added Member To Class: ClassName=USB Member=Component C21 Cap Non-Pol SMD
Added Member To Class: ClassName=USB Member=Component C22 Cap Non-Pol SMD
Added Member To Class: ClassName=PERIPHERAL Member=Component C23 Cap Non-Pol SMD
Added Member To Class: ClassName=PERIPHERAL Member=Component C24 Cap Non-Pol SMD
Added Member To Class: ClassName=PERIPHERAL Member=Component C25 Cap Non-Pol SMD
Added Member To Class: ClassName=PERIPHERAL Member=Component C26 Cap Non-Pol SMD
Added Member To Class: ClassName=POWER_SUPPLY Member=Component C27 Cap Non-Pol SMD
Added Member To Class: ClassName=POWER_SUPPLY Member=Component C28 Cap Non-Pol SMD
Added Member To Class: ClassName=POWER_SUPPLY Member=Component C29 Cap Non-Pol SMD
Added Member To Class: ClassName=POWER_SUPPLY Member=Component C30 Cap Non-Pol SMD
Added Member To Class: ClassName=STM32 Member=Component D1 LED SMD
Added Member To Class: ClassName=ESP32 Member=Component D2 LED SMD
Added Member To Class: ClassName=PERIPHERAL Member=Component D3 SS34
Added Member To Class: ClassName=PERIPHERAL Member=Component D4 3.3V
Added Member To Class: ClassName=RELAY Member=Component D5 SS34
Added Member To Class: ClassName=RELAY Member=Component D6 SS34
Added Member To Class: ClassName=RELAY Member=Component D7 LED SMD
Added Member To Class: ClassName=RELAY Member=Component D8 LED SMD
Added Member To Class: ClassName=RELAY Member=Component D9 SS34
Added Member To Class: ClassName=RELAY Member=Component D10 SS34
Added Member To Class: ClassName=RELAY Member=Component D11 LED SMD
Added Member To Class: ClassName=RELAY Member=Component D12 LED SMD
Added Member To Class: ClassName=USB Member=Component F1 2A 24V
Added Member To Class: ClassName=USB Member=Component J1 Micro USB 2.0 Type AB
Added Member To Class: ClassName=RELAY Member=Component J2 10A, 300V
Added Member To Class: ClassName=RELAY Member=Component J3 10A, 300V
Added Member To Class: ClassName=RELAY Member=Component J4 10A, 300V
Added Member To Class: ClassName=RELAY Member=Component J5 10A, 300V
Added Member To Class: ClassName=RELAY Member=Component J6 10A, 300V
Added Member To Class: ClassName=RELAY Member=Component K1 277 VAC, 30 VDC
Added Member To Class: ClassName=RELAY Member=Component K2 277 VAC, 30 VDC
Added Member To Class: ClassName=RELAY Member=Component K3 277 VAC, 30 VDC
Added Member To Class: ClassName=RELAY Member=Component K4 277 VAC, 30 VDC
Added Member To Class: ClassName=USB Member=Component Q1 BC817
Added Member To Class: ClassName=USB Member=Component Q2 BC817
Added Member To Class: ClassName=PERIPHERAL Member=Component Q3 HF
Added Member To Class: ClassName=RELAY Member=Component Q4 HF
Added Member To Class: ClassName=RELAY Member=Component Q5 HF
Added Member To Class: ClassName=RELAY Member=Component Q6 HF
Added Member To Class: ClassName=RELAY Member=Component Q7 HF
Added Member To Class: ClassName=STM32 Member=Component R1 RESISTOR SMD
Added Member To Class: ClassName=STM32 Member=Component R2 RESISTOR SMD
Added Member To Class: ClassName=STM32 Member=Component R3 RESISTOR SMD
Added Member To Class: ClassName=STM32 Member=Component R4 RESISTOR SMD
Added Member To Class: ClassName=STM32 Member=Component R5 RESISTOR SMD
Added Member To Class: ClassName=ESP32 Member=Component R6 RESISTOR SMD
Added Member To Class: ClassName=ESP32 Member=Component R7 RESISTOR SMD
Added Member To Class: ClassName=ESP32 Member=Component R8 RESISTOR SMD
Added Member To Class: ClassName=USB Member=Component R9 RESISTOR SMD
Added Member To Class: ClassName=USB Member=Component R10 RESISTOR SMD
Added Member To Class: ClassName=PERIPHERAL Member=Component R11 RESISTOR SMD
Added Member To Class: ClassName=PERIPHERAL Member=Component R12 RESISTOR SMD
Added Member To Class: ClassName=PERIPHERAL Member=Component R13 RESISTOR SMD
Added Member To Class: ClassName=RELAY Member=Component R14 RESISTOR SMD
Added Member To Class: ClassName=RELAY Member=Component R15 RESISTOR SMD
Added Member To Class: ClassName=RELAY Member=Component R16 RESISTOR SMD
Added Member To Class: ClassName=RELAY Member=Component R17 RESISTOR SMD
Added Member To Class: ClassName=RELAY Member=Component R18 RESISTOR SMD
Added Member To Class: ClassName=RELAY Member=Component R19 RESISTOR SMD
Added Member To Class: ClassName=RELAY Member=Component R20 RESISTOR SMD
Added Member To Class: ClassName=RELAY Member=Component R21 RESISTOR SMD
Added Member To Class: ClassName=USB Member=Component SW1 418117270904
Added Member To Class: ClassName=STM32 Member=Component TP1 Test Point
Added Member To Class: ClassName=STM32 Member=Component TP2 Test Point
Added Member To Class: ClassName=STM32 Member=Component TP3 Test Point
Added Member To Class: ClassName=STM32 Member=Component TP4 Test Point
Added Member To Class: ClassName=STM32 Member=Component TP5 Test Point
Added Member To Class: ClassName=STM32 Member=Component TP6 Test Point
Added Member To Class: ClassName=STM32 Member=Component TP7 Test Point
Added Member To Class: ClassName=STM32 Member=Component TP8 Test Point
Added Member To Class: ClassName=STM32 Member=Component TP9 Test Point
Added Member To Class: ClassName=STM32 Member=Component TP10 Test Point
Added Member To Class: ClassName=STM32 Member=Component TP11 Test Point
Added Member To Class: ClassName=STM32 Member=Component TP12 Test Point
Added Member To Class: ClassName=STM32 Member=Component TP13 Test Point
Added Member To Class: ClassName=STM32 Member=Component TP14 Test Point
Added Member To Class: ClassName=STM32 Member=Component TP15 Test Point
Added Member To Class: ClassName=STM32 Member=Component TP16 Test Point
Added Member To Class: ClassName=STM32 Member=Component U1 STM32F103xx_LQFP48
Added Member To Class: ClassName=STM32 Member=Component U2 ST_Link
Added Member To Class: ClassName=USB Member=Component U3 USBLC6-2SC6 TVS
Added Member To Class: ClassName=USB Member=Component U4 CH340C
Added Member To Class: ClassName=PERIPHERAL Member=Component U5 TFT_ILI9341
Added Member To Class: ClassName=PERIPHERAL Member=Component U6 DS3231 RTC
Added Member To Class: ClassName=PERIPHERAL Member=Component U7 DHT11_4PIN
Added Member To Class: ClassName=PERIPHERAL Member=Component U8 PIR
Added Member To Class: ClassName=PERIPHERAL Member=Component U9 Rotary Encoder
Added Member To Class: ClassName=RELAY Member=Component U10 OPTO PC817 SMD
Added Member To Class: ClassName=RELAY Member=Component U11 OPTO PC817 SMD
Added Member To Class: ClassName=RELAY Member=Component U12 OPTO PC817 SMD
Added Member To Class: ClassName=RELAY Member=Component U13 OPTO PC817 SMD
Added Member To Class: ClassName=RELAY Member=Component V1 AC 300V
Added Member To Class: ClassName=STM32 Member=Component Y1 16MHz
Added Room: Name=ESP32
Added Room: Name=PERIPHERAL
Added Room: Name=POWER_SUPPLY
Added Room: Name=RELAY
Added Room: Name=STM32
Added Room: Name=USB
