Change Component Designator: OldDesignator= NewDesignator=*1
Change Component Designator: OldDesignator= NewDesignator=AMS1
Change Component Designator: OldDesignator= NewDesignator=D5
Change Component Designator: OldDesignator= NewDesignator=D6
Change Component Designator: OldDesignator= NewDesignator=D9
Change Component Designator: OldDesignator= NewDesignator=D10
Change Component Designator: OldDesignator= NewDesignator=J1
Change Component Designator: OldDesignator= NewDesignator=J2
Change Component Designator: OldDesignator= NewDesignator=J3
Change Component Designator: OldDesignator= NewDesignator=J4
Change Component Designator: OldDesignator= NewDesignator=J5
Change Component Designator: OldDesignator= NewDesignator=J6
Change Component Designator: OldDesignator= NewDesignator=K1
Change Component Designator: OldDesignator= NewDesignator=K2
Change Component Designator: OldDesignator= NewDesignator=K3
Change Component Designator: OldDesignator= NewDesignator=K4
Change Component Designator: OldDesignator= NewDesignator=Q4
Change Component Designator: OldDesignator= NewDesignator=Q5
Change Component Designator: OldDesignator= NewDesignator=Q6
Change Component Designator: OldDesignator= NewDesignator=Q7
Change Component Designator: OldDesignator= NewDesignator=SW1
Change Component Designator: OldDesignator=C24 NewDesignator=C23
Change Component Designator: OldDesignator=C25 NewDesignator=C24
Change Component Designator: OldDesignator=C27 NewDesignator=C25
Change Component Designator: OldDesignator=C28 NewDesignator=C26
Change Component Designator: OldDesignator=C29 NewDesignator=C27
Change Component Designator: OldDesignator=C30 NewDesignator=C28
Added Component: Designator=F1(Fuse_SMD_1812)
Add component (AddParameter): Name = "ComponentLink1Description"; Value = "Datasheet link"; VariantName = "[No Variations]"
Add component (AddParameter): Name = "ComponentLink1URL"; Value = "https://www.littelfuse.com/~/media/electronics/product_specifications/resettable_ptcs/littelfuse_ptc_minismdc300f_2_product_specification.pdf.pdf"; VariantName = "[No Variations]"
Add component (AddParameter): Name = "ComponentLink2Description"; Value = "Supplier 1 URL"; VariantName = "[No Variations]"
Add component (AddParameter): Name = "ComponentLink2URL"; Value = "https://www.mouser.vn/ProductDetail/Littelfuse/MINISMDC150F-24-2?qs=F6FIpiMdEVZ%2Fp37J%2FDHAxA%3D%3D"; VariantName = "[No Variations]"
Add component (AddParameter): Name = "ComponentLink3Description"; Value = "Supplier 2 URL"; VariantName = "[No Variations]"
Add component (AddParameter): Name = "ComponentLink3URL"; Value = "https://www.digikey.com/en/products/detail/littelfuse-inc/MINISMDC150F-24-2/1113513?s=N4IgTCBcDaILIEkByCDKcAiBhAjAVgAYAxAejABYBaCAXQF8g"; VariantName = "[No Variations]"
Add component (AddParameter): Name = "ComponentLink4Description"; Value = "Supplier 3 URL"; VariantName = "[No Variations]"
Add component (AddParameter): Name = "ComponentLink4URL"; Value = "https://www.thegioiic.com/cau-chi-tu-phuc-hoi-1812-24v-1-5a"; VariantName = "[No Variations]"
Add component (AddParameter): Name = "Hold Current"; Value = "1.5A"; VariantName = "[No Variations]"
Add component (AddParameter): Name = "Manufacturer"; Value = "Littelfuse"; VariantName = "[No Variations]"
Add component (AddParameter): Name = "Mounting Technology"; Value = "SMT/SMD"; VariantName = "[No Variations]"
Add component (AddParameter): Name = "Size"; Value = "1812"; VariantName = "[No Variations]"
Add component (AddParameter): Name = "Supplier 1 Name"; Value = "Mouser"; VariantName = "[No Variations]"
Add component (AddParameter): Name = "Supplier 1 SN"; Value = "650-MINISMDC150F/24"; VariantName = "[No Variations]"
Add component (AddParameter): Name = "Supplier 1 URL"; Value = "https://www.mouser.vn/ProductDetail/Littelfuse/MINISMDC150F-24-2?qs=F6FIpiMdEVZ%2Fp37J%2FDHAxA%3D%3D"; VariantName = "[No Variations]"
Add component (AddParameter): Name = "Supplier 2 Name"; Value = "Digi-Key"; VariantName = "[No Variations]"
Add component (AddParameter): Name = "Supplier 2 SN"; Value = "MINISMDC150F24-2TR-ND"; VariantName = "[No Variations]"
Add component (AddParameter): Name = "Supplier 2 URL"; Value = "https://www.mouser.vn/ProductDetail/Littelfuse/MINISMDC150F-24-2?qs=F6FIpiMdEVZ%2Fp37J%2FDHAxA%3D%3D"; VariantName = "[No Variations]"
Add component (AddParameter): Name = "Supplier 3 Name"; Value = "thegioiic"; VariantName = "[No Variations]"
Add component (AddParameter): Name = "Supplier 3 SN"; Value = "N/A"; VariantName = "[No Variations]"
Add component (AddParameter): Name = "Supplier 3 URL"; Value = "https://www.thegioiic.com/cau-chi-tu-phuc-hoi-1812-24v-1-5a"; VariantName = "[No Variations]"
Add component (AddParameter): Name = "Threshold Current"; Value = "20A"; VariantName = "[No Variations]"
Add component (AddParameter): Name = "Threshold Voltage"; Value = "24V"; VariantName = "[No Variations]"
Add component (AddParameter): Name = "Trip Current"; Value = "3A"; VariantName = "[No Variations]"
Add component (AddParameter): Name = "Value"; Value = "24V, 1.5A"; VariantName = "[No Variations]"
Added Pin To Net: NetName=NetC22_2 Pin=F1-0
Added Pin To Net: NetName=+5V_USB Pin=F1-1
Add Differential Pair: Number of nets in differential pair DN is 1 instead of 2
Add Differential Pair: Number of nets in differential pair DP is 1 instead of 2
Add Differential Pair: Number of nets in differential pair NetJ1_2 is 1 instead of 2
Add Differential Pair: Number of nets in differential pair NetJ1_3 is 1 instead of 2
Added Member To Class: ClassName=ESP32 Member=Component *1 ESP32 WROOM 32
Added Member To Class: ClassName=STM32 Member=Component 8 Test Point
Added Member To Class: ClassName=POWER_SUPPLY Member=Component AMS1 AMS1117-3.3V
Added Member To Class: ClassName=RELAY Member=Component D5 SS34
Added Member To Class: ClassName=RELAY Member=Component D6 SS34
Added Member To Class: ClassName=RELAY Member=Component D9 SS34
Added Member To Class: ClassName=RELAY Member=Component D10 SS34
Added Member To Class: ClassName=USB Member=Component F1 6V, 1.5A
Added Member To Class: ClassName=USB Member=Component J1 Micro USB 2.0 Type B
Added Member To Class: ClassName=RELAY Member=Component J2 10A, 300V
Added Member To Class: ClassName=RELAY Member=Component J3 10A, 300V
Added Member To Class: ClassName=RELAY Member=Component J4 10A, 300V
Added Member To Class: ClassName=RELAY Member=Component J5 10A, 300V
Added Member To Class: ClassName=RELAY Member=Component J6 10A, 300V
Added Member To Class: ClassName=RELAY Member=Component K1 277 VAC, 30 VDC
Added Member To Class: ClassName=RELAY Member=Component K2 277 VAC, 30 VDC
Added Member To Class: ClassName=RELAY Member=Component K3 277 VAC, 30 VDC
Added Member To Class: ClassName=RELAY Member=Component K4 277 VAC, 30 VDC
Added Member To Class: ClassName=RELAY Member=Component Q4 HF
Added Member To Class: ClassName=RELAY Member=Component Q5 HF
Added Member To Class: ClassName=RELAY Member=Component Q6 HF
Added Member To Class: ClassName=RELAY Member=Component Q7 HF
Added Member To Class: ClassName=STM32 Member=Component R4 RESISTOR SMD
Added Member To Class: ClassName=USB Member=Component SW1 418117270904
Added Member To Class: ClassName=STM32 Member=Component U2 ST_Link
Added Member To Class: ClassName=PERIPHERAL Member=Component U5 ILI9341_TOUCH
Added Member To Class: ClassName=PERIPHERAL Member=Component U6 ILI9341_DISPLAY
Added Member To Class: ClassName=PERIPHERAL Member=Component U7 DS3231 RTC
Added Member To Class: ClassName=PERIPHERAL Member=Component U8 DHT11_4PIN
Added Member To Class: ClassName=PERIPHERAL Member=Component U9 PIR
Added Member To Class: ClassName=PERIPHERAL Member=Component U10 Rotary Encoder
Added Member To Class: ClassName=RELAY Member=Component U11 OPTO PC817 SMD
Added Member To Class: ClassName=RELAY Member=Component U13 OPTO PC817 SMD
