Removed Pin From Net: NetName=Net*1_12 Pin=U5-1
Removed Pin From Net: NetName=Net*1_14 Pin=U5-2
Removed Pin From Net: NetName=Net*1_16 Pin=U5-3
Removed Pin From Net: NetName=Net*1_11 Pin=U5-4
Removed Pin From Net: NetName=Net*1_13 Pin=U5-5
Removed Pin From Net: NetName=+3.3V Pin=U5-7
Removed Pin From Net: NetName=Net*1_30 Pin=U5-8
Removed Pin From Net: NetName=Net*1_37 Pin=U5-9
Removed Pin From Net: NetName=Net*1_9 Pin=U5-10
Removed Pin From Net: NetName=Net*1_10 Pin=U5-11
Removed Pin From Net: NetName=Net*1_29 Pin=U5-12
Removed Pin From Net: NetName=GND Pin=U5-13
Removed Pin From Net: NetName=+3.3V Pin=U5-14
Removed Member From Class: ClassName=PERIPHERAL Member=U9
Added Component: Designator=*2(Header 5 Pin)
Added Component: Designator=*3(HEADER 9 PIN)
Added Pin To Net: NetName=Net*1_12 Pin=*2-1
Added Pin To Net: NetName=Net*1_14 Pin=*2-2
Added Pin To Net: NetName=Net*1_16 Pin=*2-3
Added Pin To Net: NetName=Net*1_11 Pin=*2-4
Added Pin To Net: NetName=Net*1_13 Pin=*2-5
Added Pin To Net: NetName=+3.3V Pin=*3-7
Added Pin To Net: NetName=Net*1_30 Pin=*3-8
Added Pin To Net: NetName=Net*1_37 Pin=*3-9
Added Pin To Net: NetName=Net*1_9 Pin=*3-10
Added Pin To Net: NetName=Net*1_10 Pin=*3-11
Added Pin To Net: NetName=Net*1_29 Pin=*3-12
Added Pin To Net: NetName=GND Pin=*3-13
Added Pin To Net: NetName=+3.3V Pin=*3-14
Add Differential Pair: Number of nets in differential pair DN is 1 instead of 2
Add Differential Pair: Number of nets in differential pair DP is 1 instead of 2
Add Differential Pair: Number of nets in differential pair NetJ1_2 is 1 instead of 2
Add Differential Pair: Number of nets in differential pair NetJ1_3 is 1 instead of 2
Added Member To Class: ClassName=PERIPHERAL Member=Component *2 ILI9341_TOUCH
Added Member To Class: ClassName=PERIPHERAL Member=Component *3 ILI9341_DISPLAY
