Removed Pin From Net: NetName=DP Pin=SW1-2
Removed Pin From Net: NetName=DN Pin=SW1-3
Change Component Designator: OldDesignator= NewDesignator=D5
Change Component Designator: OldDesignator= NewDesignator=D6
Change Component Designator: OldDesignator= NewDesignator=D9
Change Component Designator: OldDesignator= NewDesignator=D10
Change Component Designator: OldDesignator= NewDesignator=J2
Change Component Designator: OldDesignator= NewDesignator=J3
Change Component Designator: OldDesignator= NewDesignator=J4
Change Component Designator: OldDesignator= NewDesignator=J5
Change Component Designator: OldDesignator= NewDesignator=J6
Change Component Designator: OldDesignator= NewDesignator=K1
Change Component Designator: OldDesignator= NewDesignator=K2
Change Component Designator: OldDesignator= NewDesignator=K3
Change Component Designator: OldDesignator= NewDesignator=K4
Change Component Designator: OldDesignator= NewDesignator=Q4
Change Component Designator: OldDesignator= NewDesignator=Q5
Change Component Designator: OldDesignator= NewDesignator=Q6
Change Component Designator: OldDesignator= NewDesignator=Q7
Added Pin To Net: NetName=DN Pin=SW1-2
Added Pin To Net: NetName=DP Pin=SW1-3
Add Differential Pair: Number of nets in differential pair DN is 1 instead of 2
Add Differential Pair: Number of nets in differential pair DP is 1 instead of 2
Add Differential Pair: Number of nets in differential pair NetJ1_2 is 1 instead of 2
Add Differential Pair: Number of nets in differential pair NetJ1_3 is 1 instead of 2
Added Member To Class: ClassName=ESP32 Member=Component B3 Button SMD 2 Pin 3x4mm
Added Member To Class: ClassName=RELAY Member=Component D5 SS34
Added Member To Class: ClassName=RELAY Member=Component D6 SS34
Added Member To Class: ClassName=RELAY Member=Component D9 SS34
Added Member To Class: ClassName=RELAY Member=Component D10 SS34
Added Member To Class: ClassName=RELAY Member=Component J2 10A, 300V
Added Member To Class: ClassName=RELAY Member=Component J3 10A, 300V
Added Member To Class: ClassName=RELAY Member=Component J4 10A, 300V
Added Member To Class: ClassName=RELAY Member=Component J5 10A, 300V
Added Member To Class: ClassName=RELAY Member=Component J6 10A, 300V
Added Member To Class: ClassName=RELAY Member=Component K1 277 VAC, 30 VDC
Added Member To Class: ClassName=RELAY Member=Component K2 277 VAC, 30 VDC
Added Member To Class: ClassName=RELAY Member=Component K3 277 VAC, 30 VDC
Added Member To Class: ClassName=RELAY Member=Component K4 277 VAC, 30 VDC
Added Member To Class: ClassName=RELAY Member=Component Q4 HF
Added Member To Class: ClassName=RELAY Member=Component Q5 HF
Added Member To Class: ClassName=RELAY Member=Component Q6 HF
Added Member To Class: ClassName=RELAY Member=Component Q7 HF
Added Member To Class: ClassName=RELAY Member=Component U12 OPTO PC817 SMD
