Change Component Designator: OldDesignator=TP1 NewDesignator=1
Change Component Designator: OldDesignator=TP2 NewDesignator=2
Change Component Designator: OldDesignator=TP3 NewDesignator=3
Change Component Designator: OldDesignator=TP4 NewDesignator=4
Change Component Designator: OldDesignator=TP5 NewDesignator=5
Change Component Designator: OldDesignator=TP6 NewDesignator=6
Change Component Designator: OldDesignator=TP7 NewDesignator=7
Change Component Designator: OldDesignator=TP8 NewDesignator=8
Change Component Designator: OldDesignator=TP9 NewDesignator=9
Change Component Designator: OldDesignator=TP10 NewDesignator=10
Change Component Designator: OldDesignator=TP11 NewDesignator=11
Change Component Designator: OldDesignator=TP12 NewDesignator=12
Change Component Designator: OldDesignator=TP13 NewDesignator=13
Change Component Designator: OldDesignator=TP14 NewDesignator=14
Change Component Designator: OldDesignator=TP15 NewDesignator=15
Change Component Designator: OldDesignator=TP16 NewDesignator=16
Change Component Designator: OldDesignator=TP17 NewDesignator=17
Change Net Name : Old Net Name=NetTP1_1 New Net Name=Net1_1
Change Net Name : Old Net Name=NetTP2_1 New Net Name=Net2_1
Change Net Name : Old Net Name=NetTP3_1 New Net Name=Net3_1
Change Net Name : Old Net Name=NetTP4_1 New Net Name=Net4_1
Change Net Name : Old Net Name=NetTP5_1 New Net Name=Net5_1
Change Net Name : Old Net Name=NetTP6_1 New Net Name=Net6_1
Change Net Name : Old Net Name=NetTP7_1 New Net Name=Net7_1
Change Net Name : Old Net Name=NetTP8_1 New Net Name=Net8_1
Change Net Name : Old Net Name=NetTP9_1 New Net Name=Net9_1
Change Net Name : Old Net Name=NetTP10_1 New Net Name=Net10_1
Change Net Name : Old Net Name=NetTP11_1 New Net Name=Net11_1
Change Net Name : Old Net Name=NetTP12_1 New Net Name=Net12_1
Change Net Name : Old Net Name=NetTP13_1 New Net Name=Net13_1
Change Net Name : Old Net Name=NetTP14_1 New Net Name=Net14_1
Change Net Name : Old Net Name=NetTP15_1 New Net Name=Net15_1
Change Net Name : Old Net Name=NetTP16_1 New Net Name=Net16_1
Change Net Name : Old Net Name=NetTP17_1 New Net Name=Net17_1
Add Differential Pair: Number of nets in differential pair DN is 1 instead of 2
Add Differential Pair: Number of nets in differential pair DP is 1 instead of 2
Add Differential Pair: Number of nets in differential pair NetJ1_2 is 1 instead of 2
Add Differential Pair: Number of nets in differential pair NetJ1_3 is 1 instead of 2
