Removed Pin From Net: NetName=NetC22_2 Pin=F1-1
Removed Pin From Net: NetName=+5V_USB Pin=F1-2
Removed Member From Class: ClassName=USB Member=F1
Added Component: Designator=F?(Fuse_SMD_0805)
Add component (AddParameter): Name = "ComponentLink1Description"; Value = "Datasheet link"; VariantName = "[No Variations]"
Add component (AddParameter): Name = "ComponentLink1URL"; Value = "https://www.littelfuse.com/~/media/electronics/datasheets/resettable_ptcs/littelfuse_ptc_0805l_datasheet.pdf.pdf"; VariantName = "[No Variations]"
Add component (AddParameter): Name = "ComponentLink2Description"; Value = "Supplier 1 URL"; VariantName = "[No Variations]"
Add component (AddParameter): Name = "ComponentLink2URL"; Value = "https://www.mouser.vn/ProductDetail/Littelfuse/0805L100WR?qs=SJZ%252BTX%252BI2BTMlREVsW49pQ%3D%3D"; VariantName = "[No Variations]"
Add component (AddParameter): Name = "ComponentLink3Description"; Value = "Supplier 2 URL"; VariantName = "[No Variations]"
Add component (AddParameter): Name = "ComponentLink3URL"; Value = "https://www.digikey.com/en/products/detail/littelfuse-inc/0805L100WR/1212824"; VariantName = "[No Variations]"
Add component (AddParameter): Name = "ComponentLink4Description"; Value = "Supplier 3 URL"; VariantName = "[No Variations]"
Add component (AddParameter): Name = "ComponentLink4URL"; Value = "https://www.thegioiic.com/0805l100wr-cau-chi-tu-phuc-hoi-0805-6v-1a"; VariantName = "[No Variations]"
Add component (AddParameter): Name = "Hold Current"; Value = "1A"; VariantName = "[No Variations]"
Add component (AddParameter): Name = "Manufacturer"; Value = "Littelfuse"; VariantName = "[No Variations]"
Add component (AddParameter): Name = "Mounting Technology"; Value = "SMT/SMD"; VariantName = "[No Variations]"
Add component (AddParameter): Name = "Size"; Value = "0805"; VariantName = "[No Variations]"
Add component (AddParameter): Name = "Supplier 1 Name"; Value = "Mouser"; VariantName = "[No Variations]"
Add component (AddParameter): Name = "Supplier 1 SN"; Value = "576-0805L100"; VariantName = "[No Variations]"
Add component (AddParameter): Name = "Supplier 1 URL"; Value = "https://www.mouser.vn/ProductDetail/Littelfuse/0805L100WR?qs=SJZ%252BTX%252BI2BTMlREVsW49pQ%3D%3D"; VariantName = "[No Variations]"
Add component (AddParameter): Name = "Supplier 2 Name"; Value = "Digi-Key"; VariantName = "[No Variations]"
Add component (AddParameter): Name = "Supplier 2 SN"; Value = "F2774TR-ND"; VariantName = "[No Variations]"
Add component (AddParameter): Name = "Supplier 2 URL"; Value = "https://www.mouser.vn/ProductDetail/Littelfuse/0805L100WR?qs=SJZ%252BTX%252BI2BTMlREVsW49pQ%3D%3D"; VariantName = "[No Variations]"
Add component (AddParameter): Name = "Supplier 3 Name"; Value = "thegioiic"; VariantName = "[No Variations]"
Add component (AddParameter): Name = "Supplier 3 SN"; Value = "0805L100WR"; VariantName = "[No Variations]"
Add component (AddParameter): Name = "Supplier 3 URL"; Value = "https://www.thegioiic.com/0805l100wr-cau-chi-tu-phuc-hoi-0805-6v-1a"; VariantName = "[No Variations]"
Add component (AddParameter): Name = "Threshold Current"; Value = "40A"; VariantName = "[No Variations]"
Add component (AddParameter): Name = "Threshold Voltage"; Value = "6V"; VariantName = "[No Variations]"
Add component (AddParameter): Name = "Trip Current"; Value = "1.95A"; VariantName = "[No Variations]"
Add component (AddParameter): Name = "Value"; Value = "6V,  1A"; VariantName = "[No Variations]"
Added Pin To Net: NetName=NetC22_2 Pin=F?-0
Added Pin To Net: NetName=+5V_USB Pin=F?-1
Add Differential Pair: Number of nets in differential pair DN is 1 instead of 2
Add Differential Pair: Number of nets in differential pair DP is 1 instead of 2
Add Differential Pair: Number of nets in differential pair NetJ1_2 is 1 instead of 2
Add Differential Pair: Number of nets in differential pair NetJ1_3 is 1 instead of 2
Added Member To Class: ClassName=USB Member=Component F? 6V,  1A
Added Room: Name=ESP32
