Change Component Designator: OldDesignator=B3 NewDesignator=B4
Added Component: Designator=TP1(TP)
Add component (AddParameter): Name = "Value"; Value = "Test Point"; VariantName = "[No Variations]"
Added Component: Designator=TP2(TP)
Add component (AddParameter): Name = "Value"; Value = "Test Point"; VariantName = "[No Variations]"
Added Component: Designator=TP3(TP)
Add component (AddParameter): Name = "Value"; Value = "Test Point"; VariantName = "[No Variations]"
Added Component: Designator=TP4(TP)
Add component (AddParameter): Name = "Value"; Value = "Test Point"; VariantName = "[No Variations]"
Added Component: Designator=TP5(TP)
Add component (AddParameter): Name = "Value"; Value = "Test Point"; VariantName = "[No Variations]"
Added Component: Designator=TP6(TP)
Add component (AddParameter): Name = "Value"; Value = "Test Point"; VariantName = "[No Variations]"
Added Component: Designator=TP7(TP)
Add component (AddParameter): Name = "Value"; Value = "Test Point"; VariantName = "[No Variations]"
Added Component: Designator=TP8(TP)
Add component (AddParameter): Name = "Value"; Value = "Test Point"; VariantName = "[No Variations]"
Added Component: Designator=TP9(TP)
Add component (AddParameter): Name = "Value"; Value = "Test Point"; VariantName = "[No Variations]"
Added Component: Designator=TP10(TP)
Add component (AddParameter): Name = "Value"; Value = "Test Point"; VariantName = "[No Variations]"
Added Component: Designator=TP11(TP)
Add component (AddParameter): Name = "Value"; Value = "Test Point"; VariantName = "[No Variations]"
Added Component: Designator=TP12(TP)
Add component (AddParameter): Name = "Value"; Value = "Test Point"; VariantName = "[No Variations]"
Added Component: Designator=TP13(TP)
Add component (AddParameter): Name = "Value"; Value = "Test Point"; VariantName = "[No Variations]"
Added Component: Designator=TP14(TP)
Add component (AddParameter): Name = "Value"; Value = "Test Point"; VariantName = "[No Variations]"
Added Component: Designator=TP15(TP)
Add component (AddParameter): Name = "Value"; Value = "Test Point"; VariantName = "[No Variations]"
Added Component: Designator=TP16(TP)
Add component (AddParameter): Name = "Value"; Value = "Test Point"; VariantName = "[No Variations]"
Added Component: Designator=TP17(TP)
Add component (AddParameter): Name = "Value"; Value = "Test Point"; VariantName = "[No Variations]"
Added Pin To Net: NetName=NetTP1_1 Pin=TP1-1
Added Pin To Net: NetName=NetTP1_1 Pin=U1-22
Added Net: Name=NetTP1_1
Added Pin To Net: NetName=NetTP2_1 Pin=TP2-1
Added Pin To Net: NetName=NetTP2_1 Pin=U1-21
Added Net: Name=NetTP2_1
Added Pin To Net: NetName=NetTP3_1 Pin=TP3-1
Added Pin To Net: NetName=NetTP3_1 Pin=U1-20
Added Net: Name=NetTP3_1
Added Pin To Net: NetName=NetTP4_1 Pin=TP4-1
Added Pin To Net: NetName=NetTP4_1 Pin=U1-19
Added Net: Name=NetTP4_1
Added Pin To Net: NetName=NetTP5_1 Pin=TP5-1
Added Pin To Net: NetName=NetTP5_1 Pin=U1-18
Added Net: Name=NetTP5_1
Added Pin To Net: NetName=NetTP6_1 Pin=TP6-1
Added Pin To Net: NetName=NetTP6_1 Pin=U1-17
Added Net: Name=NetTP6_1
Added Pin To Net: NetName=NetTP7_1 Pin=TP7-1
Added Pin To Net: NetName=NetTP7_1 Pin=U1-16
Added Net: Name=NetTP7_1
Added Pin To Net: NetName=NetTP8_1 Pin=TP8-1
Added Pin To Net: NetName=NetTP8_1 Pin=U1-15
Added Net: Name=NetTP8_1
Added Pin To Net: NetName=NetTP9_1 Pin=TP9-1
Added Pin To Net: NetName=NetTP9_1 Pin=U1-25
Added Net: Name=NetTP9_1
Added Pin To Net: NetName=NetTP10_1 Pin=TP10-1
Added Pin To Net: NetName=NetTP10_1 Pin=U1-26
Added Net: Name=NetTP10_1
Added Pin To Net: NetName=NetTP11_1 Pin=TP11-1
Added Pin To Net: NetName=NetTP11_1 Pin=U1-27
Added Net: Name=NetTP11_1
Added Pin To Net: NetName=NetTP12_1 Pin=TP12-1
Added Pin To Net: NetName=NetTP12_1 Pin=U1-28
Added Net: Name=NetTP12_1
Added Pin To Net: NetName=NetTP13_1 Pin=TP13-1
Added Pin To Net: NetName=NetTP13_1 Pin=U1-29
Added Net: Name=NetTP13_1
Added Pin To Net: NetName=NetTP14_1 Pin=TP14-1
Added Pin To Net: NetName=NetTP14_1 Pin=U1-4
Added Net: Name=NetTP14_1
Added Pin To Net: NetName=NetTP15_1 Pin=TP15-1
Added Pin To Net: NetName=NetTP15_1 Pin=U1-3
Added Net: Name=NetTP15_1
Added Pin To Net: NetName=NetTP16_1 Pin=TP16-1
Added Pin To Net: NetName=NetTP16_1 Pin=U1-45
Added Net: Name=NetTP16_1
Added Pin To Net: NetName=NetTP17_1 Pin=TP17-1
Added Pin To Net: NetName=NetTP17_1 Pin=U1-46
Added Net: Name=NetTP17_1
Add Differential Pair: Number of nets in differential pair DN is 1 instead of 2
Add Differential Pair: Number of nets in differential pair DP is 1 instead of 2
Add Differential Pair: Number of nets in differential pair NetJ1_2 is 1 instead of 2
Add Differential Pair: Number of nets in differential pair NetJ1_3 is 1 instead of 2
Added Member To Class: ClassName=ESP32 Member=Component B4 Button SMD 2 Pin 3x4mm
Added Member To Class: ClassName=STM32 Member=Component TP1 Test Point
Added Member To Class: ClassName=STM32 Member=Component TP2 Test Point
Added Member To Class: ClassName=STM32 Member=Component TP3 Test Point
Added Member To Class: ClassName=STM32 Member=Component TP4 Test Point
Added Member To Class: ClassName=STM32 Member=Component TP5 Test Point
Added Member To Class: ClassName=STM32 Member=Component TP6 Test Point
Added Member To Class: ClassName=STM32 Member=Component TP7 Test Point
Added Member To Class: ClassName=STM32 Member=Component TP8 Test Point
Added Member To Class: ClassName=STM32 Member=Component TP9 Test Point
Added Member To Class: ClassName=STM32 Member=Component TP10 Test Point
Added Member To Class: ClassName=STM32 Member=Component TP11 Test Point
Added Member To Class: ClassName=STM32 Member=Component TP12 Test Point
Added Member To Class: ClassName=STM32 Member=Component TP13 Test Point
Added Member To Class: ClassName=STM32 Member=Component TP14 Test Point
Added Member To Class: ClassName=STM32 Member=Component TP15 Test Point
Added Member To Class: ClassName=STM32 Member=Component TP16 Test Point
Added Member To Class: ClassName=STM32 Member=Component TP17 Test Point
