Archive member included to satisfy reference by file (symbol)

C:/ST/STM32CubeIDE_1.16.1/STM32CubeIDE/plugins/com.st.stm32cube.ide.mcu.externaltools.gnu-tools-for-stm32.13.3.rel1.win32_1.0.0.202411081344/tools/bin/../lib/gcc/arm-none-eabi/13.3.1/../../../../arm-none-eabi/lib/thumb/v7-m/nofp\libc_nano.a(libc_a-exit.o)
                              C:/ST/STM32CubeIDE_1.16.1/STM32CubeIDE/plugins/com.st.stm32cube.ide.mcu.externaltools.gnu-tools-for-stm32.13.3.rel1.win32_1.0.0.202411081344/tools/bin/../lib/gcc/arm-none-eabi/13.3.1/../../../../arm-none-eabi/lib/thumb/v7-m/nofp/crt0.o (exit)
C:/ST/STM32CubeIDE_1.16.1/STM32CubeIDE/plugins/com.st.stm32cube.ide.mcu.externaltools.gnu-tools-for-stm32.13.3.rel1.win32_1.0.0.202411081344/tools/bin/../lib/gcc/arm-none-eabi/13.3.1/../../../../arm-none-eabi/lib/thumb/v7-m/nofp\libc_nano.a(libc_a-findfp.o)
                              C:/ST/STM32CubeIDE_1.16.1/STM32CubeIDE/plugins/com.st.stm32cube.ide.mcu.externaltools.gnu-tools-for-stm32.13.3.rel1.win32_1.0.0.202411081344/tools/bin/../lib/gcc/arm-none-eabi/13.3.1/../../../../arm-none-eabi/lib/thumb/v7-m/nofp\libc_nano.a(libc_a-exit.o) (__stdio_exit_handler)
C:/ST/STM32CubeIDE_1.16.1/STM32CubeIDE/plugins/com.st.stm32cube.ide.mcu.externaltools.gnu-tools-for-stm32.13.3.rel1.win32_1.0.0.202411081344/tools/bin/../lib/gcc/arm-none-eabi/13.3.1/../../../../arm-none-eabi/lib/thumb/v7-m/nofp\libc_nano.a(libc_a-fwalk.o)
                              C:/ST/STM32CubeIDE_1.16.1/STM32CubeIDE/plugins/com.st.stm32cube.ide.mcu.externaltools.gnu-tools-for-stm32.13.3.rel1.win32_1.0.0.202411081344/tools/bin/../lib/gcc/arm-none-eabi/13.3.1/../../../../arm-none-eabi/lib/thumb/v7-m/nofp\libc_nano.a(libc_a-findfp.o) (_fwalk_sglue)
C:/ST/STM32CubeIDE_1.16.1/STM32CubeIDE/plugins/com.st.stm32cube.ide.mcu.externaltools.gnu-tools-for-stm32.13.3.rel1.win32_1.0.0.202411081344/tools/bin/../lib/gcc/arm-none-eabi/13.3.1/../../../../arm-none-eabi/lib/thumb/v7-m/nofp\libc_nano.a(libc_a-stdio.o)
                              C:/ST/STM32CubeIDE_1.16.1/STM32CubeIDE/plugins/com.st.stm32cube.ide.mcu.externaltools.gnu-tools-for-stm32.13.3.rel1.win32_1.0.0.202411081344/tools/bin/../lib/gcc/arm-none-eabi/13.3.1/../../../../arm-none-eabi/lib/thumb/v7-m/nofp\libc_nano.a(libc_a-findfp.o) (__sread)
C:/ST/STM32CubeIDE_1.16.1/STM32CubeIDE/plugins/com.st.stm32cube.ide.mcu.externaltools.gnu-tools-for-stm32.13.3.rel1.win32_1.0.0.202411081344/tools/bin/../lib/gcc/arm-none-eabi/13.3.1/../../../../arm-none-eabi/lib/thumb/v7-m/nofp\libc_nano.a(libc_a-memset.o)
                              C:/ST/STM32CubeIDE_1.16.1/STM32CubeIDE/plugins/com.st.stm32cube.ide.mcu.externaltools.gnu-tools-for-stm32.13.3.rel1.win32_1.0.0.202411081344/tools/bin/../lib/gcc/arm-none-eabi/13.3.1/../../../../arm-none-eabi/lib/thumb/v7-m/nofp/crt0.o (memset)
C:/ST/STM32CubeIDE_1.16.1/STM32CubeIDE/plugins/com.st.stm32cube.ide.mcu.externaltools.gnu-tools-for-stm32.13.3.rel1.win32_1.0.0.202411081344/tools/bin/../lib/gcc/arm-none-eabi/13.3.1/../../../../arm-none-eabi/lib/thumb/v7-m/nofp\libc_nano.a(libc_a-closer.o)
                              C:/ST/STM32CubeIDE_1.16.1/STM32CubeIDE/plugins/com.st.stm32cube.ide.mcu.externaltools.gnu-tools-for-stm32.13.3.rel1.win32_1.0.0.202411081344/tools/bin/../lib/gcc/arm-none-eabi/13.3.1/../../../../arm-none-eabi/lib/thumb/v7-m/nofp\libc_nano.a(libc_a-stdio.o) (_close_r)
C:/ST/STM32CubeIDE_1.16.1/STM32CubeIDE/plugins/com.st.stm32cube.ide.mcu.externaltools.gnu-tools-for-stm32.13.3.rel1.win32_1.0.0.202411081344/tools/bin/../lib/gcc/arm-none-eabi/13.3.1/../../../../arm-none-eabi/lib/thumb/v7-m/nofp\libc_nano.a(libc_a-reent.o)
                              C:/ST/STM32CubeIDE_1.16.1/STM32CubeIDE/plugins/com.st.stm32cube.ide.mcu.externaltools.gnu-tools-for-stm32.13.3.rel1.win32_1.0.0.202411081344/tools/bin/../lib/gcc/arm-none-eabi/13.3.1/../../../../arm-none-eabi/lib/thumb/v7-m/nofp\libc_nano.a(libc_a-closer.o) (errno)
C:/ST/STM32CubeIDE_1.16.1/STM32CubeIDE/plugins/com.st.stm32cube.ide.mcu.externaltools.gnu-tools-for-stm32.13.3.rel1.win32_1.0.0.202411081344/tools/bin/../lib/gcc/arm-none-eabi/13.3.1/../../../../arm-none-eabi/lib/thumb/v7-m/nofp\libc_nano.a(libc_a-impure.o)
                              C:/ST/STM32CubeIDE_1.16.1/STM32CubeIDE/plugins/com.st.stm32cube.ide.mcu.externaltools.gnu-tools-for-stm32.13.3.rel1.win32_1.0.0.202411081344/tools/bin/../lib/gcc/arm-none-eabi/13.3.1/../../../../arm-none-eabi/lib/thumb/v7-m/nofp\libc_nano.a(libc_a-reent.o) (_impure_ptr)
C:/ST/STM32CubeIDE_1.16.1/STM32CubeIDE/plugins/com.st.stm32cube.ide.mcu.externaltools.gnu-tools-for-stm32.13.3.rel1.win32_1.0.0.202411081344/tools/bin/../lib/gcc/arm-none-eabi/13.3.1/../../../../arm-none-eabi/lib/thumb/v7-m/nofp\libc_nano.a(libc_a-lseekr.o)
[...]
Memory Configuration

Name             Origin             Length             Attributes
RAM              0x20000000         0x00005000         xrw
FLASH            0x08000000         0x00010000         xr
*default*        0x00000000         0xffffffff

Linker script and memory map

LOAD C:/ST/STM32CubeIDE_1.16.1/STM32CubeIDE/plugins/com.st.stm32cube.ide.mcu.externaltools.gnu-tools-for-stm32.13.3.rel1.win32_1.0.0.202411081344/tools/bin/../lib/gcc/arm-none-eabi/13.3.1/thumb/v7-m/nofp/crti.o
LOAD C:/ST/STM32CubeIDE_1.16.1/STM32CubeIDE/plugins/com.st.stm32cube.ide.mcu.externaltools.gnu-tools-for-stm32.13.3.rel1.win32_1.0.0.202411081344/tools/bin/../lib/gcc/arm-none-eabi/13.3.1/thumb/v7-m/nofp/crtbegin.o
LOAD C:/ST/STM32CubeIDE_1.16.1/STM32CubeIDE/plugins/com.st.stm32cube.ide.mcu.externaltools.gnu-tools-for-stm32.13.3.rel1.win32_1.0.0.202411081344/tools/bin/../lib/gcc/arm-none-eabi/13.3.1/../../../../arm-none-eabi/lib/thumb/v7-m/nofp/crt0.o
LOAD ./App/UART/uart.o
LOAD ./Core/Src/main.o
LOAD ./Core/Src/stm32f1xx_hal_msp.o
LOAD ./Core/Src/stm32f1xx_it.o
LOAD ./Core/Src/syscalls.o
LOAD ./Core/Src/sysmem.o
LOAD ./Core/Src/system_stm32f1xx.o
LOAD ./Core/Startup/startup_stm32f103c8tx.o
LOAD ./DELAY/Delay_us.o
LOAD ./Drivers/STM32F1xx_HAL_Driver/Src/stm32f1xx_hal.o
LOAD ./Drivers/STM32F1xx_HAL_Driver/Src/stm32f1xx_hal_cortex.o
LOAD ./Drivers/STM32F1xx_HAL_Driver/Src/stm32f1xx_hal_dma.o
LOAD ./Drivers/STM32F1xx_HAL_Driver/Src/stm32f1xx_hal_exti.o
LOAD ./Drivers/STM32F1xx_HAL_Driver/Src/stm32f1xx_hal_flash.o
LOAD ./Drivers/STM32F1xx_HAL_Driver/Src/stm32f1xx_hal_flash_ex.o
LOAD ./Drivers/STM32F1xx_HAL_Driver/Src/stm32f1xx_hal_gpio.o
LOAD ./Drivers/STM32F1xx_HAL_Driver/Src/stm32f1xx_hal_gpio_ex.o
LOAD ./Drivers/STM32F1xx_HAL_Driver/Src/stm32f1xx_hal_i2c.o
LOAD ./Drivers/STM32F1xx_HAL_Driver/Src/stm32f1xx_hal_pwr.o
LOAD ./Drivers/STM32F1xx_HAL_Driver/Src/stm32f1xx_hal_rcc.o
LOAD ./Drivers/STM32F1xx_HAL_Driver/Src/stm32f1xx_hal_rcc_ex.o
LOAD ./Drivers/STM32F1xx_HAL_Driver/Src/stm32f1xx_hal_tim.o
LOAD ./Drivers/STM32F1xx_HAL_Driver/Src/stm32f1xx_hal_tim_ex.o
LOAD ./Drivers/STM32F1xx_HAL_Driver/Src/stm32f1xx_hal_uart.o
LOAD ./Libs/DHT11/DHT.o
LOAD ./Libs/DS3231/ds3231_i2c.o
LOAD ./Libs/MIN/min.o
LOAD ./Libs/PIR/pir_am312.o
LOAD ./Libs/RingBuffer/RingBuffer.o
START GROUP
LOAD C:/ST/STM32CubeIDE_1.16.1/STM32CubeIDE/plugins/com.st.stm32cube.ide.mcu.externaltools.gnu-tools-for-stm32.13.3.rel1.win32_1.0.0.202411081344/tools/bin/../lib/gcc/arm-none-eabi/13.3.1/../../../../arm-none-eabi/lib/thumb/v7-m/nofp\libc_nano.a
LOAD C:/ST/STM32CubeIDE_1.16.1/STM32CubeIDE/plugins/com.st.stm32cube.ide.mcu.externaltools.gnu-tools-for-stm32.13.3.rel1.win32_1.0.0.202411081344/tools/bin/../lib/gcc/arm-none-eabi/13.3.1/../../../../arm-none-eabi/lib/thumb/v7-m/nofp\libm.a
END GROUP
START GROUP
LOAD C:/ST/STM32CubeIDE_1.16.1/STM32CubeIDE/plugins/com.st.stm32cube.ide.mcu.externaltools.gnu-tools-for-stm32.13.3.rel1.win32_1.0.0.202411081344/tools/bin/../lib/gcc/arm-none-eabi/13.3.1/thumb/v7-m/nofp\libgcc.a
LOAD C:/ST/STM32CubeIDE_1.16.1/STM32CubeIDE/plugins/com.st.stm32cube.ide.mcu.externaltools.gnu-tools-for-stm32.13.3.rel1.win32_1.0.0.202411081344/tools/bin/../lib/gcc/arm-none-eabi/13.3.1/../../../../arm-none-eabi/lib/thumb/v7-m/nofp\libc_nano.a
END GROUP
START GROUP
LOAD C:/ST/STM32CubeIDE_1.16.1/STM32CubeIDE/plugins/com.st.stm32cube.ide.mcu.externaltools.gnu-tools-for-stm32.13.3.rel1.win32_1.0.0.202411081344/tools/bin/../lib/gcc/arm-none-eabi/13.3.1/thumb/v7-m/nofp\libgcc.a
LOAD C:/ST/STM32CubeIDE_1.16.1/STM32CubeIDE/plugins/com.st.stm32cube.ide.mcu.externaltools.gnu-tools-for-stm32.13.3.rel1.win32_1.0.0.202411081344/tools/bin/../lib/gcc/arm-none-eabi/13.3.1/../../../../arm-none-eabi/lib/thumb/v7-m/nofp\libc_nano.a
LOAD C:/ST/STM32CubeIDE_1.16.1/STM32CubeIDE/plugins/com.st.stm32cube.ide.mcu.externaltools.gnu-tools-for-stm32.13.3.rel1.win32_1.0.0.202411081344/tools/bin/../lib/gcc/arm-none-eabi/13.3.1/../../../../arm-none-eabi/lib/thumb/v7-m/nofp\libnosys.a
END GROUP
START GROUP
LOAD C:/ST/STM32CubeIDE_1.16.1/STM32CubeIDE/plugins/com.st.stm32cube.ide.mcu.externaltools.gnu-tools-for-stm32.13.3.rel1.win32_1.0.0.202411081344/tools/bin/../lib/gcc/arm-none-eabi/13.3.1/thumb/v7-m/nofp\libgcc.a
LOAD C:/ST/STM32CubeIDE_1.16.1/STM32CubeIDE/plugins/com.st.stm32cube.ide.mcu.externaltools.gnu-tools-for-stm32.13.3.rel1.win32_1.0.0.202411081344/tools/bin/../lib/gcc/arm-none-eabi/13.3.1/../../../../arm-none-eabi/lib/thumb/v7-m/nofp\libc_nano.a
LOAD C:/ST/STM32CubeIDE_1.16.1/STM32CubeIDE/plugins/com.st.stm32cube.ide.mcu.externaltools.gnu-tools-for-stm32.13.3.rel1.win32_1.0.0.202411081344/tools/bin/../lib/gcc/arm-none-eabi/13.3.1/../../../../arm-none-eabi/lib/thumb/v7-m/nofp\libnosys.a
END GROUP
LOAD C:/ST/STM32CubeIDE_1.16.1/STM32CubeIDE/plugins/com.st.stm32cube.ide.mcu.externaltools.gnu-tools-for-stm32.13.3.rel1.win32_1.0.0.202411081344/tools/bin/../lib/gcc/arm-none-eabi/13.3.1/thumb/v7-m/nofp/crtend.o
LOAD C:/ST/STM32CubeIDE_1.16.1/STM32CubeIDE/plugins/com.st.stm32cube.ide.mcu.externaltools.gnu-tools-for-stm32.13.3.rel1.win32_1.0.0.202411081344/tools/bin/../lib/gcc/arm-none-eabi/13.3.1/thumb/v7-m/nofp/crtn.o
                0x20005000                        _estack = (ORIGIN (RAM) + LENGTH (RAM))
                0x00000200                        _Min_Heap_Size = 0x200
                0x00000400                        _Min_Stack_Size = 0x400

.isr_vector     0x08000000      0x10c
                0x08000000                        . = ALIGN (0x4)
 *(.isr_vector)
 .isr_vector    0x08000000      0x10c ./Core/Startup/startup_stm32f103c8tx.o
                0x08000000                g_pfnVectors
                0x0800010c                        . = ALIGN (0x4)

.text           0x0800010c     0x520c
                0x0800010c                        . = ALIGN (0x4)
 *(.text)
 .text          0x0800010c       0x40 C:/ST/STM32CubeIDE_1.16.1/STM32CubeIDE/plugins/com.st.stm32cube.ide.mcu.externaltools.gnu-tools-for-stm32.13.3.rel1.win32_1.0.0.202411081344/tools/bin/../lib/gcc/arm-none-eabi/13.3.1/thumb/v7-m/nofp/crtbegin.o
 .text          0x0800014c      0x378 C:/ST/STM32CubeIDE_1.16.1/STM32CubeIDE/plugins/com.st.stm32cube.ide.mcu.externaltools.gnu-tools-for-stm32.13.3.rel1.win32_1.0.0.202411081344/tools/bin/../lib/gcc/arm-none-eabi/13.3.1/thumb/v7-m/nofp\libgcc.a(_arm_addsubdf3.o)
                0x0800014c                __aeabi_drsub
                0x08000154                __aeabi_dsub
                0x08000154                __subdf3
                0x08000158                __aeabi_dadd
                0x08000158                __adddf3
                0x080003d0                __floatunsidf
                0x080003d0                __aeabi_ui2d
                0x080003f0                __floatsidf
                0x080003f0                __aeabi_i2d
                0x08000414                __aeabi_f2d
                0x08000414                __extendsfdf2
                0x08000458                __floatundidf
                0x08000458                __aeabi_ul2d
                0x08000468                __floatdidf
                0x08000468                __aeabi_l2d
 .text          0x080004c4       0xa0 C:/ST/STM32CubeIDE_1.16.1/STM32CubeIDE/plugins/com.st.stm32cube.ide.mcu.externaltools.gnu-tools-for-stm32.13.3.rel1.win32_1.0.0.202411081344/tools/bin/../lib/gcc/arm-none-eabi/13.3.1/thumb/v7-m/nofp\libgcc.a(_arm_truncdfsf2.o)
                0x080004c4                __truncdfsf2
                0x080004c4                __aeabi_d2f
 .text          0x08000564       0x40 C:/ST/STM32CubeIDE_1.16.1/STM32CubeIDE/plugins/com.st.stm32cube.ide.mcu.externaltools.gnu-tools-for-stm32.13.3.rel1.win32_1.0.0.202411081344/tools/bin/../lib/gcc/arm-none-eabi/13.3.1/thumb/v7-m/nofp\libgcc.a(_arm_fixunssfsi.o)
                0x08000564                __fixunssfsi
                0x08000564                __aeabi_f2uiz
 *(.text*)
 .text.uart_init
                0x080005a4       0x1c ./App/UART/uart.o
                0x080005a4                uart_init
 .text.receive_rx
                0x080005c0       0x20 ./App/UART/uart.o
                0x080005c0                receive_rx
 .text.uart_available
                0x080005e0       0x14 ./App/UART/uart.o
                0x080005e0                uart_available
 .text.uart_read
                0x080005f4       0x20 ./App/UART/uart.o
                0x080005f4                uart_read
 .text.HAL_UART_RxCpltCallback
                0x08000614       0x38 ./Core/Src/main.o
                0x08000614                HAL_UART_RxCpltCallback
 .text.min_tx_byte
                0x0800064c       0x28 ./Core/Src/main.o
                0x0800064c                min_tx_byte
 .text.min_application_handler
                0x08000674       0x22 ./Core/Src/main.o
                0x08000674                min_application_handler
 *fill*         0x08000696        0x2 
 .text.main     0x08000698      0x20c ./Core/Src/main.o
                0x08000698                main
 .text.SystemClock_Config
                0x080008a4       0x8a ./Core/Src/main.o
                0x080008a4                SystemClock_Config
 *fill*         0x0800092e        0x2 
 .text.MX_I2C1_Init
                0x08000930       0x5c ./Core/Src/main.o
 .text.MX_TIM3_Init
                0x0800098c       0x9c ./Core/Src/main.o
 .text.MX_USART1_UART_Init
                0x08000a28       0x54 ./Core/Src/main.o
 .text.MX_GPIO_Init
                0x08000a7c       0xb0 ./Core/Src/main.o
 .text.Error_Handler
                0x08000b2c        0xc ./Core/Src/main.o
                0x08000b2c                Error_Handler
 .text.HAL_MspInit
                0x08000b38       0x64 ./Core/Src/stm32f1xx_hal_msp.o
                0x08000b38                HAL_MspInit
 .text.HAL_I2C_MspInit
                0x08000b9c       0x7c ./Core/Src/stm32f1xx_hal_msp.o
                0x08000b9c                HAL_I2C_MspInit
 .text.HAL_TIM_Base_MspInit
                0x08000c18       0x3c ./Core/Src/stm32f1xx_hal_msp.o
                0x08000c18                HAL_TIM_Base_MspInit
 .text.HAL_UART_MspInit
                0x08000c54       0xa8 ./Core/Src/stm32f1xx_hal_msp.o
                0x08000c54                HAL_UART_MspInit
 .text.NMI_Handler
                0x08000cfc        0x8 ./Core/Src/stm32f1xx_it.o
                0x08000cfc                NMI_Handler
 .text.HardFault_Handler
                0x08000d04        0x8 ./Core/Src/stm32f1xx_it.o
                0x08000d04                HardFault_Handler
 .text.MemManage_Handler
                0x08000d0c        0x8 ./Core/Src/stm32f1xx_it.o
                0x08000d0c                MemManage_Handler
 .text.BusFault_Handler
                0x08000d14        0x8 ./Core/Src/stm32f1xx_it.o
                0x08000d14                BusFault_Handler
 .text.UsageFault_Handler
                0x08000d1c        0x8 ./Core/Src/stm32f1xx_it.o
                0x08000d1c                UsageFault_Handler
 .text.SVC_Handler
                0x08000d24        0xc ./Core/Src/stm32f1xx_it.o
                0x08000d24                SVC_Handler
 .text.DebugMon_Handler
                0x08000d30        0xc ./Core/Src/stm32f1xx_it.o
                0x08000d30                DebugMon_Handler
 .text.PendSV_Handler
                0x08000d3c        0xc ./Core/Src/stm32f1xx_it.o
                0x08000d3c                PendSV_Handler
 .text.SysTick_Handler
                0x08000d48        0xc ./Core/Src/stm32f1xx_it.o
                0x08000d48                SysTick_Handler
 .text.USART1_IRQHandler
                0x08000d54       0x14 ./Core/Src/stm32f1xx_it.o
                0x08000d54                USART1_IRQHandler
 .text.SystemInit
                0x08000d68        0xc ./Core/Src/system_stm32f1xx.o
                0x08000d68                SystemInit
 .text.Reset_Handler
                0x08000d74       0x48 ./Core/Startup/startup_stm32f103c8tx.o
                0x08000d74                Reset_Handler
 .text.Default_Handler
                0x08000dbc        0x2 ./Core/Startup/startup_stm32f103c8tx.o
                0x08000dbc                RTC_Alarm_IRQHandler
                0x08000dbc                EXTI2_IRQHandler
                0x08000dbc                TIM1_CC_IRQHandler
                0x08000dbc                PVD_IRQHandler
                0x08000dbc                EXTI3_IRQHandler
                0x08000dbc                EXTI0_IRQHandler
                0x08000dbc                I2C2_EV_IRQHandler
                0x08000dbc                ADC1_2_IRQHandler
                0x08000dbc                SPI1_IRQHandler
                0x08000dbc                TAMPER_IRQHandler
                0x08000dbc                DMA1_Channel4_IRQHandler
                0x08000dbc                USART3_IRQHandler
                0x08000dbc                RTC_IRQHandler
                0x08000dbc                DMA1_Channel7_IRQHandler
                0x08000dbc                CAN1_RX1_IRQHandler
                0x08000dbc                TIM4_IRQHandler
                0x08000dbc                I2C1_EV_IRQHandler
                0x08000dbc                DMA1_Channel6_IRQHandler
                0x08000dbc                TIM3_IRQHandler
                0x08000dbc                RCC_IRQHandler
                0x08000dbc                TIM1_TRG_COM_IRQHandler
                0x08000dbc                DMA1_Channel1_IRQHandler
                0x08000dbc                Default_Handler
                0x08000dbc                EXTI15_10_IRQHandler
                0x08000dbc                EXTI9_5_IRQHandler
                0x08000dbc                SPI2_IRQHandler
                0x08000dbc                DMA1_Channel5_IRQHandler
                0x08000dbc                EXTI4_IRQHandler
                0x08000dbc                USB_LP_CAN1_RX0_IRQHandler
                0x08000dbc                USB_HP_CAN1_TX_IRQHandler
                0x08000dbc                DMA1_Channel3_IRQHandler
                0x08000dbc                TIM1_UP_IRQHandler
                0x08000dbc                WWDG_IRQHandler
                0x08000dbc                TIM2_IRQHandler
                0x08000dbc                TIM1_BRK_IRQHandler
                0x08000dbc                EXTI1_IRQHandler
                0x08000dbc                USART2_IRQHandler
                0x08000dbc                I2C2_ER_IRQHandler
                0x08000dbc                DMA1_Channel2_IRQHandler
                0x08000dbc                CAN1_SCE_IRQHandler
                0x08000dbc                FLASH_IRQHandler
                0x08000dbc                I2C1_ER_IRQHandler
                0x08000dbc                USBWakeUp_IRQHandler
 *fill*         0x08000dbe        0x2 
 .text.DELAY_US_Init
                0x08000dc0       0x1c ./DELAY/Delay_us.o
                0x08000dc0                DELAY_US_Init
 .text.DELAY_US_Run
                0x08000ddc       0x44 ./DELAY/Delay_us.o
                0x08000ddc                DELAY_US_Run
 .text.HAL_Init
                0x08000e20       0x2c ./Drivers/STM32F1xx_HAL_Driver/Src/stm32f1xx_hal.o
                0x08000e20                HAL_Init
 .text.HAL_InitTick
                0x08000e4c       0x60 ./Drivers/STM32F1xx_HAL_Driver/Src/stm32f1xx_hal.o
                0x08000e4c                HAL_InitTick
 .text.HAL_IncTick
                0x08000eac       0x24 ./Drivers/STM32F1xx_HAL_Driver/Src/stm32f1xx_hal.o
                0x08000eac                HAL_IncTick
 .text.HAL_GetTick
                0x08000ed0       0x14 ./Drivers/STM32F1xx_HAL_Driver/Src/stm32f1xx_hal.o
                0x08000ed0                HAL_GetTick
 .text.__NVIC_SetPriorityGrouping
                0x08000ee4       0x48 ./Drivers/STM32F1xx_HAL_Driver/Src/stm32f1xx_hal_cortex.o
 .text.__NVIC_GetPriorityGrouping
                0x08000f2c       0x1c ./Drivers/STM32F1xx_HAL_Driver/Src/stm32f1xx_hal_cortex.o
 .text.__NVIC_EnableIRQ
                0x08000f48       0x38 ./Drivers/STM32F1xx_HAL_Driver/Src/stm32f1xx_hal_cortex.o
 .text.__NVIC_SetPriority
                0x08000f80       0x54 ./Drivers/STM32F1xx_HAL_Driver/Src/stm32f1xx_hal_cortex.o
 .text.NVIC_EncodePriority
                0x08000fd4       0x64 ./Drivers/STM32F1xx_HAL_Driver/Src/stm32f1xx_hal_cortex.o
 .text.SysTick_Config
                0x08001038       0x44 ./Drivers/STM32F1xx_HAL_Driver/Src/stm32f1xx_hal_cortex.o
 .text.HAL_NVIC_SetPriorityGrouping
                0x0800107c       0x16 ./Drivers/STM32F1xx_HAL_Driver/Src/stm32f1xx_hal_cortex.o
                0x0800107c                HAL_NVIC_SetPriorityGrouping
 .text.HAL_NVIC_SetPriority
                0x08001092       0x38 ./Drivers/STM32F1xx_HAL_Driver/Src/stm32f1xx_hal_cortex.o
                0x08001092                HAL_NVIC_SetPriority
 .text.HAL_NVIC_EnableIRQ
                0x080010ca       0x1c ./Drivers/STM32F1xx_HAL_Driver/Src/stm32f1xx_hal_cortex.o
                0x080010ca                HAL_NVIC_EnableIRQ
 .text.HAL_SYSTICK_Config
                0x080010e6       0x18 ./Drivers/STM32F1xx_HAL_Driver/Src/stm32f1xx_hal_cortex.o
                0x080010e6                HAL_SYSTICK_Config
 .text.HAL_DMA_Abort
                0x080010fe       0x76 ./Drivers/STM32F1xx_HAL_Driver/Src/stm32f1xx_hal_dma.o
                0x080010fe                HAL_DMA_Abort
 .text.HAL_DMA_Abort_IT
                0x08001174       0xf0 ./Drivers/STM32F1xx_HAL_Driver/Src/stm32f1xx_hal_dma.o
                0x08001174                HAL_DMA_Abort_IT
 .text.HAL_GPIO_Init
                0x08001264      0x308 ./Drivers/STM32F1xx_HAL_Driver/Src/stm32f1xx_hal_gpio.o
                0x08001264                HAL_GPIO_Init
 .text.HAL_GPIO_ReadPin
                0x0800156c       0x2e ./Drivers/STM32F1xx_HAL_Driver/Src/stm32f1xx_hal_gpio.o
                0x0800156c                HAL_GPIO_ReadPin
 .text.HAL_GPIO_WritePin
                0x0800159a       0x30 ./Drivers/STM32F1xx_HAL_Driver/Src/stm32f1xx_hal_gpio.o
                0x0800159a                HAL_GPIO_WritePin
 *fill*         0x080015ca        0x2 
 .text.HAL_I2C_Init
                0x080015cc      0x288 ./Drivers/STM32F1xx_HAL_Driver/Src/stm32f1xx_hal_i2c.o
                0x080015cc                HAL_I2C_Init
 .text.HAL_I2C_Mem_Write
                0x08001854      0x1f4 ./Drivers/STM32F1xx_HAL_Driver/Src/stm32f1xx_hal_i2c.o
                0x08001854                HAL_I2C_Mem_Write
 .text.HAL_I2C_Mem_Read
                0x08001a48      0x4e8 ./Drivers/STM32F1xx_HAL_Driver/Src/stm32f1xx_hal_i2c.o
                0x08001a48                HAL_I2C_Mem_Read
 .text.I2C_RequestMemoryWrite
                0x08001f30      0x12c ./Drivers/STM32F1xx_HAL_Driver/Src/stm32f1xx_hal_i2c.o
 .text.I2C_RequestMemoryRead
                0x0800205c      0x1d0 ./Drivers/STM32F1xx_HAL_Driver/Src/stm32f1xx_hal_i2c.o
 .text.I2C_WaitOnFlagUntilTimeout
                0x0800222c       0xf4 ./Drivers/STM32F1xx_HAL_Driver/Src/stm32f1xx_hal_i2c.o
 .text.I2C_WaitOnMasterAddressFlagUntilTimeout
                0x08002320      0x140 ./Drivers/STM32F1xx_HAL_Driver/Src/stm32f1xx_hal_i2c.o
 .text.I2C_WaitOnTXEFlagUntilTimeout
                0x08002460       0x90 ./Drivers/STM32F1xx_HAL_Driver/Src/stm32f1xx_hal_i2c.o
 .text.I2C_WaitOnBTFFlagUntilTimeout
                0x080024f0       0x90 ./Drivers/STM32F1xx_HAL_Driver/Src/stm32f1xx_hal_i2c.o
 .text.I2C_WaitOnRXNEFlagUntilTimeout
                0x08002580       0xba ./Drivers/STM32F1xx_HAL_Driver/Src/stm32f1xx_hal_i2c.o
 .text.I2C_IsAcknowledgeFailed
                0x0800263a       0x5c ./Drivers/STM32F1xx_HAL_Driver/Src/stm32f1xx_hal_i2c.o
 *fill*         0x08002696        0x2 
 .text.HAL_RCC_OscConfig
                0x08002698      0x504 ./Drivers/STM32F1xx_HAL_Driver/Src/stm32f1xx_hal_rcc.o
                0x08002698                HAL_RCC_OscConfig
 .text.HAL_RCC_ClockConfig
                0x08002b9c      0x1d4 ./Drivers/STM32F1xx_HAL_Driver/Src/stm32f1xx_hal_rcc.o
                0x08002b9c                HAL_RCC_ClockConfig
 .text.HAL_RCC_GetSysClockFreq
                0x08002d70       0xa8 ./Drivers/STM32F1xx_HAL_Driver/Src/stm32f1xx_hal_rcc.o
                0x08002d70                HAL_RCC_GetSysClockFreq
 .text.HAL_RCC_GetHCLKFreq
                0x08002e18       0x14 ./Drivers/STM32F1xx_HAL_Driver/Src/stm32f1xx_hal_rcc.o
                0x08002e18                HAL_RCC_GetHCLKFreq
 .text.HAL_RCC_GetPCLK1Freq
                0x08002e2c       0x28 ./Drivers/STM32F1xx_HAL_Driver/Src/stm32f1xx_hal_rcc.o
                0x08002e2c                HAL_RCC_GetPCLK1Freq
 .text.HAL_RCC_GetPCLK2Freq
                0x08002e54       0x28 ./Drivers/STM32F1xx_HAL_Driver/Src/stm32f1xx_hal_rcc.o
                0x08002e54                HAL_RCC_GetPCLK2Freq
 .text.RCC_Delay
                0x08002e7c       0x3c ./Drivers/STM32F1xx_HAL_Driver/Src/stm32f1xx_hal_rcc.o
 .text.HAL_TIM_Base_Init
                0x08002eb8       0x9e ./Drivers/STM32F1xx_HAL_Driver/Src/stm32f1xx_hal_tim.o
                0x08002eb8                HAL_TIM_Base_Init
 *fill*         0x08002f56        0x2 
 .text.HAL_TIM_Base_Start
                0x08002f58       0x94 ./Drivers/STM32F1xx_HAL_Driver/Src/stm32f1xx_hal_tim.o
                0x08002f58                HAL_TIM_Base_Start
 .text.HAL_TIM_Base_Stop
                0x08002fec       0x4c ./Drivers/STM32F1xx_HAL_Driver/Src/stm32f1xx_hal_tim.o
                0x08002fec                HAL_TIM_Base_Stop
 .text.HAL_TIM_ConfigClockSource
                0x08003038      0x18e ./Drivers/STM32F1xx_HAL_Driver/Src/stm32f1xx_hal_tim.o
                0x08003038                HAL_TIM_ConfigClockSource
 *fill*         0x080031c6        0x2 
 .text.TIM_Base_SetConfig
                0x080031c8       0xdc ./Drivers/STM32F1xx_HAL_Driver/Src/stm32f1xx_hal_tim.o
                0x080031c8                TIM_Base_SetConfig
 .text.TIM_TI1_ConfigInputStage
                0x080032a4       0x5c ./Drivers/STM32F1xx_HAL_Driver/Src/stm32f1xx_hal_tim.o
 .text.TIM_TI2_ConfigInputStage
                0x08003300       0x5e ./Drivers/STM32F1xx_HAL_Driver/Src/stm32f1xx_hal_tim.o
 .text.TIM_ITRx_SetConfig
                0x0800335e       0x34 ./Drivers/STM32F1xx_HAL_Driver/Src/stm32f1xx_hal_tim.o
 .text.TIM_ETR_SetConfig
                0x08003392       0x3e ./Drivers/STM32F1xx_HAL_Driver/Src/stm32f1xx_hal_tim.o
                0x08003392                TIM_ETR_SetConfig
 .text.HAL_TIMEx_MasterConfigSynchronization
                0x080033d0       0xbc ./Drivers/STM32F1xx_HAL_Driver/Src/stm32f1xx_hal_tim_ex.o
                0x080033d0                HAL_TIMEx_MasterConfigSynchronization
 .text.HAL_UART_Init
                0x0800348c       0xa0 ./Drivers/STM32F1xx_HAL_Driver/Src/stm32f1xx_hal_uart.o
                0x0800348c                HAL_UART_Init
 .text.HAL_UART_Transmit
                0x0800352c      0x116 ./Drivers/STM32F1xx_HAL_Driver/Src/stm32f1xx_hal_uart.o
                0x0800352c                HAL_UART_Transmit
 .text.HAL_UART_Receive_IT
                0x08003642       0x4a ./Drivers/STM32F1xx_HAL_Driver/Src/stm32f1xx_hal_uart.o
                0x08003642                HAL_UART_Receive_IT
 .text.HAL_UART_IRQHandler
                0x0800368c      0x524 ./Drivers/STM32F1xx_HAL_Driver/Src/stm32f1xx_hal_uart.o
                0x0800368c                HAL_UART_IRQHandler
 .text.HAL_UART_TxCpltCallback
                0x08003bb0       0x12 ./Drivers/STM32F1xx_HAL_Driver/Src/stm32f1xx_hal_uart.o
                0x08003bb0                HAL_UART_TxCpltCallback
 .text.HAL_UART_ErrorCallback
                0x08003bc2       0x12 ./Drivers/STM32F1xx_HAL_Driver/Src/stm32f1xx_hal_uart.o
                0x08003bc2                HAL_UART_ErrorCallback
 .text.HAL_UARTEx_RxEventCallback
                0x08003bd4       0x16 ./Drivers/STM32F1xx_HAL_Driver/Src/stm32f1xx_hal_uart.o
                0x08003bd4                HAL_UARTEx_RxEventCallback
 .text.UART_WaitOnFlagUntilTimeout
                0x08003bea       0xb2 ./Drivers/STM32F1xx_HAL_Driver/Src/stm32f1xx_hal_uart.o
 .text.UART_Start_Receive_IT
                0x08003c9c       0x72 ./Drivers/STM32F1xx_HAL_Driver/Src/stm32f1xx_hal_uart.o
                0x08003c9c                UART_Start_Receive_IT
 .text.UART_EndRxTransfer
                0x08003d0e       0xc4 ./Drivers/STM32F1xx_HAL_Driver/Src/stm32f1xx_hal_uart.o
 .text.UART_DMAAbortOnError
                0x08003dd2       0x28 ./Drivers/STM32F1xx_HAL_Driver/Src/stm32f1xx_hal_uart.o
 .text.UART_Transmit_IT
                0x08003dfa       0x9e ./Drivers/STM32F1xx_HAL_Driver/Src/stm32f1xx_hal_uart.o
 .text.UART_EndTransmit_IT
                0x08003e98       0x30 ./Drivers/STM32F1xx_HAL_Driver/Src/stm32f1xx_hal_uart.o
 .text.UART_Receive_IT
                0x08003ec8      0x17c ./Drivers/STM32F1xx_HAL_Driver/Src/stm32f1xx_hal_uart.o
 .text.UART_SetConfig
                0x08004044      0x11c ./Drivers/STM32F1xx_HAL_Driver/Src/stm32f1xx_hal_uart.o
 .text.DHT_Set_Pin_Output
                0x08004160       0x3c ./Libs/DHT11/DHT.o
 .text.DHT_Set_Pin_Input
                0x0800419c       0x3c ./Libs/DHT11/DHT.o
 .text.DHT_Start
                0x080041d8       0x4e ./Libs/DHT11/DHT.o
 .text.DHT_Check_Response
                0x08004226       0x88 ./Libs/DHT11/DHT.o
 .text.DHT_Read
                0x080042ae      0x10c ./Libs/DHT11/DHT.o
 .text.DHT_Init
                0x080043ba       0x40 ./Libs/DHT11/DHT.o
                0x080043ba                DHT_Init
 .text.DHT_Read_Value
                0x080043fa       0xba ./Libs/DHT11/DHT.o
                0x080043fa                DHT_Read_Value
 .text.ds3231_i2c_init
                0x080044b4       0x24 ./Libs/DS3231/ds3231_i2c.o
                0x080044b4                ds3231_i2c_init
 .text.DecimalToBCD
                0x080044d8       0x48 ./Libs/DS3231/ds3231_i2c.o
                0x080044d8                DecimalToBCD
 .text.BCDToDecimal
                0x08004520       0x30 ./Libs/DS3231/ds3231_i2c.o
                0x08004520                BCDToDecimal
 .text.ds3231_read_time
                0x08004550       0xa8 ./Libs/DS3231/ds3231_i2c.o
                0x08004550                ds3231_read_time
 .text.ds3231_set_time
                0x080045f8       0x9c ./Libs/DS3231/ds3231_i2c.o
                0x080045f8                ds3231_set_time
 .text.crc32_init_context
                0x08004694       0x1a ./Libs/MIN/min.o
 *fill*         0x080046ae        0x2 
 .text.crc32_step
                0x080046b0       0x58 ./Libs/MIN/min.o
 .text.crc32_finalize
                0x08004708       0x18 ./Libs/MIN/min.o
 .text.stuffed_tx_byte
                0x08004720       0x7e ./Libs/MIN/min.o
 .text.on_wire_bytes
                0x0800479e      0x136 ./Libs/MIN/min.o
 .text.transport_fifo_pop
                0x080048d4       0x6e ./Libs/MIN/min.o
 .text.transport_fifo_get
                0x08004942       0x36 ./Libs/MIN/min.o
 .text.transport_fifo_send
                0x08004978       0x4c ./Libs/MIN/min.o
 .text.send_ack
                0x080049c4       0x50 ./Libs/MIN/min.o
 .text.transport_fifo_reset
                0x08004a14       0x74 ./Libs/MIN/min.o
 .text.find_retransmit_frame
                0x08004a88       0xa8 ./Libs/MIN/min.o
 .text.valid_frame_received
                0x08004b30      0x174 ./Libs/MIN/min.o
 .text.rx_byte  0x08004ca4      0x258 ./Libs/MIN/min.o
 .text.min_poll
                0x08004efc      0x14c ./Libs/MIN/min.o
                0x08004efc                min_poll
 .text.min_init_context
                0x08005048       0x62 ./Libs/MIN/min.o
                0x08005048                min_init_context
 .text.min_send_frame
                0x080050aa       0x54 ./Libs/MIN/min.o
                0x080050aa                min_send_frame
 .text.min_tx_start
                0x080050fe       0x14 ./Libs/MIN/min.o
                0x080050fe                min_tx_start
 .text.min_tx_finished
                0x08005112       0x14 ./Libs/MIN/min.o
                0x08005112                min_tx_finished
 .text.min_tx_space
                0x08005126       0x18 ./Libs/MIN/min.o
                0x08005126                min_tx_space
 .text.min_time_ms
                0x0800513e        0xe ./Libs/MIN/min.o
                0x0800513e                min_time_ms
 .text.PIR_AM312_Init
                0x0800514c       0x28 ./Libs/PIR/pir_am312.o
                0x0800514c                PIR_AM312_Init
 .text.pir_am312_get_data
                0x08005174       0x20 ./Libs/PIR/pir_am312.o
                0x08005174                pir_am312_get_data
 .text.ring_buffer_push
                0x08005194       0x50 ./Libs/RingBuffer/RingBuffer.o
                0x08005194                ring_buffer_push
 .text.ring_buffer_pop
                0x080051e4       0x52 ./Libs/RingBuffer/RingBuffer.o
                0x080051e4                ring_buffer_pop
 .text.ring_buffer_init
                0x08005236       0x30 ./Libs/RingBuffer/RingBuffer.o
                0x08005236                ring_buffer_init
 .text.ring_buffer_available
                0x08005266       0x40 ./Libs/RingBuffer/RingBuffer.o
                0x08005266                ring_buffer_available
 .text.memset   0x080052a6       0x10 C:/ST/STM32CubeIDE_1.16.1/STM32CubeIDE/plugins/com.st.stm32cube.ide.mcu.externaltools.gnu-tools-for-stm32.13.3.rel1.win32_1.0.0.202411081344/tools/bin/../lib/gcc/arm-none-eabi/13.3.1/../../../../arm-none-eabi/lib/thumb/v7-m/nofp\libc_nano.a(libc_a-memset.o)
                0x080052a6                memset
 *fill*         0x080052b6        0x2 
 .text.__libc_init_array
                0x080052b8       0x48 C:/ST/STM32CubeIDE_1.16.1/STM32CubeIDE/plugins/com.st.stm32cube.ide.mcu.externaltools.gnu-tools-for-stm32.13.3.rel1.win32_1.0.0.202411081344/tools/bin/../lib/gcc/arm-none-eabi/13.3.1/../../../../arm-none-eabi/lib/thumb/v7-m/nofp\libc_nano.a(libc_a-init.o)
                0x080052b8                __libc_init_array
 *(.glue_7)
 .glue_7        0x08005300        0x0 linker stubs
 *(.glue_7t)
 .glue_7t       0x08005300        0x0 linker stubs
 *(.eh_frame)
 .eh_frame      0x08005300        0x0 C:/ST/STM32CubeIDE_1.16.1/STM32CubeIDE/plugins/com.st.stm32cube.ide.mcu.externaltools.gnu-tools-for-stm32.13.3.rel1.win32_1.0.0.202411081344/tools/bin/../lib/gcc/arm-none-eabi/13.3.1/thumb/v7-m/nofp/crtbegin.o
 *(.init)
 .init          0x08005300        0x4 C:/ST/STM32CubeIDE_1.16.1/STM32CubeIDE/plugins/com.st.stm32cube.ide.mcu.externaltools.gnu-tools-for-stm32.13.3.rel1.win32_1.0.0.202411081344/tools/bin/../lib/gcc/arm-none-eabi/13.3.1/thumb/v7-m/nofp/crti.o
                0x08005300                _init
 .init          0x08005304        0x8 C:/ST/STM32CubeIDE_1.16.1/STM32CubeIDE/plugins/com.st.stm32cube.ide.mcu.externaltools.gnu-tools-for-stm32.13.3.rel1.win32_1.0.0.202411081344/tools/bin/../lib/gcc/arm-none-eabi/13.3.1/thumb/v7-m/nofp/crtn.o
 *(.fini)
 .fini          0x0800530c        0x4 C:/ST/STM32CubeIDE_1.16.1/STM32CubeIDE/plugins/com.st.stm32cube.ide.mcu.externaltools.gnu-tools-for-stm32.13.3.rel1.win32_1.0.0.202411081344/tools/bin/../lib/gcc/arm-none-eabi/13.3.1/thumb/v7-m/nofp/crti.o
                0x0800530c                _fini
 .fini          0x08005310        0x8 C:/ST/STM32CubeIDE_1.16.1/STM32CubeIDE/plugins/com.st.stm32cube.ide.mcu.externaltools.gnu-tools-for-stm32.13.3.rel1.win32_1.0.0.202411081344/tools/bin/../lib/gcc/arm-none-eabi/13.3.1/thumb/v7-m/nofp/crtn.o
                0x08005318                        . = ALIGN (0x4)
                0x08005318                        _etext = .

.vfp11_veneer   0x08005318        0x0
 .vfp11_veneer  0x08005318        0x0 linker stubs

.v4_bx          0x08005318        0x0
 .v4_bx         0x08005318        0x0 linker stubs

.iplt           0x08005318        0x0
 .iplt          0x08005318        0x0 C:/ST/STM32CubeIDE_1.16.1/STM32CubeIDE/plugins/com.st.stm32cube.ide.mcu.externaltools.gnu-tools-for-stm32.13.3.rel1.win32_1.0.0.202411081344/tools/bin/../lib/gcc/arm-none-eabi/13.3.1/thumb/v7-m/nofp/crtbegin.o

.rodata         0x08005318       0x2c
                0x08005318                        . = ALIGN (0x4)
 *(.rodata)
 *(.rodata*)
 .rodata.AHBPrescTable
                0x08005318       0x10 ./Core/Src/system_stm32f1xx.o
                0x08005318                AHBPrescTable
 .rodata.APBPrescTable
                0x08005328        0x8 ./Core/Src/system_stm32f1xx.o
                0x08005328                APBPrescTable
 .rodata.aPLLMULFactorTable.1
                0x08005330       0x10 ./Drivers/STM32F1xx_HAL_Driver/Src/stm32f1xx_hal_rcc.o
 .rodata.aPredivFactorTable.0
                0x08005340        0x2 ./Drivers/STM32F1xx_HAL_Driver/Src/stm32f1xx_hal_rcc.o
                0x08005344                        . = ALIGN (0x4)
 *fill*         0x08005342        0x2 

.ARM.extab      0x08005344        0x0
                0x08005344                        . = ALIGN (0x4)
 *(.ARM.extab* .gnu.linkonce.armextab.*)
                0x08005344                        . = ALIGN (0x4)

.ARM            0x08005344        0x0
                0x08005344                        . = ALIGN (0x4)
                0x08005344                        __exidx_start = .
 *(.ARM.exidx*)
                0x08005344                        __exidx_end = .
                0x08005344                        . = ALIGN (0x4)

.preinit_array  0x08005344        0x0
                0x08005344                        . = ALIGN (0x4)
                0x08005344                        PROVIDE (__preinit_array_start = .)
 *(.preinit_array*)
                0x08005344                        PROVIDE (__preinit_array_end = .)
                0x08005344                        . = ALIGN (0x4)

.init_array     0x08005344        0x4
                0x08005344                        . = ALIGN (0x4)
                0x08005344                        PROVIDE (__init_array_start = .)
 *(SORT_BY_NAME(.init_array.*))
 *(.init_array*)
 .init_array    0x08005344        0x4 C:/ST/STM32CubeIDE_1.16.1/STM32CubeIDE/plugins/com.st.stm32cube.ide.mcu.externaltools.gnu-tools-for-stm32.13.3.rel1.win32_1.0.0.202411081344/tools/bin/../lib/gcc/arm-none-eabi/13.3.1/thumb/v7-m/nofp/crtbegin.o
                0x08005348                        PROVIDE (__init_array_end = .)
                0x08005348                        . = ALIGN (0x4)

.fini_array     0x08005348        0x4
                0x08005348                        . = ALIGN (0x4)
                [!provide]                        PROVIDE (__fini_array_start = .)
 *(SORT_BY_NAME(.fini_array.*))
 *(.fini_array*)
 .fini_array    0x08005348        0x4 C:/ST/STM32CubeIDE_1.16.1/STM32CubeIDE/plugins/com.st.stm32cube.ide.mcu.externaltools.gnu-tools-for-stm32.13.3.rel1.win32_1.0.0.202411081344/tools/bin/../lib/gcc/arm-none-eabi/13.3.1/thumb/v7-m/nofp/crtbegin.o
                [!provide]                        PROVIDE (__fini_array_end = .)
                0x0800534c                        . = ALIGN (0x4)
                0x0800534c                        _sidata = LOADADDR (.data)

.rel.dyn        0x0800534c        0x0
 .rel.iplt      0x0800534c        0x0 C:/ST/STM32CubeIDE_1.16.1/STM32CubeIDE/plugins/com.st.stm32cube.ide.mcu.externaltools.gnu-tools-for-stm32.13.3.rel1.win32_1.0.0.202411081344/tools/bin/../lib/gcc/arm-none-eabi/13.3.1/thumb/v7-m/nofp/crtbegin.o

.data           0x20000000        0xc load address 0x0800534c
                0x20000000                        . = ALIGN (0x4)
                0x20000000                        _sdata = .
 *(.data)
 *(.data*)
 .data.SystemCoreClock
                0x20000000        0x4 ./Core/Src/system_stm32f1xx.o
                0x20000000                SystemCoreClock
 .data.uwTickPrio
                0x20000004        0x4 ./Drivers/STM32F1xx_HAL_Driver/Src/stm32f1xx_hal.o
                0x20000004                uwTickPrio
 .data.uwTickFreq
                0x20000008        0x1 ./Drivers/STM32F1xx_HAL_Driver/Src/stm32f1xx_hal.o
                0x20000008                uwTickFreq
 *(.RamFunc)
 *(.RamFunc*)
                0x2000000c                        . = ALIGN (0x4)
 *fill*         0x20000009        0x3 
                0x2000000c                        _edata = .

.igot.plt       0x2000000c        0x0 load address 0x08005358
 .igot.plt      0x2000000c        0x0 C:/ST/STM32CubeIDE_1.16.1/STM32CubeIDE/plugins/com.st.stm32cube.ide.mcu.externaltools.gnu-tools-for-stm32.13.3.rel1.win32_1.0.0.202411081344/tools/bin/../lib/gcc/arm-none-eabi/13.3.1/thumb/v7-m/nofp/crtbegin.o
                0x2000000c                        . = ALIGN (0x4)

.bss            0x2000000c      0x794 load address 0x08005358
                0x2000000c                        _sbss = .
                0x2000000c                        __bss_start__ = _sbss
 *(.bss)
 .bss           0x2000000c       0x1c C:/ST/STM32CubeIDE_1.16.1/STM32CubeIDE/plugins/com.st.stm32cube.ide.mcu.externaltools.gnu-tools-for-stm32.13.3.rel1.win32_1.0.0.202411081344/tools/bin/../lib/gcc/arm-none-eabi/13.3.1/thumb/v7-m/nofp/crtbegin.o
 *(.bss*)
 .bss.buff_uart
                0x20000028       0x40 ./App/UART/uart.o
                0x20000028                buff_uart
 .bss.ring_buff
                0x20000068        0xc ./App/UART/uart.o
                0x20000068                ring_buff
 .bss.hi2c1     0x20000074       0x54 ./Core/Src/main.o
                0x20000074                hi2c1
 .bss.htim3     0x200000c8       0x48 ./Core/Src/main.o
                0x200000c8                htim3
 .bss.huart1    0x20000110       0x48 ./Core/Src/main.o
                0x20000110                huart1
 .bss.p_DS3231  0x20000158        0x8 ./Core/Src/main.o
                0x20000158                p_DS3231
 .bss.hdht      0x20000160       0x14 ./Core/Src/main.o
                0x20000160                hdht
 .bss.time_ds3231
                0x20000174        0x7 ./Core/Src/main.o
                0x20000174                time_ds3231
 .bss.pir       0x2000017b        0x1 ./Core/Src/main.o
                0x2000017b                pir
 .bss.hum       0x2000017c        0x1 ./Core/Src/main.o
                0x2000017c                hum
 .bss.temp      0x2000017d        0x1 ./Core/Src/main.o
                0x2000017d                temp
 *fill*         0x2000017e        0x2 
 .bss.min_ctx   0x20000180      0x204 ./Core/Src/main.o
                0x20000180                min_ctx
 .bss.data_rx   0x20000384        0x1 ./Core/Src/main.o
 *fill*         0x20000385        0x3 
 .bss.last_time.0
                0x20000388        0x4 ./Core/Src/main.o
 .bss.delay_timer
                0x2000038c        0x4 ./DELAY/Delay_us.o
                0x2000038c                delay_timer
 .bss.uwTick    0x20000390        0x4 ./Drivers/STM32F1xx_HAL_Driver/Src/stm32f1xx_hal.o
                0x20000390                uwTick
 .bss.payloads_ring_buffer
                0x20000394      0x400 ./Libs/MIN/min.o
                0x20000394                payloads_ring_buffer
 .bss.now       0x20000794        0x4 ./Libs/MIN/min.o
 .bss.pir_am312_device
                0x20000798        0x8 ./Libs/PIR/pir_am312.o
 *(COMMON)
                0x200007a0                        . = ALIGN (0x4)
                0x200007a0                        _ebss = .
                0x200007a0                        __bss_end__ = _ebss

._user_heap_stack
                0x200007a0      0x600 load address 0x08005358
                0x200007a0                        . = ALIGN (0x8)
                [!provide]                        PROVIDE (end = .)
                0x200007a0                        PROVIDE (_end = .)
                0x200009a0                        . = (. + _Min_Heap_Size)
 *fill*         0x200007a0      0x200 
                0x20000da0                        . = (. + _Min_Stack_Size)
 *fill*         0x200009a0      0x400 
                0x20000da0                        . = ALIGN (0x8)

/DISCARD/
 libc.a(*)
 libm.a(*)
 libgcc.a(*)

.ARM.attributes
                0x00000000       0x29
 *(.ARM.attributes)
 .ARM.attributes
                0x00000000       0x1d C:/ST/STM32CubeIDE_1.16.1/STM32CubeIDE/plugins/com.st.stm32cube.ide.mcu.externaltools.gnu-tools-for-stm32.13.3.rel1.win32_1.0.0.202411081344/tools/bin/../lib/gcc/arm-none-eabi/13.3.1/thumb/v7-m/nofp/crti.o
 .ARM.attributes
                0x0000001d       0x2d C:/ST/STM32CubeIDE_1.16.1/STM32CubeIDE/plugins/com.st.stm32cube.ide.mcu.externaltools.gnu-tools-for-stm32.13.3.rel1.win32_1.0.0.202411081344/tools/bin/../lib/gcc/arm-none-eabi/13.3.1/thumb/v7-m/nofp/crtbegin.o
 .ARM.attributes
                0x0000004a       0x2d ./App/UART/uart.o
 .ARM.attributes
                0x00000077       0x2d ./Core/Src/main.o
 .ARM.attributes
                0x000000a4       0x2d ./Core/Src/stm32f1xx_hal_msp.o
 .ARM.attributes
                0x000000d1       0x2d ./Core/Src/stm32f1xx_it.o
 .ARM.attributes
                0x000000fe       0x2d ./Core/Src/system_stm32f1xx.o
 .ARM.attributes
                0x0000012b       0x21 ./Core/Startup/startup_stm32f103c8tx.o
 .ARM.attributes
                0x0000014c       0x2d ./DELAY/Delay_us.o
 .ARM.attributes
                0x00000179       0x2d ./Drivers/STM32F1xx_HAL_Driver/Src/stm32f1xx_hal.o
 .ARM.attributes
                0x000001a6       0x2d ./Drivers/STM32F1xx_HAL_Driver/Src/stm32f1xx_hal_cortex.o
 .ARM.attributes
                0x000001d3       0x2d ./Drivers/STM32F1xx_HAL_Driver/Src/stm32f1xx_hal_dma.o
 .ARM.attributes
                0x00000200       0x2d ./Drivers/STM32F1xx_HAL_Driver/Src/stm32f1xx_hal_gpio.o
 .ARM.attributes
                0x0000022d       0x2d ./Drivers/STM32F1xx_HAL_Driver/Src/stm32f1xx_hal_i2c.o
 .ARM.attributes
                0x0000025a       0x2d ./Drivers/STM32F1xx_HAL_Driver/Src/stm32f1xx_hal_rcc.o
 .ARM.attributes
                0x00000287       0x2d ./Drivers/STM32F1xx_HAL_Driver/Src/stm32f1xx_hal_tim.o
 .ARM.attributes
                0x000002b4       0x2d ./Drivers/STM32F1xx_HAL_Driver/Src/stm32f1xx_hal_tim_ex.o
 .ARM.attributes
                0x000002e1       0x2d ./Drivers/STM32F1xx_HAL_Driver/Src/stm32f1xx_hal_uart.o
 .ARM.attributes
                0x0000030e       0x2d ./Libs/DHT11/DHT.o
 .ARM.attributes
                0x0000033b       0x2d ./Libs/DS3231/ds3231_i2c.o
 .ARM.attributes
                0x00000368       0x2d ./Libs/MIN/min.o
 .ARM.attributes
                0x00000395       0x2d ./Libs/PIR/pir_am312.o
 .ARM.attributes
                0x000003c2       0x2d ./Libs/RingBuffer/RingBuffer.o
 .ARM.attributes
                0x000003ef       0x2d C:/ST/STM32CubeIDE_1.16.1/STM32CubeIDE/plugins/com.st.stm32cube.ide.mcu.externaltools.gnu-tools-for-stm32.13.3.rel1.win32_1.0.0.202411081344/tools/bin/../lib/gcc/arm-none-eabi/13.3.1/../../../../arm-none-eabi/lib/thumb/v7-m/nofp\libc_nano.a(libc_a-memset.o)
 .ARM.attributes
                0x0000041c       0x2d C:/ST/STM32CubeIDE_1.16.1/STM32CubeIDE/plugins/com.st.stm32cube.ide.mcu.externaltools.gnu-tools-for-stm32.13.3.rel1.win32_1.0.0.202411081344/tools/bin/../lib/gcc/arm-none-eabi/13.3.1/../../../../arm-none-eabi/lib/thumb/v7-m/nofp\libc_nano.a(libc_a-init.o)
 .ARM.attributes
                0x00000449       0x1d C:/ST/STM32CubeIDE_1.16.1/STM32CubeIDE/plugins/com.st.stm32cube.ide.mcu.externaltools.gnu-tools-for-stm32.13.3.rel1.win32_1.0.0.202411081344/tools/bin/../lib/gcc/arm-none-eabi/13.3.1/thumb/v7-m/nofp\libgcc.a(_arm_addsubdf3.o)
 .ARM.attributes
                0x00000466       0x1d C:/ST/STM32CubeIDE_1.16.1/STM32CubeIDE/plugins/com.st.stm32cube.ide.mcu.externaltools.gnu-tools-for-stm32.13.3.rel1.win32_1.0.0.202411081344/tools/bin/../lib/gcc/arm-none-eabi/13.3.1/thumb/v7-m/nofp\libgcc.a(_arm_truncdfsf2.o)
 .ARM.attributes
                0x00000483       0x1d C:/ST/STM32CubeIDE_1.16.1/STM32CubeIDE/plugins/com.st.stm32cube.ide.mcu.externaltools.gnu-tools-for-stm32.13.3.rel1.win32_1.0.0.202411081344/tools/bin/../lib/gcc/arm-none-eabi/13.3.1/thumb/v7-m/nofp\libgcc.a(_arm_fixunssfsi.o)
 .ARM.attributes
                0x000004a0       0x1d C:/ST/STM32CubeIDE_1.16.1/STM32CubeIDE/plugins/com.st.stm32cube.ide.mcu.externaltools.gnu-tools-for-stm32.13.3.rel1.win32_1.0.0.202411081344/tools/bin/../lib/gcc/arm-none-eabi/13.3.1/thumb/v7-m/nofp/crtn.o
OUTPUT(SmartClock_PERIPHERAL_STM32.elf elf32-littlearm)
LOAD linker stubs
LOAD C:/ST/STM32CubeIDE_1.16.1/STM32CubeIDE/plugins/com.st.stm32cube.ide.mcu.externaltools.gnu-tools-for-stm32.13.3.rel1.win32_1.0.0.202411081344/tools/bin/../lib/gcc/arm-none-eabi/13.3.1/../../../../arm-none-eabi/lib/thumb/v7-m/nofp\libc.a
LOAD C:/ST/STM32CubeIDE_1.16.1/STM32CubeIDE/plugins/com.st.stm32cube.ide.mcu.externaltools.gnu-tools-for-stm32.13.3.rel1.win32_1.0.0.202411081344/tools/bin/../lib/gcc/arm-none-eabi/13.3.1/../../../../arm-none-eabi/lib/thumb/v7-m/nofp\libm.a
LOAD C:/ST/STM32CubeIDE_1.16.1/STM32CubeIDE/plugins/com.st.stm32cube.ide.mcu.externaltools.gnu-tools-for-stm32.13.3.rel1.win32_1.0.0.202411081344/tools/bin/../lib/gcc/arm-none-eabi/13.3.1/thumb/v7-m/nofp\libgcc.a

.debug_info     0x00000000    0x10cc5
 .debug_info    0x00000000      0x1fc ./App/UART/uart.o
 .debug_info    0x000001fc     0x17df ./Core/Src/main.o
 .debug_info    0x000019db     0x104c ./Core/Src/stm32f1xx_hal_msp.o
 .debug_info    0x00002a27      0x5eb ./Core/Src/stm32f1xx_it.o
 .debug_info    0x00003012      0x222 ./Core/Src/system_stm32f1xx.o
 .debug_info    0x00003234       0x30 ./Core/Startup/startup_stm32f103c8tx.o
 .debug_info    0x00003264      0x68b ./DELAY/Delay_us.o
 .debug_info    0x000038ef      0x704 ./Drivers/STM32F1xx_HAL_Driver/Src/stm32f1xx_hal.o
 .debug_info    0x00003ff3      0xa87 ./Drivers/STM32F1xx_HAL_Driver/Src/stm32f1xx_hal_cortex.o
 .debug_info    0x00004a7a      0x6d2 ./Drivers/STM32F1xx_HAL_Driver/Src/stm32f1xx_hal_dma.o
 .debug_info    0x0000514c      0x5ab ./Drivers/STM32F1xx_HAL_Driver/Src/stm32f1xx_hal_gpio.o
 .debug_info    0x000056f7     0x2524 ./Drivers/STM32F1xx_HAL_Driver/Src/stm32f1xx_hal_i2c.o
 .debug_info    0x00007c1b      0x7d5 ./Drivers/STM32F1xx_HAL_Driver/Src/stm32f1xx_hal_rcc.o
 .debug_info    0x000083f0     0x2959 ./Drivers/STM32F1xx_HAL_Driver/Src/stm32f1xx_hal_tim.o
 .debug_info    0x0000ad49     0x149b ./Drivers/STM32F1xx_HAL_Driver/Src/stm32f1xx_hal_tim_ex.o
 .debug_info    0x0000c1e4     0x2eed ./Drivers/STM32F1xx_HAL_Driver/Src/stm32f1xx_hal_uart.o
 .debug_info    0x0000f0d1      0x476 ./Libs/DHT11/DHT.o
 .debug_info    0x0000f547      0x87b ./Libs/DS3231/ds3231_i2c.o
 .debug_info    0x0000fdc2      0xb33 ./Libs/MIN/min.o
 .debug_info    0x000108f5      0x1f6 ./Libs/PIR/pir_am312.o
 .debug_info    0x00010aeb      0x1da ./Libs/RingBuffer/RingBuffer.o

.debug_abbrev   0x00000000     0x2a0a
 .debug_abbrev  0x00000000      0x14b ./App/UART/uart.o
 .debug_abbrev  0x0000014b      0x330 ./Core/Src/main.o
 .debug_abbrev  0x0000047b      0x1fa ./Core/Src/stm32f1xx_hal_msp.o
 .debug_abbrev  0x00000675      0x176 ./Core/Src/stm32f1xx_it.o
 .debug_abbrev  0x000007eb      0x13f ./Core/Src/system_stm32f1xx.o
 .debug_abbrev  0x0000092a       0x24 ./Core/Startup/startup_stm32f103c8tx.o
 .debug_abbrev  0x0000094e      0x192 ./DELAY/Delay_us.o
 .debug_abbrev  0x00000ae0      0x201 ./Drivers/STM32F1xx_HAL_Driver/Src/stm32f1xx_hal.o
 .debug_abbrev  0x00000ce1      0x2f8 ./Drivers/STM32F1xx_HAL_Driver/Src/stm32f1xx_hal_cortex.o
 .debug_abbrev  0x00000fd9      0x20b ./Drivers/STM32F1xx_HAL_Driver/Src/stm32f1xx_hal_dma.o
 .debug_abbrev  0x000011e4      0x1ca ./Drivers/STM32F1xx_HAL_Driver/Src/stm32f1xx_hal_gpio.o
 .debug_abbrev  0x000013ae      0x2a3 ./Drivers/STM32F1xx_HAL_Driver/Src/stm32f1xx_hal_i2c.o
 .debug_abbrev  0x00001651      0x2b3 ./Drivers/STM32F1xx_HAL_Driver/Src/stm32f1xx_hal_rcc.o
 .debug_abbrev  0x00001904      0x277 ./Drivers/STM32F1xx_HAL_Driver/Src/stm32f1xx_hal_tim.o
 .debug_abbrev  0x00001b7b      0x282 ./Drivers/STM32F1xx_HAL_Driver/Src/stm32f1xx_hal_tim_ex.o
 .debug_abbrev  0x00001dfd      0x2f8 ./Drivers/STM32F1xx_HAL_Driver/Src/stm32f1xx_hal_uart.o
 .debug_abbrev  0x000020f5      0x200 ./Libs/DHT11/DHT.o
 .debug_abbrev  0x000022f5      0x1d0 ./Libs/DS3231/ds3231_i2c.o
 .debug_abbrev  0x000024c5      0x300 ./Libs/MIN/min.o
 .debug_abbrev  0x000027c5      0x154 ./Libs/PIR/pir_am312.o
 .debug_abbrev  0x00002919       0xf1 ./Libs/RingBuffer/RingBuffer.o

.debug_aranges  0x00000000     0x10d8
 .debug_aranges
                0x00000000       0x38 ./App/UART/uart.o
 .debug_aranges
                0x00000038       0x68 ./Core/Src/main.o
 .debug_aranges
                0x000000a0       0x50 ./Core/Src/stm32f1xx_hal_msp.o
 .debug_aranges
                0x000000f0       0x68 ./Core/Src/stm32f1xx_it.o
 .debug_aranges
                0x00000158       0x28 ./Core/Src/system_stm32f1xx.o
 .debug_aranges
                0x00000180       0x28 ./Core/Startup/startup_stm32f103c8tx.o
 .debug_aranges
                0x000001a8       0x28 ./DELAY/Delay_us.o
 .debug_aranges
                0x000001d0       0xe0 ./Drivers/STM32F1xx_HAL_Driver/Src/stm32f1xx_hal.o
 .debug_aranges
                0x000002b0      0x100 ./Drivers/STM32F1xx_HAL_Driver/Src/stm32f1xx_hal_cortex.o
 .debug_aranges
                0x000003b0       0x80 ./Drivers/STM32F1xx_HAL_Driver/Src/stm32f1xx_hal_dma.o
 .debug_aranges
                0x00000430       0x58 ./Drivers/STM32F1xx_HAL_Driver/Src/stm32f1xx_hal_gpio.o
 .debug_aranges
                0x00000488      0x2a8 ./Drivers/STM32F1xx_HAL_Driver/Src/stm32f1xx_hal_i2c.o
 .debug_aranges
                0x00000730       0x90 ./Drivers/STM32F1xx_HAL_Driver/Src/stm32f1xx_hal_rcc.o
 .debug_aranges
                0x000007c0      0x3d0 ./Drivers/STM32F1xx_HAL_Driver/Src/stm32f1xx_hal_tim.o
 .debug_aranges
                0x00000b90      0x168 ./Drivers/STM32F1xx_HAL_Driver/Src/stm32f1xx_hal_tim_ex.o
 .debug_aranges
                0x00000cf8      0x208 ./Drivers/STM32F1xx_HAL_Driver/Src/stm32f1xx_hal_uart.o
 .debug_aranges
                0x00000f00       0x50 ./Libs/DHT11/DHT.o
 .debug_aranges
                0x00000f50       0x48 ./Libs/DS3231/ds3231_i2c.o
 .debug_aranges
                0x00000f98       0xe0 ./Libs/MIN/min.o
 .debug_aranges
                0x00001078       0x28 ./Libs/PIR/pir_am312.o
 .debug_aranges
                0x000010a0       0x38 ./Libs/RingBuffer/RingBuffer.o

.debug_rnglists
                0x00000000      0xd38
 .debug_rnglists
                0x00000000       0x25 ./App/UART/uart.o
 .debug_rnglists
                0x00000025       0x4d ./Core/Src/main.o
 .debug_rnglists
                0x00000072       0x38 ./Core/Src/stm32f1xx_hal_msp.o
 .debug_rnglists
                0x000000aa       0x49 ./Core/Src/stm32f1xx_it.o
 .debug_rnglists
                0x000000f3       0x1a ./Core/Src/system_stm32f1xx.o
 .debug_rnglists
                0x0000010d       0x19 ./Core/Startup/startup_stm32f103c8tx.o
 .debug_rnglists
                0x00000126       0x19 ./DELAY/Delay_us.o
 .debug_rnglists
                0x0000013f       0xa3 ./Drivers/STM32F1xx_HAL_Driver/Src/stm32f1xx_hal.o
 .debug_rnglists
                0x000001e2       0xbb ./Drivers/STM32F1xx_HAL_Driver/Src/stm32f1xx_hal_cortex.o
 .debug_rnglists
                0x0000029d       0x64 ./Drivers/STM32F1xx_HAL_Driver/Src/stm32f1xx_hal_dma.o
 .debug_rnglists
                0x00000301       0x3f ./Drivers/STM32F1xx_HAL_Driver/Src/stm32f1xx_hal_gpio.o
 .debug_rnglists
                0x00000340      0x23c ./Drivers/STM32F1xx_HAL_Driver/Src/stm32f1xx_hal_i2c.o
 .debug_rnglists
                0x0000057c       0x6c ./Drivers/STM32F1xx_HAL_Driver/Src/stm32f1xx_hal_rcc.o
 .debug_rnglists
                0x000005e8      0x31a ./Drivers/STM32F1xx_HAL_Driver/Src/stm32f1xx_hal_tim.o
 .debug_rnglists
                0x00000902      0x125 ./Drivers/STM32F1xx_HAL_Driver/Src/stm32f1xx_hal_tim_ex.o
 .debug_rnglists
                0x00000a27      0x1bc ./Drivers/STM32F1xx_HAL_Driver/Src/stm32f1xx_hal_uart.o
 .debug_rnglists
                0x00000be3       0x3a ./Libs/DHT11/DHT.o
 .debug_rnglists
                0x00000c1d       0x33 ./Libs/DS3231/ds3231_i2c.o
 .debug_rnglists
                0x00000c50       0xaa ./Libs/MIN/min.o
 .debug_rnglists
                0x00000cfa       0x19 ./Libs/PIR/pir_am312.o
 .debug_rnglists
                0x00000d13       0x25 ./Libs/RingBuffer/RingBuffer.o

.debug_macro    0x00000000    0x186a2
 .debug_macro   0x00000000       0x7d ./App/UART/uart.o
 .debug_macro   0x0000007d      0xacc ./App/UART/uart.o
 .debug_macro   0x00000b49       0x22 ./App/UART/uart.o
 .debug_macro   0x00000b6b       0x8e ./App/UART/uart.o
 .debug_macro   0x00000bf9       0x51 ./App/UART/uart.o
 .debug_macro   0x00000c4a      0x103 ./App/UART/uart.o
 .debug_macro   0x00000d4d       0x6a ./App/UART/uart.o
 .debug_macro   0x00000db7      0x1df ./App/UART/uart.o
 .debug_macro   0x00000f96      0x320 ./Core/Src/main.o
 .debug_macro   0x000012b6      0x221 ./Core/Src/main.o
 .debug_macro   0x000014d7       0x2e ./Core/Src/main.o
 .debug_macro   0x00001505       0x22 ./Core/Src/main.o
 .debug_macro   0x00001527       0x1c ./Core/Src/main.o
 .debug_macro   0x00001543       0x22 ./Core/Src/main.o
 .debug_macro   0x00001565       0xbd ./Core/Src/main.o
 .debug_macro   0x00001622      0xd23 ./Core/Src/main.o
 .debug_macro   0x00002345     0xe09e ./Core/Src/main.o
 .debug_macro   0x000103e3       0x6d ./Core/Src/main.o
 .debug_macro   0x00010450     0x34a2 ./Core/Src/main.o
 .debug_macro   0x000138f2      0x190 ./Core/Src/main.o
 .debug_macro   0x00013a82       0x5c ./Core/Src/main.o
 .debug_macro   0x00013ade      0x5bc ./Core/Src/main.o
 .debug_macro   0x0001409a      0x289 ./Core/Src/main.o
 .debug_macro   0x00014323      0x1cb ./Core/Src/main.o
 .debug_macro   0x000144ee      0x114 ./Core/Src/main.o
 .debug_macro   0x00014602      0x1b2 ./Core/Src/main.o
 .debug_macro   0x000147b4       0x27 ./Core/Src/main.o
 .debug_macro   0x000147db      0x136 ./Core/Src/main.o
 .debug_macro   0x00014911      0x1bc ./Core/Src/main.o
 .debug_macro   0x00014acd       0x34 ./Core/Src/main.o
 .debug_macro   0x00014b01       0x3c ./Core/Src/main.o
 .debug_macro   0x00014b3d       0x57 ./Core/Src/main.o
 .debug_macro   0x00014b94       0x87 ./Core/Src/main.o
 .debug_macro   0x00014c1b      0x240 ./Core/Src/main.o
 .debug_macro   0x00014e5b      0x287 ./Core/Src/main.o
 .debug_macro   0x000150e2      0x140 ./Core/Src/main.o
 .debug_macro   0x00015222      0x8ed ./Core/Src/main.o
 .debug_macro   0x00015b0f      0x28e ./Core/Src/main.o
 .debug_macro   0x00015d9d       0x83 ./Core/Src/main.o
 .debug_macro   0x00015e20       0x1c ./Core/Src/main.o
 .debug_macro   0x00015e3c       0x61 ./Core/Src/main.o
 .debug_macro   0x00015e9d       0x24 ./Core/Src/main.o
 .debug_macro   0x00015ec1       0x43 ./Core/Src/main.o
 .debug_macro   0x00015f04       0x34 ./Core/Src/main.o
 .debug_macro   0x00015f38       0x16 ./Core/Src/main.o
 .debug_macro   0x00015f4e       0x3c ./Core/Src/main.o
 .debug_macro   0x00015f8a      0x370 ./Core/Src/main.o
 .debug_macro   0x000162fa       0x10 ./Core/Src/main.o
 .debug_macro   0x0001630a       0x16 ./Core/Src/main.o
 .debug_macro   0x00016320       0x4a ./Core/Src/main.o
 .debug_macro   0x0001636a       0x34 ./Core/Src/main.o
 .debug_macro   0x0001639e       0x10 ./Core/Src/main.o
 .debug_macro   0x000163ae       0x58 ./Core/Src/main.o
 .debug_macro   0x00016406       0x8e ./Core/Src/main.o
 .debug_macro   0x00016494       0x1c ./Core/Src/main.o
 .debug_macro   0x000164b0      0x185 ./Core/Src/main.o
 .debug_macro   0x00016635       0x16 ./Core/Src/main.o
 .debug_macro   0x0001664b       0x16 ./Core/Src/main.o
 .debug_macro   0x00016661      0x146 ./Core/Src/main.o
 .debug_macro   0x000167a7       0x16 ./Core/Src/main.o
 .debug_macro   0x000167bd       0x20 ./Core/Src/main.o
 .debug_macro   0x000167dd       0x22 ./Core/Src/main.o
 .debug_macro   0x000167ff       0x2f ./Core/Src/main.o
 .debug_macro   0x0001682e      0x1bc ./Core/Src/stm32f1xx_hal_msp.o
 .debug_macro   0x000169ea      0x1c6 ./Core/Src/stm32f1xx_it.o
 .debug_macro   0x00016bb0      0x1ad ./Core/Src/system_stm32f1xx.o
 .debug_macro   0x00016d5d      0x1c6 ./DELAY/Delay_us.o
 .debug_macro   0x00016f23      0x1d1 ./Drivers/STM32F1xx_HAL_Driver/Src/stm32f1xx_hal.o
 .debug_macro   0x000170f4      0x1ad ./Drivers/STM32F1xx_HAL_Driver/Src/stm32f1xx_hal_cortex.o
 .debug_macro   0x000172a1      0x1ad ./Drivers/STM32F1xx_HAL_Driver/Src/stm32f1xx_hal_dma.o
 .debug_macro   0x0001744e      0x218 ./Drivers/STM32F1xx_HAL_Driver/Src/stm32f1xx_hal_gpio.o
 .debug_macro   0x00017666      0x1fb ./Drivers/STM32F1xx_HAL_Driver/Src/stm32f1xx_hal_i2c.o
 .debug_macro   0x00017861      0x1bf ./Drivers/STM32F1xx_HAL_Driver/Src/stm32f1xx_hal_rcc.o
 .debug_macro   0x00017a20      0x1ae ./Drivers/STM32F1xx_HAL_Driver/Src/stm32f1xx_hal_tim.o
 .debug_macro   0x00017bce      0x1ad ./Drivers/STM32F1xx_HAL_Driver/Src/stm32f1xx_hal_tim_ex.o
 .debug_macro   0x00017d7b      0x1ae ./Drivers/STM32F1xx_HAL_Driver/Src/stm32f1xx_hal_uart.o
 .debug_macro   0x00017f29      0x1e2 ./Libs/DHT11/DHT.o
 .debug_macro   0x0001810b      0x2ce ./Libs/DS3231/ds3231_i2c.o
 .debug_macro   0x000183d9       0xa5 ./Libs/MIN/min.o
 .debug_macro   0x0001847e      0x1b7 ./Libs/PIR/pir_am312.o
 .debug_macro   0x00018635       0x6d ./Libs/RingBuffer/RingBuffer.o

.debug_line     0x00000000    0x14525
 .debug_line    0x00000000      0x4c1 ./App/UART/uart.o
 .debug_line    0x000004c1      0xd49 ./Core/Src/main.o
 .debug_line    0x0000120a      0x7ec ./Core/Src/stm32f1xx_hal_msp.o
 .debug_line    0x000019f6      0x7da ./Core/Src/stm32f1xx_it.o
 .debug_line    0x000021d0      0x792 ./Core/Src/system_stm32f1xx.o
 .debug_line    0x00002962       0x78 ./Core/Startup/startup_stm32f103c8tx.o
 .debug_line    0x000029da      0x748 ./DELAY/Delay_us.o
 .debug_line    0x00003122      0x9c3 ./Drivers/STM32F1xx_HAL_Driver/Src/stm32f1xx_hal.o
 .debug_line    0x00003ae5      0xb8d ./Drivers/STM32F1xx_HAL_Driver/Src/stm32f1xx_hal_cortex.o
 .debug_line    0x00004672      0xdcd ./Drivers/STM32F1xx_HAL_Driver/Src/stm32f1xx_hal_dma.o
 .debug_line    0x0000543f      0xa20 ./Drivers/STM32F1xx_HAL_Driver/Src/stm32f1xx_hal_gpio.o
 .debug_line    0x00005e5f     0x3bc0 ./Drivers/STM32F1xx_HAL_Driver/Src/stm32f1xx_hal_i2c.o
 .debug_line    0x00009a1f      0xe7c ./Drivers/STM32F1xx_HAL_Driver/Src/stm32f1xx_hal_rcc.o
 .debug_line    0x0000a89b     0x34b1 ./Drivers/STM32F1xx_HAL_Driver/Src/stm32f1xx_hal_tim.o
 .debug_line    0x0000dd4c     0x1887 ./Drivers/STM32F1xx_HAL_Driver/Src/stm32f1xx_hal_tim_ex.o
 .debug_line    0x0000f5d3     0x24df ./Drivers/STM32F1xx_HAL_Driver/Src/stm32f1xx_hal_uart.o
 .debug_line    0x00011ab2      0x9a2 ./Libs/DHT11/DHT.o
 .debug_line    0x00012454      0x9bd ./Libs/DS3231/ds3231_i2c.o
 .debug_line    0x00012e11      0xb0d ./Libs/MIN/min.o
 .debug_line    0x0001391e      0x729 ./Libs/PIR/pir_am312.o
 .debug_line    0x00014047      0x4de ./Libs/RingBuffer/RingBuffer.o

.debug_str      0x00000000    0x8d482
 .debug_str     0x00000000    0x8d482 ./App/UART/uart.o
                               0x3e64 (size before relaxing)
 .debug_str     0x0008d482    0x89bd9 ./Core/Src/main.o
 .debug_str     0x0008d482    0x85e0d ./Core/Src/stm32f1xx_hal_msp.o
 .debug_str     0x0008d482    0x85512 ./Core/Src/stm32f1xx_it.o
 .debug_str     0x0008d482    0x8509b ./Core/Src/system_stm32f1xx.o
 .debug_str     0x0008d482       0x90 ./Core/Startup/startup_stm32f103c8tx.o
 .debug_str     0x0008d482    0x8558e ./DELAY/Delay_us.o
 .debug_str     0x0008d482    0x857ce ./Drivers/STM32F1xx_HAL_Driver/Src/stm32f1xx_hal.o
 .debug_str     0x0008d482    0x8571a ./Drivers/STM32F1xx_HAL_Driver/Src/stm32f1xx_hal_cortex.o
 .debug_str     0x0008d482    0x85444 ./Drivers/STM32F1xx_HAL_Driver/Src/stm32f1xx_hal_dma.o
 .debug_str     0x0008d482    0x85421 ./Drivers/STM32F1xx_HAL_Driver/Src/stm32f1xx_hal_gpio.o
 .debug_str     0x0008d482    0x86162 ./Drivers/STM32F1xx_HAL_Driver/Src/stm32f1xx_hal_i2c.o
 .debug_str     0x0008d482    0x854ca ./Drivers/STM32F1xx_HAL_Driver/Src/stm32f1xx_hal_rcc.o
 .debug_str     0x0008d482    0x864cc ./Drivers/STM32F1xx_HAL_Driver/Src/stm32f1xx_hal_tim.o
 .debug_str     0x0008d482    0x85cd8 ./Drivers/STM32F1xx_HAL_Driver/Src/stm32f1xx_hal_tim_ex.o
 .debug_str     0x0008d482    0x85b3b ./Drivers/STM32F1xx_HAL_Driver/Src/stm32f1xx_hal_uart.o
 .debug_str     0x0008d482    0x85267 ./Libs/DHT11/DHT.o
 .debug_str     0x0008d482    0x88e15 ./Libs/DS3231/ds3231_i2c.o
 .debug_str     0x0008d482     0x4676 ./Libs/MIN/min.o
 .debug_str     0x0008d482    0x850bc ./Libs/PIR/pir_am312.o
 .debug_str     0x0008d482     0x3e21 ./Libs/RingBuffer/RingBuffer.o

.comment        0x00000000       0x43
 .comment       0x00000000       0x43 ./App/UART/uart.o
                                 0x44 (size before relaxing)
 .comment       0x00000043       0x44 ./Core/Src/main.o
 .comment       0x00000043       0x44 ./Core/Src/stm32f1xx_hal_msp.o
 .comment       0x00000043       0x44 ./Core/Src/stm32f1xx_it.o
 .comment       0x00000043       0x44 ./Core/Src/system_stm32f1xx.o
 .comment       0x00000043       0x44 ./DELAY/Delay_us.o
 .comment       0x00000043       0x44 ./Drivers/STM32F1xx_HAL_Driver/Src/stm32f1xx_hal.o
 .comment       0x00000043       0x44 ./Drivers/STM32F1xx_HAL_Driver/Src/stm32f1xx_hal_cortex.o
 .comment       0x00000043       0x44 ./Drivers/STM32F1xx_HAL_Driver/Src/stm32f1xx_hal_dma.o
 .comment       0x00000043       0x44 ./Drivers/STM32F1xx_HAL_Driver/Src/stm32f1xx_hal_gpio.o
 .comment       0x00000043       0x44 ./Drivers/STM32F1xx_HAL_Driver/Src/stm32f1xx_hal_i2c.o
 .comment       0x00000043       0x44 ./Drivers/STM32F1xx_HAL_Driver/Src/stm32f1xx_hal_rcc.o
 .comment       0x00000043       0x44 ./Drivers/STM32F1xx_HAL_Driver/Src/stm32f1xx_hal_tim.o
 .comment       0x00000043       0x44 ./Drivers/STM32F1xx_HAL_Driver/Src/stm32f1xx_hal_tim_ex.o
 .comment       0x00000043       0x44 ./Drivers/STM32F1xx_HAL_Driver/Src/stm32f1xx_hal_uart.o
 .comment       0x00000043       0x44 ./Libs/DHT11/DHT.o
 .comment       0x00000043       0x44 ./Libs/DS3231/ds3231_i2c.o
 .comment       0x00000043       0x44 ./Libs/MIN/min.o
 .comment       0x00000043       0x44 ./Libs/PIR/pir_am312.o
 .comment       0x00000043       0x44 ./Libs/RingBuffer/RingBuffer.o

.debug_frame    0x00000000     0x4778
 .debug_frame   0x00000000       0x90 ./App/UART/uart.o
 .debug_frame   0x00000090      0x160 ./Core/Src/main.o
 .debug_frame   0x000001f0      0x118 ./Core/Src/stm32f1xx_hal_msp.o
 .debug_frame   0x00000308      0x120 ./Core/Src/stm32f1xx_it.o
 .debug_frame   0x00000428       0x58 ./Core/Src/system_stm32f1xx.o
 .debug_frame   0x00000480       0x5c ./DELAY/Delay_us.o
 .debug_frame   0x000004dc      0x334 ./Drivers/STM32F1xx_HAL_Driver/Src/stm32f1xx_hal.o
 .debug_frame   0x00000810      0x428 ./Drivers/STM32F1xx_HAL_Driver/Src/stm32f1xx_hal_cortex.o
 .debug_frame   0x00000c38      0x208 ./Drivers/STM32F1xx_HAL_Driver/Src/stm32f1xx_hal_dma.o
 .debug_frame   0x00000e40      0x14c ./Drivers/STM32F1xx_HAL_Driver/Src/stm32f1xx_hal_gpio.o
 .debug_frame   0x00000f8c      0xc84 ./Drivers/STM32F1xx_HAL_Driver/Src/stm32f1xx_hal_i2c.o
 .debug_frame   0x00001c10      0x218 ./Drivers/STM32F1xx_HAL_Driver/Src/stm32f1xx_hal_rcc.o
 .debug_frame   0x00001e28     0x11b8 ./Drivers/STM32F1xx_HAL_Driver/Src/stm32f1xx_hal_tim.o
 .debug_frame   0x00002fe0      0x638 ./Drivers/STM32F1xx_HAL_Driver/Src/stm32f1xx_hal_tim_ex.o
 .debug_frame   0x00003618      0x944 ./Drivers/STM32F1xx_HAL_Driver/Src/stm32f1xx_hal_uart.o
 .debug_frame   0x00003f5c      0x110 ./Libs/DHT11/DHT.o
 .debug_frame   0x0000406c      0x100 ./Libs/DS3231/ds3231_i2c.o
 .debug_frame   0x0000416c      0x3c8 ./Libs/MIN/min.o
 .debug_frame   0x00004534       0x54 ./Libs/PIR/pir_am312.o
 .debug_frame   0x00004588       0xb0 ./Libs/RingBuffer/RingBuffer.o
 .debug_frame   0x00004638       0x20 C:/ST/STM32CubeIDE_1.16.1/STM32CubeIDE/plugins/com.st.stm32cube.ide.mcu.externaltools.gnu-tools-for-stm32.13.3.rel1.win32_1.0.0.202411081344/tools/bin/../lib/gcc/arm-none-eabi/13.3.1/../../../../arm-none-eabi/lib/thumb/v7-m/nofp\libc_nano.a(libc_a-memset.o)
 .debug_frame   0x00004658       0x2c C:/ST/STM32CubeIDE_1.16.1/STM32CubeIDE/plugins/com.st.stm32cube.ide.mcu.externaltools.gnu-tools-for-stm32.13.3.rel1.win32_1.0.0.202411081344/tools/bin/../lib/gcc/arm-none-eabi/13.3.1/../../../../arm-none-eabi/lib/thumb/v7-m/nofp\libc_nano.a(libc_a-init.o)
 .debug_frame   0x00004684       0xac C:/ST/STM32CubeIDE_1.16.1/STM32CubeIDE/plugins/com.st.stm32cube.ide.mcu.externaltools.gnu-tools-for-stm32.13.3.rel1.win32_1.0.0.202411081344/tools/bin/../lib/gcc/arm-none-eabi/13.3.1/thumb/v7-m/nofp\libgcc.a(_arm_addsubdf3.o)
 .debug_frame   0x00004730       0x24 C:/ST/STM32CubeIDE_1.16.1/STM32CubeIDE/plugins/com.st.stm32cube.ide.mcu.externaltools.gnu-tools-for-stm32.13.3.rel1.win32_1.0.0.202411081344/tools/bin/../lib/gcc/arm-none-eabi/13.3.1/thumb/v7-m/nofp\libgcc.a(_arm_truncdfsf2.o)
 .debug_frame   0x00004754       0x24 C:/ST/STM32CubeIDE_1.16.1/STM32CubeIDE/plugins/com.st.stm32cube.ide.mcu.externaltools.gnu-tools-for-stm32.13.3.rel1.win32_1.0.0.202411081344/tools/bin/../lib/gcc/arm-none-eabi/13.3.1/thumb/v7-m/nofp\libgcc.a(_arm_fixunssfsi.o)

.debug_line_str
                0x00000000       0x74
 .debug_line_str
                0x00000000       0x74 ./Core/Startup/startup_stm32f103c8tx.o
