../Core/Src/main.c:61:6:HAL_UART_RxCpltCallback	16	static
../Core/Src/main.c:70:6:min_tx_start	16	static
../Core/Src/main.c:75:6:min_tx_finished	16	static
../Core/Src/main.c:82:6:min_tx_byte	16	static
../Core/Src/main.c:89:10:min_tx_space	16	static
../Core/Src/main.c:94:10:min_time_ms	8	static
../Core/Src/main.c:99:6:min_application_handler	16	static
../Core/Src/main.c:114:5:main	16	static
../Core/Src/main.c:180:6:SystemClock_Config	72	static
../Core/Src/main.c:219:13:MX_USART1_UART_Init	8	static
../Core/Src/main.c:252:13:MX_GPIO_Init	32	static
../Core/Src/main.c:286:6:Error_Handler	4	static,ignoring_inline_asm
