../Core/Src/main.c:61:6:HAL_UART_RxCpltCallback	2
../Core/Src/main.c:70:6:min_tx_start	1
../Core/Src/main.c:75:6:min_tx_finished	1
../Core/Src/main.c:82:6:min_tx_byte	1
../Core/Src/main.c:89:10:min_tx_space	1
../Core/Src/main.c:94:10:min_time_ms	1
../Core/Src/main.c:99:6:min_application_handler	4
../Core/Src/main.c:126:5:main	2
../Core/Src/main.c:190:6:SystemClock_Config	3
../Core/Src/main.c:229:13:MX_USART1_UART_Init	2
../Core/Src/main.c:262:13:MX_GPIO_Init	1
../Core/Src/main.c:296:6:Error_Handler	1
