../Libs/MIN/min.c:64:13:crc32_init_context	16	static
../Libs/MIN/min.c:69:13:crc32_step	24	static
../Libs/MIN/min.c:79:17:crc32_finalize	16	static
../Libs/MIN/min.c:84:13:stuffed_tx_byte	16	static
../Libs/MIN/min.c:103:13:on_wire_bytes	32	static
../Libs/MIN/min.c:150:13:transport_fifo_pop	24	static
../Libs/MIN/min.c:169:32:transport_fifo_push	24	static
../Libs/MIN/min.c:208:32:transport_fifo_get	24	static
../Libs/MIN/min.c:215:13:transport_fifo_send	32	static
../Libs/MIN/min.c:223:13:send_ack	32	static
../Libs/MIN/min.c:235:13:send_reset	32	static
../Libs/MIN/min.c:243:13:transport_fifo_reset	16	static
../Libs/MIN/min.c:261:6:min_transport_reset	16	static
../Libs/MIN/min.c:276:6:min_queue_frame	40	static
../Libs/MIN/min.c:301:6:min_queue_has_space_for_frame	16	static
../Libs/MIN/min.c:308:32:find_retransmit_frame	40	static
../Libs/MIN/min.c:340:13:valid_frame_received	40	static
../Libs/MIN/min.c:446:13:rx_byte	24	static
../Libs/MIN/min.c:569:6:min_poll	48	static
../Libs/MIN/min.c:624:6:min_init_context	16	static
../Libs/MIN/min.c:654:6:min_send_frame	48	static
../Libs/MIN/min.c:662:6:min_tx_start	16	static
../Libs/MIN/min.c:667:6:min_tx_finished	16	static
../Libs/MIN/min.c:672:10:min_tx_space	16	static
../Libs/MIN/min.c:676:10:min_time_ms	8	static
