../Core/Src/main.c:61:6:ILI9341_DrawthickHline	32	static
../Core/Src/main.c:69:6:ILI9341_DrawthickVline	32	static
../Core/Src/main.c:78:6:send_time_to_ILI9341	152	static
../Core/Src/main.c:87:6:send_date_to_ILI9341	152	static
../Core/Src/main.c:96:6:send_day_to_ILI9341	40	static
../Core/Src/main.c:130:6:ILI9341_DrawCursor	32	static
../Core/Src/main.c:153:6:ILI9341_move_cursor	16	static
../Core/Src/main.c:203:6:draw_cursor_in_repeat_alarm	32	static
../Core/Src/main.c:214:6:move_cursor_in_repeat_alarm	24	static
../Core/Src/main.c:227:6:adjust_time	24	static
../Core/Src/main.c:331:6:select_unselect_the_day	24	static
../Core/Src/main.c:433:6:reset_in_set_repeat_alarm	24	static
../Core/Src/main.c:511:5:main	64	static
../Core/Src/main.c:927:6:SystemClock_Config	72	static
../Core/Src/main.c:967:13:MX_I2C1_Init	8	static
../Core/Src/main.c:1001:13:MX_SPI1_Init	8	static
../Core/Src/main.c:1037:13:MX_DMA_Init	16	static
../Core/Src/main.c:1055:13:MX_GPIO_Init	40	static
../Core/Src/main.c:1110:6:Error_Handler	4	static,ignoring_inline_asm
