../Core/Src/main.c:93:6:HAL_UART_RxCpltCallback	16	static
../Core/Src/main.c:102:6:min_tx_byte	16	static
../Core/Src/main.c:109:6:min_application_handler	16	static
../Core/Src/main.c:123:5:main	56	static
../Core/Src/main.c:235:6:SystemClock_Config	72	static
../Core/Src/main.c:275:13:MX_I2C1_Init	8	static
../Core/Src/main.c:309:13:MX_TIM3_Init	32	static
../Core/Src/main.c:354:13:MX_USART3_UART_Init	8	static
../Core/Src/main.c:387:13:MX_GPIO_Init	40	static
../Core/Src/main.c:428:6:Error_Handler	4	static,ignoring_inline_asm
