../Core/Src/main.c:143:6:HAL_TIM_IC_CaptureCallback	1
../Core/Src/main.c:148:6:HAL_GPIO_EXTI_Callback	12
../Core/Src/main.c:206:5:main	17
../Core/Src/main.c:490:6:SystemClock_Config	3
../Core/Src/main.c:530:13:MX_I2C1_Init	2
../Core/Src/main.c:564:13:MX_SPI1_Init	2
../Core/Src/main.c:602:13:MX_SPI2_Init	2
../Core/Src/main.c:640:13:MX_TIM2_Init	3
../Core/Src/main.c:689:13:MX_TIM3_Init	4
../Core/Src/main.c:734:13:MX_TIM4_Init	4
../Core/Src/main.c:779:13:MX_USART1_UART_Init	2
../Core/Src/main.c:810:13:MX_DMA_Init	1
../Core/Src/main.c:828:13:MX_GPIO_Init	1
../Core/Src/main.c:912:6:Error_Handler	1
