Added Component: Designator=P?(JP2)
Add component (AddParameter): Name = "LatestRevisionDate"; Value = "17-Jul-2002"; VariantName = "[No Variations]"
Add component (AddParameter): Name = "LatestRevisionNote"; Value = "Re-released for DXP Platform."; VariantName = "[No Variations]"
Add component (AddParameter): Name = "Publisher"; Value = "Altium Limited"; VariantName = "[No Variations]"
Added Pin To Net: NetName=RX_UART1 Pin=P?-1
Added Pin To Net: NetName=TX_UART1 Pin=P?-2
Add Differential Pair: Number of nets in differential pair NetJ4_2 is 1 instead of 2
Add Differential Pair: Number of nets in differential pair NetJ4_3 is 1 instead of 2
Added Member To Class: ClassName=Alarm_Clock Member=Component D1 LED SMD
Added Member To Class: ClassName=Alarm_Clock Member=Component D2 SS34
Added Member To Class: ClassName=Alarm_Clock Member=Component D4 SS34
Added Member To Class: ClassName=Alarm_Clock Member=Component D6 SS34
Added Member To Class: ClassName=Alarm_Clock Member=Component D8 SS34
Added Member To Class: ClassName=Alarm_Clock Member=Component D10 LED SMD
Added Member To Class: ClassName=Alarm_Clock Member=Component P? Header 2
Added Member To Class: ClassName=Alarm_Clock Member=Component R10 RESISTOR SMD
Added Member To Class: ClassName=Alarm_Clock Member=Component R11 RESISTOR SMD
Added Member To Class: ClassName=Alarm_Clock Member=Component R13 RESISTOR SMD
Added Member To Class: ClassName=Alarm_Clock Member=Component R14 RESISTOR SMD
Added Member To Class: ClassName=Alarm_Clock Member=Component R15 RESISTOR SMD
Added Member To Class: ClassName=Alarm_Clock Member=Component R17 RESISTOR SMD
Added Member To Class: ClassName=Alarm_Clock Member=Component U1 Rotary Encoder
Added Member To Class: ClassName=Alarm_Clock Member=Component U2 ILI9341
Added Member To Class: ClassName=Alarm_Clock Member=Component U3 STM32F103xx_LQFP48
Added Member To Class: ClassName=Alarm_Clock Member=Component U4 DS3231 RTC
Added Member To Class: ClassName=Alarm_Clock Member=Component U6 PIR
Added Member To Class: ClassName=Alarm_Clock Member=Component U8 OPTO PC817 SMD
Added Member To Class: ClassName=Alarm_Clock Member=Component U10 OPTO PC817 SMD
