Removed Pin From Net: NetName=GND Pin=R5-1
Removed Pin From Net: NetName=GND Pin=R6-1
Removed Pin From Net: NetName=GND Pin=R7-1
Removed Pin From Net: NetName=PA5 Pin=U1-2
Removed Pin From Net: NetName=PA6 Pin=U1-5
Removed Pin From Net: NetName=PA5 Pin=U1-6
Removed Pin From Net: NetName=PA6 Pin=U1-8
Removed Pin From Net: NetName=PA9 Pin=U2-30
Removed Pin From Net: NetName=BUZZER Pin=U2-31
Removed Member From Class: ClassName=Alarm_Clock Member=C19
Removed Member From Class: ClassName=Alarm_Clock Member=C20
Removed Member From Class: ClassName=Alarm_Clock Member=C23
Removed Member From Class: ClassName=Alarm_Clock Member=R6
Removed Member From Class: ClassName=Alarm_Clock Member=R7
Removed Member From Class: ClassName=Alarm_Clock Member=S3
Removed Member From Class: ClassName=Alarm_Clock Member=S4
Removed Member From Class: ClassName=Alarm_Clock Member=S5
Change Component Designator: OldDesignator=D1 NewDesignator=D2
Change Component Designator: OldDesignator=D2 NewDesignator=D3
Change Component Designator: OldDesignator=D3 NewDesignator=D4
Change Component Designator: OldDesignator=D4 NewDesignator=D5
Change Component Designator: OldDesignator=D5 NewDesignator=D6
Change Component Designator: OldDesignator=D6 NewDesignator=D7
Change Component Designator: OldDesignator=D7 NewDesignator=D8
Change Component Designator: OldDesignator=D8 NewDesignator=D9
Change Component Designator: OldDesignator=D9 NewDesignator=D10
Change Component Designator: OldDesignator=D10 NewDesignator=D11
Change Component Designator: OldDesignator=R8 NewDesignator=R9
Change Component Designator: OldDesignator=R9 NewDesignator=R10
Change Component Designator: OldDesignator=R10 NewDesignator=R11
Change Component Designator: OldDesignator=R11 NewDesignator=R12
Change Component Designator: OldDesignator=R12 NewDesignator=R13
Change Component Designator: OldDesignator=R13 NewDesignator=R14
Change Component Designator: OldDesignator=R14 NewDesignator=R15
Change Component Designator: OldDesignator=R15 NewDesignator=R16
Change Component Designator: OldDesignator=R16 NewDesignator=R17
Change Component Designator: OldDesignator=R17 NewDesignator=R18
Change Component Designator: OldDesignator=U1 NewDesignator=U2
Change Component Designator: OldDesignator=U2 NewDesignator=U3
Change Component Designator: OldDesignator=U3 NewDesignator=U4
Change Component Designator: OldDesignator=U4 NewDesignator=U5
Change Component Designator: OldDesignator=U5 NewDesignator=U6
Change Component Designator: OldDesignator=U6 NewDesignator=U7
Change Component Designator: OldDesignator=U7 NewDesignator=U8
Change Component Designator: OldDesignator=U8 NewDesignator=U9
Change Component Designator: OldDesignator=U9 NewDesignator=U10
Change Component Designator: OldDesignator=U10 NewDesignator=U11
Change component parameters: Designator = "R5" ("R5"); Footprint = "RES-SM-0805"; UniqueID = "\RLYPXBSR" ("\RLYPXBSR")
Change component parameters (AddParameter): Name = "Value"; Value = "300"; VariantName = "[No Variations]"
Added Component: Designator=D1(LED_0603_Blue)
Added Component: Designator=U1(Header 5 Pin)
Added Pin To Net: NetName=GND Pin=AMS1-2
Added Pin To Net: NetName=GND Pin=AMS1-4
Added Pin To Net: NetName=GND Pin=B1-2
Added Pin To Net: NetName=GND Pin=B2-2
Added Pin To Net: NetName=GND Pin=B*1-1
Added Pin To Net: NetName=GND Pin=C1-2
Added Pin To Net: NetName=GND Pin=C2-2
Added Pin To Net: NetName=GND Pin=C3-2
Added Pin To Net: NetName=GND Pin=C4-2
Added Pin To Net: NetName=GND Pin=C5-2
Added Pin To Net: NetName=GND Pin=C6-2
Added Pin To Net: NetName=GND Pin=C7-1
Added Pin To Net: NetName=GND Pin=C8-2
Added Pin To Net: NetName=GND Pin=C11-2
Added Pin To Net: NetName=GND Pin=C12-2
Added Pin To Net: NetName=GND Pin=C13-1
Added Pin To Net: NetName=GND Pin=C14-2
Added Pin To Net: NetName=GND Pin=C15-2
Added Pin To Net: NetName=GND Pin=C16-2
Added Pin To Net: NetName=GND Pin=C17-2
Added Pin To Net: NetName=GND Pin=C18-2
Added Pin To Net: NetName=GND Pin=D1-2
Added Pin To Net: NetName=GND Pin=D4-2
Added Pin To Net: NetName=GND Pin=R9-2
Added Pin To Net: NetName=GND Pin=R13-2
Added Pin To Net: NetName=GND Pin=R15-2
Added Pin To Net: NetName=GND Pin=R16-2
Added Pin To Net: NetName=GND Pin=S1-2
Added Pin To Net: NetName=GND Pin=S2-2
Added Pin To Net: NetName=GND Pin=SWD1-4
Added Pin To Net: NetName=+5V Pin=U1-4
Added Pin To Net: NetName=GND Pin=U1-5
Added Pin To Net: NetName=PA6 Pin=U2-2
Added Pin To Net: NetName=PA5 Pin=U2-5
Added Pin To Net: NetName=PA6 Pin=U2-6
Added Pin To Net: NetName=GND Pin=U2-7
Added Pin To Net: NetName=PA5 Pin=U2-8
Added Pin To Net: NetName=GND Pin=U2-14
Added Pin To Net: NetName=GND Pin=U3-1
Added Pin To Net: NetName=GND Pin=U3-9
Added Pin To Net: NetName=GND Pin=U3-24
Added Pin To Net: NetName=GND Pin=U3-36
Added Pin To Net: NetName=BUZZER Pin=U3-45
Added Pin To Net: NetName=GND Pin=U3-48
Added Pin To Net: NetName=GND Pin=U6-1
Added Pin To Net: NetName=GND Pin=U7-1
Change Net Name : Old Net Name=GND New Net Name=+3.3V
Change Net Name : Old Net Name=NetD1_1 New Net Name=NetD2_1
Change Net Name : Old Net Name=NetD2_1 New Net Name=NetD3_1
Change Net Name : Old Net Name=NetD5_1 New Net Name=NetD6_1
Change Net Name : Old Net Name=NetD6_1 New Net Name=NetD7_1
Change Net Name : Old Net Name=NetD7_1 New Net Name=NetD8_1
Change Net Name : Old Net Name=NetD8_1 New Net Name=NetD9_1
Change Net Name : Old Net Name=NetD9_1 New Net Name=NetD10_1
Change Net Name : Old Net Name=NetD10_1 New Net Name=NetD11_1
Change Net Name : Old Net Name=NetR8_1 New Net Name=NetR9_1
Change Net Name : Old Net Name=NetR9_2 New Net Name=NetR10_2
Change Net Name : Old Net Name=NetR10_1 New Net Name=NetR11_1
Change Net Name : Old Net Name=NetR12_1 New Net Name=NetR13_1
Change Net Name : Old Net Name=NetR13_2 New Net Name=NetR14_2
Change Net Name : Old Net Name=NetR14_1 New Net Name=NetR15_1
Change Net Name : Old Net Name=NetR15_1 New Net Name=NetR16_1
Change Net Name : Old Net Name=NetR16_2 New Net Name=NetR17_2
Change Net Name : Old Net Name=NetR17_2 New Net Name=NetR18_2
Change Net Name : Old Net Name=PA11 New Net Name=USB_DM
Change Net Name : Old Net Name=PA12 New Net Name=USB_DP
Change Net Name : Old Net Name=PB6 New Net Name=SCL_I2C1
Change Net Name : Old Net Name=PB7 New Net Name=SDA_I2C1
Added Pin To Net: NetName=CH1_TIM2 Pin=U1-1
Added Pin To Net: NetName=CH1_TIM2 Pin=U3-10
Added Net: Name=CH1_TIM2
Added Pin To Net: NetName=CH2_TIM2 Pin=U1-2
Added Pin To Net: NetName=CH2_TIM2 Pin=U3-11
Added Net: Name=CH2_TIM2
Added Pin To Net: NetName=NetD1_1 Pin=D1-1
Added Pin To Net: NetName=NetD1_1 Pin=R5-2
Added Net: Name=NetD1_1
Added Pin To Net: NetName=PA2 Pin=U1-3
Added Pin To Net: NetName=PA2 Pin=U3-12
Added Net: Name=PA2
Added Pin To Net: NetName=PC13 Pin=R5-1
Added Pin To Net: NetName=PC13 Pin=U3-2
Added Net: Name=PC13
Added Pin To Net: NetName=RX_UART1 Pin=U3-31
Added Net: Name=RX_UART1
Added Pin To Net: NetName=TX_UART1 Pin=U3-30
Added Net: Name=TX_UART1
Add Differential Pair: Number of nets in differential pair NetJ4_2 is 1 instead of 2
Add Differential Pair: Number of nets in differential pair NetJ4_3 is 1 instead of 2
Added Member To Class: ClassName=Alarm_Clock Member=Component D11 LED SMD
Added Member To Class: ClassName=Alarm_Clock Member=Component U11 OPTO PC817 SMD
