Change Component Designator: Old Designator=C1 New Designator=C2
Change Component Designator: Old Designator=C2 New Designator=C23
Change Component Designator: Old Designator=C5 New Designator=C11
Change Component Designator: Old Designator=C6 New Designator=C12
Change Component Designator: Old Designator=C7 New Designator=C14
Change Component Designator: Old Designator=C8 New Designator=C16
Change Component Designator: Old Designator=C9 New Designator=C19
Change Component Designator: Old Designator=C10 New Designator=C21
Change Component Designator: Old Designator=C11 New Designator=C13
Change Component Designator: Old Designator=C12 New Designator=C18
Change Component Designator: Old Designator=C? New Designator=C1
Change Component Designator: Old Designator=C? New Designator=C3
Change Component Designator: Old Designator=C? New Designator=C5
Change Component Designator: Old Designator=C? New Designator=C6
Change Component Designator: Old Designator=C? New Designator=C7
Change Component Designator: Old Designator=C? New Designator=C8
Change Component Designator: Old Designator=C? New Designator=C9
Change Component Designator: Old Designator=C? New Designator=C10
Change Component Designator: Old Designator=C? New Designator=C15
Change Component Designator: Old Designator=C? New Designator=C17
Change Component Designator: Old Designator=C? New Designator=C20
Change Component Designator: Old Designator=C? New Designator=C22
Change Component Designator: Old Designator=JDC? New Designator=JDC1
Change Component Designator: Old Designator=R4 New Designator=R11
Change Component Designator: Old Designator=R5 New Designator=R4
Change Component Designator: Old Designator=R6 New Designator=R5
Change Component Designator: Old Designator=R8 New Designator=R6
Change Component Designator: Old Designator=R10 New Designator=R7
Change Component Designator: Old Designator=R11 New Designator=R8
Change Component Designator: Old Designator=R12 New Designator=R9
Change Component Designator: Old Designator=R13 New Designator=R10
Change Component Designator: Old Designator=S5 New Designator=S7
Change Component Designator: Old Designator=S6 New Designator=S5
Change Component Designator: Old Designator=S7 New Designator=S6
Change Component Designator: Old Designator=U1 New Designator=U2
Change Component Designator: Old Designator=U2 New Designator=U3
Change Component Designator: Old Designator=U3 New Designator=U1
