Removed Pin From Net: NetName=RESET Pin=R1-1
Removed Pin From Net: NetName=GND Pin=R1-2
Removed Pin From Net: NetName=GND Pin=R2-1
Removed Pin From Net: NetName=S1 Pin=R2-2
Removed Pin From Net: NetName=GND Pin=R3-1
Removed Pin From Net: NetName=S2 Pin=R3-2
Removed Pin From Net: NetName=BOOT0 Pin=R4-1
Removed Pin From Net: NetName=GND Pin=R4-2
Removed Pin From Net: NetName=GND Pin=R5-1
Removed Pin From Net: NetName=S3 Pin=R5-2
Removed Pin From Net: NetName=GND Pin=R6-1
Removed Pin From Net: NetName=S4 Pin=R6-2
Removed Pin From Net: NetName=GND Pin=R7-1
Removed Pin From Net: NetName=S5 Pin=R7-2
Removed Pin From Net: NetName=+3.3V Pin=R8-2
Removed Pin From Net: NetName=PB1 Pin=R10-1
Removed Pin From Net: NetName=NetQ2_1 Pin=R11-1
Removed Pin From Net: NetName=BUZZER Pin=R11-2
Removed Pin From Net: NetName=+3.3V Pin=R12-2
Removed Pin From Net: NetName=+3.3V Pin=R14-2
Removed Pin From Net: NetName=+3.3V Pin=R15-2
Removed Member From Class: ClassName=Alarm_Clock Member=R1
Removed Member From Class: ClassName=Alarm_Clock Member=R2
Removed Member From Class: ClassName=Alarm_Clock Member=R3
Removed Member From Class: ClassName=Alarm_Clock Member=R4
Removed Member From Class: ClassName=Alarm_Clock Member=R5
Removed Member From Class: ClassName=Alarm_Clock Member=R6
Removed Member From Class: ClassName=Alarm_Clock Member=R7
Removed Member From Class: ClassName=Alarm_Clock Member=R8
Removed Member From Class: ClassName=Alarm_Clock Member=R10
Removed Member From Class: ClassName=Alarm_Clock Member=R11
Removed Member From Class: ClassName=Alarm_Clock Member=R12
Removed Member From Class: ClassName=Alarm_Clock Member=R14
Removed Member From Class: ClassName=Alarm_Clock Member=R15
Added Component: Designator=R?(RES-SM-0805)
Add component (AddParameter): Name = "Value"; Value = "100"; VariantName = "[No Variations]"
Added Component: Designator=R?(RES-SM-0805)
Add component (AddParameter): Name = "Value"; Value = "10K"; VariantName = "[No Variations]"
Added Component: Designator=R?(RES-SM-0805)
Add component (AddParameter): Name = "Value"; Value = "100"; VariantName = "[No Variations]"
Added Component: Designator=R?(RES-SM-0805)
Add component (AddParameter): Name = "Value"; Value = "1K"; VariantName = "[No Variations]"
Added Component: Designator=R?(RES-SM-0805)
Add component (AddParameter): Name = "Value"; Value = "100"; VariantName = "[No Variations]"
Added Component: Designator=R?(RES-SM-0805)
Add component (AddParameter): Name = "Value"; Value = "100"; VariantName = "[No Variations]"
Added Component: Designator=R?(RES-SM-0805)
Add component (AddParameter): Name = "Value"; Value = "10K"; VariantName = "[No Variations]"
Added Component: Designator=R?(RES-SM-0805)
Add component (AddParameter): Name = "Value"; Value = "10K"; VariantName = "[No Variations]"
Added Component: Designator=R?(RES-SM-0805)
Add component (AddParameter): Name = "Value"; Value = "10K"; VariantName = "[No Variations]"
Added Component: Designator=R?(RES-SM-0805)
Add component (AddParameter): Name = "Value"; Value = "10K"; VariantName = "[No Variations]"
Added Component: Designator=R?(RES-SM-0805)
Add component (AddParameter): Name = "Value"; Value = "10K"; VariantName = "[No Variations]"
Added Component: Designator=R?(RES-SM-0805)
Add component (AddParameter): Name = "Value"; Value = "10K"; VariantName = "[No Variations]"
Added Component: Designator=R?(RES-SM-0805)
Add component (AddParameter): Name = "Value"; Value = "10K"; VariantName = "[No Variations]"
Added Pin To Net: NetName=BUZZER Pin=R?-1
Added Pin To Net: NetName=GND Pin=R?-1
Added Pin To Net: NetName=GND Pin=R?-1
Added Pin To Net: NetName=GND Pin=R?-1
Added Pin To Net: NetName=GND Pin=R?-1
Added Pin To Net: NetName=GND Pin=R?-1
Added Pin To Net: NetName=GND Pin=R?-1
Added Pin To Net: NetName=GND Pin=R?-1
Added Pin To Net: NetName=+3.3V Pin=R?-2
Added Pin To Net: NetName=+3.3V Pin=R?-2
Added Pin To Net: NetName=+3.3V Pin=R?-2
Added Pin To Net: NetName=+3.3V Pin=R?-2
Added Pin To Net: NetName=BOOT0 Pin=R?-2
Added Pin To Net: NetName=NetQ2_1 Pin=R?-2
Added Pin To Net: NetName=PB1 Pin=R?-2
Added Pin To Net: NetName=RESET Pin=R?-2
Added Pin To Net: NetName=S1 Pin=R?-2
Added Pin To Net: NetName=S2 Pin=R?-2
Added Pin To Net: NetName=S3 Pin=R?-2
Added Pin To Net: NetName=S4 Pin=R?-2
Added Pin To Net: NetName=S5 Pin=R?-2
Add Pin To Net: Unknown Pin: Pin U1-1
Add Pin To Net: Unknown Pin: Pin U1-2
Add Pin To Net: Unknown Pin: Pin U1-3
Add Pin To Net: Unknown Pin: Pin U1-4
Add Pin To Net: Unknown Pin: Pin U1-5
Add Pin To Net: Unknown Pin: Pin U1-6
Add Pin To Net: Unknown Pin: Pin U1-7
Add Pin To Net: Unknown Pin: Pin U1-8
Add Pin To Net: Unknown Pin: Pin U1-9
Add Pin To Net: Unknown Pin: Pin U1-10
Add Pin To Net: Unknown Pin: Pin U1-11
Add Pin To Net: Unknown Pin: Pin U1-12
Add Pin To Net: Unknown Pin: Pin U1-13
Add Pin To Net: Unknown Pin: Pin U1-14
Add Pin To Net: Unknown Pin: Pin U2-3
Add Pin To Net: Unknown Pin: Pin U2-4
Add Pin To Net: Unknown Pin: Pin U2-5
Add Pin To Net: Unknown Pin: Pin U2-6
Add Pin To Net: Unknown Pin: Pin U5-1
Add Pin To Net: Unknown Pin: Pin U5-3
Add Pin To Net: Unknown Pin: Pin U6-45
Add Pin To Net: Unknown Pin: Pin U6-46
Add Pin To Net: Unknown Pin: Pin U6-48
Added Pin To Net: NetName=NetR?_1 Pin=R?-1
Added Pin To Net: NetName=NetR?_1 Pin=U10-1
Added Net: Name=NetR?_1
Add Net: Net with name "NetR?_1" already exists
Add Net: Net with name "NetR?_1" already exists
Add Net: Net with name "NetR?_1" already exists
Add Net: Net with name "NetR?_1" already exists
Added Member To Class: ClassName=Alarm_Clock Member=Component R? RESISTOR SMD
Added Member To Class: ClassName=Alarm_Clock Member=Component R? RESISTOR SMD
Added Member To Class: ClassName=Alarm_Clock Member=Component R? RESISTOR SMD
Added Member To Class: ClassName=Alarm_Clock Member=Component R? RESISTOR SMD
Added Member To Class: ClassName=Alarm_Clock Member=Component R? RESISTOR SMD
Added Member To Class: ClassName=Alarm_Clock Member=Component R? RESISTOR SMD
Added Member To Class: ClassName=Alarm_Clock Member=Component R? RESISTOR SMD
Added Member To Class: ClassName=Alarm_Clock Member=Component R? RESISTOR SMD
Added Member To Class: ClassName=Alarm_Clock Member=Component R? RESISTOR SMD
Added Member To Class: ClassName=Alarm_Clock Member=Component R? RESISTOR SMD
Added Member To Class: ClassName=Alarm_Clock Member=Component R? RESISTOR SMD
Added Member To Class: ClassName=Alarm_Clock Member=Component R? RESISTOR SMD
Added Member To Class: ClassName=Alarm_Clock Member=Component R? RESISTOR SMD
Add Class Member: Failed to add class member : Component U1 ILI9341
Add Class Member: Failed to add class member : Component U2 DS3231 RTC
Add Class Member: Failed to add class member : Component U5 PIR
Add Class Member: Failed to add class member : Component U6 DHT11
