Change Component Designator: Old Designator=C3 New Designator=C2
Change Component Designator: Old Designator=C10 New Designator=C11
Change Component Designator: Old Designator=C11 New Designator=C12
Change Component Designator: Old Designator=C12 New Designator=C13
Change Component Designator: Old Designator=C13 New Designator=C14
Change Component Designator: Old Designator=C14 New Designator=C15
Change Component Designator: Old Designator=C15 New Designator=C16
Change Component Designator: Old Designator=C16 New Designator=C17
Change Component Designator: Old Designator=C17 New Designator=C10
Change Component Designator: Old Designator=C? New Designator=C3
Change Component Designator: Old Designator=Q? New Designator=Q1
Change Component Designator: Old Designator=R3 New Designator=R2
Change Component Designator: Old Designator=R5 New Designator=R6
Change Component Designator: Old Designator=R6 New Designator=R7
Change Component Designator: Old Designator=R7 New Designator=R8
Change Component Designator: Old Designator=R8 New Designator=R9
Change Component Designator: Old Designator=R? New Designator=R3
Change Component Designator: Old Designator=R? New Designator=R5
Change Component Designator: Old Designator=S3 New Designator=S2
Change Component Designator: Old Designator=S5 New Designator=S6
Change Component Designator: Old Designator=S6 New Designator=S7
Change Component Designator: Old Designator=S7 New Designator=S5
Change Component Designator: Old Designator=S? New Designator=S3
