Change Component Designator: OldDesignator=U3 NewDesignator=U2
Added Component: Designator=U1(ILI9341)
Added Component: Designator=U3(DS3231)
Added Component: Designator=U5(PIR)
Added Component: Designator=U6(DHT11)
Added Pin To Net: NetName=PB11 Pin=U1-1
Added Pin To Net: NetName=PA6 Pin=U1-2
Added Pin To Net: NetName=PA7 Pin=U1-3
Added Pin To Net: NetName=PB12 Pin=U1-4
Added Pin To Net: NetName=PA5 Pin=U1-5
Added Pin To Net: NetName=PA6 Pin=U1-6
Added Pin To Net: NetName=+3.3V Pin=U1-7
Added Pin To Net: NetName=PA5 Pin=U1-8
Added Pin To Net: NetName=PA7 Pin=U1-9
Added Pin To Net: NetName=PA2 Pin=U1-10
Added Pin To Net: NetName=PA3 Pin=U1-11
Added Pin To Net: NetName=PA4 Pin=U1-12
Added Pin To Net: NetName=GND Pin=U1-13
Added Pin To Net: NetName=+3.3V Pin=U1-14
Added Pin To Net: NetName=PB6 Pin=U3-3
Added Pin To Net: NetName=PB7 Pin=U3-4
Added Pin To Net: NetName=+5V Pin=U3-5
Added Pin To Net: NetName=GND Pin=U3-6
Added Pin To Net: NetName=+3.3V Pin=U5-1
Added Pin To Net: NetName=NetR10_1 Pin=U5-2
Added Pin To Net: NetName=GND Pin=U5-3
Added Pin To Net: NetName=+3.3V Pin=U6-1
Added Pin To Net: NetName=PB0 Pin=U6-2
Added Pin To Net: NetName=GND Pin=U6-3
Added Member To Class: ClassName=Alarm_Clock Member=Component D8 SS34
Added Member To Class: ClassName=Alarm_Clock Member=Component D10 LED SMD
Added Member To Class: ClassName=Alarm_Clock Member=Component U1 ILI9341
Added Member To Class: ClassName=Alarm_Clock Member=Component U3 DS3231 RTC
Added Member To Class: ClassName=Alarm_Clock Member=Component U5 PIR
Added Member To Class: ClassName=Alarm_Clock Member=Component U6 DHT11
