Removed Pin From Net: NetName=+3.3V Pin=AMS1-2
Removed Pin From Net: NetName=+3.3V Pin=AMS1-4
Removed Pin From Net: NetName=+3.3V Pin=B1-2
Removed Pin From Net: NetName=+3.3V Pin=B2-2
Removed Pin From Net: NetName=+3.3V Pin=B*1-1
Removed Pin From Net: NetName=+3.3V Pin=C1-2
Removed Pin From Net: NetName=+3.3V Pin=C2-2
Removed Pin From Net: NetName=+3.3V Pin=C3-2
Removed Pin From Net: NetName=+3.3V Pin=C4-2
Removed Pin From Net: NetName=+3.3V Pin=C5-2
Removed Pin From Net: NetName=+3.3V Pin=C6-2
Removed Pin From Net: NetName=+3.3V Pin=C7-1
Removed Pin From Net: NetName=+3.3V Pin=C8-2
Removed Pin From Net: NetName=+3.3V Pin=C11-2
Removed Pin From Net: NetName=+3.3V Pin=C12-2
Removed Pin From Net: NetName=+3.3V Pin=C13-1
Removed Pin From Net: NetName=+3.3V Pin=C14-2
Removed Pin From Net: NetName=+3.3V Pin=C15-2
Removed Pin From Net: NetName=+3.3V Pin=C16-2
Removed Pin From Net: NetName=+3.3V Pin=C17-2
Removed Pin From Net: NetName=+3.3V Pin=C18-2
Removed Pin From Net: NetName=+3.3V Pin=D4-2
Removed Pin From Net: NetName=+3.3V Pin=R9-2
Removed Pin From Net: NetName=+3.3V Pin=R13-2
Removed Pin From Net: NetName=+3.3V Pin=R15-2
Removed Pin From Net: NetName=+3.3V Pin=R16-2
Removed Pin From Net: NetName=+3.3V Pin=S1-2
Removed Pin From Net: NetName=+3.3V Pin=S2-2
Removed Pin From Net: NetName=+3.3V Pin=SWD1-4
Removed Pin From Net: NetName=+3.3V Pin=U2-7
Removed Pin From Net: NetName=+3.3V Pin=U2-14
Removed Pin From Net: NetName=+3.3V Pin=U3-1
Removed Pin From Net: NetName=+3.3V Pin=U3-9
Removed Pin From Net: NetName=+3.3V Pin=U3-24
Removed Pin From Net: NetName=+3.3V Pin=U3-36
Removed Pin From Net: NetName=+3.3V Pin=U3-48
Removed Pin From Net: NetName=+3.3V Pin=U6-1
Removed Pin From Net: NetName=+3.3V Pin=U7-1
Added Pin To Net: NetName=+3.3V Pin=U2-13
Change Net Name : Old Net Name=+3.3V New Net Name=GND
Added Pin To Net: NetName=+3.3V Pin=AMS1-2
Added Pin To Net: NetName=+3.3V Pin=AMS1-4
Added Pin To Net: NetName=+3.3V Pin=B1-2
Added Pin To Net: NetName=+3.3V Pin=B2-2
Added Pin To Net: NetName=+3.3V Pin=B*1-1
Added Pin To Net: NetName=+3.3V Pin=C1-2
Added Pin To Net: NetName=+3.3V Pin=C2-2
Added Pin To Net: NetName=+3.3V Pin=C3-2
Added Pin To Net: NetName=+3.3V Pin=C4-2
Added Pin To Net: NetName=+3.3V Pin=C5-2
Added Pin To Net: NetName=+3.3V Pin=C6-2
Added Pin To Net: NetName=+3.3V Pin=C7-1
Added Pin To Net: NetName=+3.3V Pin=C8-2
Added Pin To Net: NetName=+3.3V Pin=C11-2
Added Pin To Net: NetName=+3.3V Pin=C12-2
Added Pin To Net: NetName=+3.3V Pin=C13-1
Added Pin To Net: NetName=+3.3V Pin=C14-2
Added Pin To Net: NetName=+3.3V Pin=C15-2
Added Pin To Net: NetName=+3.3V Pin=C16-2
Added Pin To Net: NetName=+3.3V Pin=C17-2
Added Pin To Net: NetName=+3.3V Pin=C18-2
Added Pin To Net: NetName=+3.3V Pin=D4-2
Added Pin To Net: NetName=+3.3V Pin=R9-2
Added Pin To Net: NetName=+3.3V Pin=R13-2
Added Pin To Net: NetName=+3.3V Pin=R15-2
Added Pin To Net: NetName=+3.3V Pin=R16-2
Added Pin To Net: NetName=+3.3V Pin=S1-2
Added Pin To Net: NetName=+3.3V Pin=S2-2
Added Pin To Net: NetName=+3.3V Pin=SWD1-4
Added Pin To Net: NetName=+3.3V Pin=U2-7
Added Pin To Net: NetName=+3.3V Pin=U2-14
Added Pin To Net: NetName=+3.3V Pin=U3-1
Added Pin To Net: NetName=+3.3V Pin=U3-9
Added Pin To Net: NetName=+3.3V Pin=U3-24
Added Pin To Net: NetName=+3.3V Pin=U3-36
Added Pin To Net: NetName=+3.3V Pin=U3-48
Added Pin To Net: NetName=+3.3V Pin=U6-1
Added Pin To Net: NetName=+3.3V Pin=U7-1
Added Net: Name=+3.3V
Add Differential Pair: Number of nets in differential pair NetJ4_2 is 1 instead of 2
Add Differential Pair: Number of nets in differential pair NetJ4_3 is 1 instead of 2
