Added Component: Designator=AMS1(SOT223)
Add component (AddParameter): Name = "Chung_Loai"; Value = "Dán"; VariantName = "[No Variations]"
Add component (AddParameter): Name = "Don_Vi"; Value = "Con"; VariantName = "[No Variations]"
Add component (AddParameter): Name = "Ghi_Chu"; Value = ""; VariantName = "[No Variations]"
Add component (AddParameter): Name = "Kieu_Chan"; Value = ""; VariantName = "[No Variations]"
Add component (AddParameter): Name = "Ma_Hang"; Value = "MH000596"; VariantName = "[No Variations]"
Add component (AddParameter): Name = "Value"; Value = "AMS1117-3.3V SOT223"; VariantName = "[No Variations]"
Added Component: Designator=B*1(BUZZER)
Added Component: Designator=C1(CAP-SM-0805)
Add component (AddParameter): Name = "Value"; Value = "1uF"; VariantName = "[No Variations]"
Added Component: Designator=C2(CAP-SM-0805)
Add component (AddParameter): Name = "Value"; Value = "10nF"; VariantName = "[No Variations]"
Added Component: Designator=C3(CAP-SM-0805)
Add component (AddParameter): Name = "Value"; Value = "1uF"; VariantName = "[No Variations]"
Added Component: Designator=C4(CAP-SM-0805)
Add component (AddParameter): Name = "Value"; Value = "10nF"; VariantName = "[No Variations]"
Added Component: Designator=C5(CAP-SM-0805)
Add component (AddParameter): Name = "Value"; Value = "1uF"; VariantName = "[No Variations]"
Added Component: Designator=C6(CAP-SM-0805)
Add component (AddParameter): Name = "Value"; Value = "10nF"; VariantName = "[No Variations]"
Added Component: Designator=C7(CAP-SM-0805)
Add component (AddParameter): Name = "Value"; Value = "1uF"; VariantName = "[No Variations]"
Added Component: Designator=C8(CAP-SM-0805)
Add component (AddParameter): Name = "Value"; Value = "1uF"; VariantName = "[No Variations]"
Added Component: Designator=C9(CAP-SM-0805)
Add component (AddParameter): Name = "Value"; Value = "10uF"; VariantName = "[No Variations]"
Added Component: Designator=C10(CAP-SM-0805)
Add component (AddParameter): Name = "Value"; Value = "1uF"; VariantName = "[No Variations]"
Added Component: Designator=C11(CAP-SM-0805)
Add component (AddParameter): Name = "Value"; Value = "1uF"; VariantName = "[No Variations]"
Added Component: Designator=C12(CAP-SM-0805)
Add component (AddParameter): Name = "Value"; Value = "10uF"; VariantName = "[No Variations]"
Added Component: Designator=C13(CAP-SM-0805)
Add component (AddParameter): Name = "Value"; Value = "1uF"; VariantName = "[No Variations]"
Added Component: Designator=C14(CAP-SM-0805)
Add component (AddParameter): Name = "Value"; Value = "1uF"; VariantName = "[No Variations]"
Added Component: Designator=C15(CAP-SM-0805)
Add component (AddParameter): Name = "Value"; Value = "10nF"; VariantName = "[No Variations]"
Added Component: Designator=C16(CAP-SM-0805)
Add component (AddParameter): Name = "Value"; Value = "1uF"; VariantName = "[No Variations]"
Added Component: Designator=C17(CAP-SM-0805)
Add component (AddParameter): Name = "Value"; Value = "10nF"; VariantName = "[No Variations]"
Added Component: Designator=C18(CAP-SM-0805)
Add component (AddParameter): Name = "Value"; Value = "1uF"; VariantName = "[No Variations]"
Added Component: Designator=C19(CAP-SM-0805)
Add component (AddParameter): Name = "Value"; Value = "1uF"; VariantName = "[No Variations]"
Added Component: Designator=C20(CAP-SM-0805)
Add component (AddParameter): Name = "Value"; Value = "1uF"; VariantName = "[No Variations]"
Added Component: Designator=C21(CAP-SM-0805)
Add component (AddParameter): Name = "Value"; Value = "10pF"; VariantName = "[No Variations]"
Added Component: Designator=C22(CAP-SM-0805)
Add component (AddParameter): Name = "Value"; Value = "10pF"; VariantName = "[No Variations]"
Added Component: Designator=C23(CAP-SM-0805)
Add component (AddParameter): Name = "Value"; Value = "1uF"; VariantName = "[No Variations]"
Added Component: Designator=C24(tu nhom 6.3 (d))
Add component (AddParameter): Name = "Chung_Loai"; Value = "Dán"; VariantName = "[No Variations]"
Add component (AddParameter): Name = "Don_Vi"; Value = "Con"; VariantName = "[No Variations]"
Add component (AddParameter): Name = "Kieu_Chan"; Value = ""; VariantName = "[No Variations]"
Add component (AddParameter): Name = "Ma_Hang"; Value = "MH002217"; VariantName = "[No Variations]"
Add component (AddParameter): Name = "So_Chan"; Value = "2"; VariantName = "[No Variations]"
Add component (AddParameter): Name = "Ten_Linh_Kien"; Value = "T? Nhôm 47uF 50V 6.3x5.5MM"; VariantName = "[No Variations]"
Added Component: Designator=D1(DIODE SMA)
Add component (AddParameter): Name = "Chung_Loai"; Value = "Dán"; VariantName = "[No Variations]"
Add component (AddParameter): Name = "Don_Vi"; Value = "Con"; VariantName = "[No Variations]"
Add component (AddParameter): Name = "Ghi_Chu"; Value = ""; VariantName = "[No Variations]"
Add component (AddParameter): Name = "Kieu_Chan"; Value = ""; VariantName = "[No Variations]"
Add component (AddParameter): Name = "Ma_Hang"; Value = "MH002104"; VariantName = "[No Variations]"
Add component (AddParameter): Name = "Ten_Linh_Kien"; Value = "Diode SS34 3A 40V SMA ( 1N5822 SS34A)"; VariantName = "[No Variations]"
Added Component: Designator=D2(LED_0805_Blue)
Added Component: Designator=D3(DIODE SMA)
Add component (AddParameter): Name = "Chung_Loai"; Value = "Dán"; VariantName = "[No Variations]"
Add component (AddParameter): Name = "Don_Vi"; Value = "Con"; VariantName = "[No Variations]"
Add component (AddParameter): Name = "Ghi_Chu"; Value = ""; VariantName = "[No Variations]"
Add component (AddParameter): Name = "Kieu_Chan"; Value = ""; VariantName = "[No Variations]"
Add component (AddParameter): Name = "Ma_Hang"; Value = "MH002104"; VariantName = "[No Variations]"
Add component (AddParameter): Name = "Ten_Linh_Kien"; Value = "Diode SS34 3A 40V SMA ( 1N5822 SS34A)"; VariantName = "[No Variations]"
Added Component: Designator=D4(DIODE ZENNER SMD SOD80)
Add component (AddParameter): Name = "Chung_Loai"; Value = "Dán"; VariantName = "[No Variations]"
Add component (AddParameter): Name = "Don_Vi"; Value = "Con"; VariantName = "[No Variations]"
Add component (AddParameter): Name = "Ghi_Chu"; Value = ""; VariantName = "[No Variations]"
Add component (AddParameter): Name = "Kieu_Chan"; Value = ""; VariantName = "[No Variations]"
Add component (AddParameter): Name = "Ma_Hang"; Value = "MH002880"; VariantName = "[No Variations]"
Add component (AddParameter): Name = "Ten_Linh_Kien"; Value = "Diode Zener 1/2W 3.3V SMD1206 ZMM3.3"; VariantName = "[No Variations]"
Added Component: Designator=D5(DIODE SMA)
Add component (AddParameter): Name = "Chung_Loai"; Value = "Dán"; VariantName = "[No Variations]"
Add component (AddParameter): Name = "Don_Vi"; Value = "Con"; VariantName = "[No Variations]"
Add component (AddParameter): Name = "Ghi_Chu"; Value = ""; VariantName = "[No Variations]"
Add component (AddParameter): Name = "Kieu_Chan"; Value = ""; VariantName = "[No Variations]"
Add component (AddParameter): Name = "Ma_Hang"; Value = "MH002104"; VariantName = "[No Variations]"
Add component (AddParameter): Name = "Ten_Linh_Kien"; Value = "Diode SS34 3A 40V SMA ( 1N5822 SS34A)"; VariantName = "[No Variations]"
Added Component: Designator=D6(LED_0805_Blue)
Added Component: Designator=D8(DIODE SMA)
Add component (AddParameter): Name = "Chung_Loai"; Value = "Dán"; VariantName = "[No Variations]"
Add component (AddParameter): Name = "Don_Vi"; Value = "Con"; VariantName = "[No Variations]"
Add component (AddParameter): Name = "Ghi_Chu"; Value = ""; VariantName = "[No Variations]"
Add component (AddParameter): Name = "Kieu_Chan"; Value = ""; VariantName = "[No Variations]"
Add component (AddParameter): Name = "Ma_Hang"; Value = "MH002104"; VariantName = "[No Variations]"
Add component (AddParameter): Name = "Ten_Linh_Kien"; Value = "Diode SS34 3A 40V SMA ( 1N5822 SS34A)"; VariantName = "[No Variations]"
Added Component: Designator=D9(DIODE SMA)
Add component (AddParameter): Name = "Chung_Loai"; Value = "Dán"; VariantName = "[No Variations]"
Add component (AddParameter): Name = "Don_Vi"; Value = "Con"; VariantName = "[No Variations]"
Add component (AddParameter): Name = "Ghi_Chu"; Value = ""; VariantName = "[No Variations]"
Add component (AddParameter): Name = "Kieu_Chan"; Value = ""; VariantName = "[No Variations]"
Add component (AddParameter): Name = "Ma_Hang"; Value = "MH002104"; VariantName = "[No Variations]"
Add component (AddParameter): Name = "Ten_Linh_Kien"; Value = "Diode SS34 3A 40V SMA ( 1N5822 SS34A)"; VariantName = "[No Variations]"
Added Component: Designator=D10(LED_0805_Blue)
Added Component: Designator=D11(LED_0805_Blue)
Added Component: Designator=F?(Cau chi tu phuc hoi 2A 24V SMD1812)
Add component (AddParameter): Name = "Ma_Hang"; Value = "MH010033"; VariantName = "[No Variations]"
Add component (AddParameter): Name = "Ten"; Value = "C?u Chì T? Ph?c H?i 2A 24V SMD1812"; VariantName = "[No Variations]"
Added Component: Designator=J1(691213710002)
Add component (AddParameter): Name = "Application"; Value = "Rising Cage Clamp"; VariantName = "[No Variations]"
Add component (AddParameter): Name = "Category"; Value = "Terminal Blocks"; VariantName = "[No Variations]"
Add component (AddParameter): Name = "ComponentLink1Description"; Value = "Datasheet Link"; VariantName = "[No Variations]"
Add component (AddParameter): Name = "ComponentLink1URL"; Value = "https://www.we-online.com/redexpert/spec/691213710002?ad"; VariantName = "[No Variations]"
Add component (AddParameter): Name = "ComponentLink2Description"; Value = "Supplier 1 URL"; VariantName = "[No Variations]"
Add component (AddParameter): Name = "ComponentLink2URL"; Value = "N/A"; VariantName = "[No Variations]"
Add component (AddParameter): Name = "ComponentLink3Description"; Value = "Supplier 2 URL"; VariantName = "[No Variations]"
Add component (AddParameter): Name = "ComponentLink3URL"; Value = "N/A"; VariantName = "[No Variations]"
Add component (AddParameter): Name = "ComponentLink4Description"; Value = "Supplier 3 URL"; VariantName = "[No Variations]"
Add component (AddParameter): Name = "ComponentLink4URL"; Value = "https://www.thegioiic.com/kf128-2-v-domino-2-chan-thang-5mm-300v-10a-han-pcb-loai-tot"; VariantName = "[No Variations]"
Add component (AddParameter): Name = "Manufacturer"; Value = "Wurth Elektronik"; VariantName = "[No Variations]"
Add component (AddParameter): Name = "Manufacturer Part Number"; Value = "691213710002"; VariantName = "[No Variations]"
Add component (AddParameter): Name = "Match Code"; Value = "WR-TBL"; VariantName = "[No Variations]"
Add component (AddParameter): Name = "Modularity"; Value = "Yes"; VariantName = "[No Variations]"
Add component (AddParameter): Name = "Mount"; Value = "Through Hole"; VariantName = "[No Variations]"
Add component (AddParameter): Name = "Number of Pins"; Value = "2"; VariantName = "[No Variations]"
Add component (AddParameter): Name = "Number of Rows"; Value = "1"; VariantName = "[No Variations]"
Add component (AddParameter): Name = "Operating Temperature Max"; Value = "105°C"; VariantName = "[No Variations]"
Add component (AddParameter): Name = "Operating Temperature Min"; Value = "-40°C"; VariantName = "[No Variations]"
Add component (AddParameter): Name = "Orientation"; Value = "Horizontal"; VariantName = "[No Variations]"
Add component (AddParameter): Name = "Packaging"; Value = "Box"; VariantName = "[No Variations]"
Add component (AddParameter): Name = "Pitch"; Value = "5mm"; VariantName = "[No Variations]"
Add component (AddParameter): Name = "Rated Current"; Value = "10A"; VariantName = "[No Variations]"
Add component (AddParameter): Name = "Supplier 1 Name"; Value = "Mouser"; VariantName = "[No Variations]"
Add component (AddParameter): Name = "Supplier 1 SN"; Value = "N/A"; VariantName = "[No Variations]"
Add component (AddParameter): Name = "Supplier 1 URL"; Value = "N/A"; VariantName = "[No Variations]"
Add component (AddParameter): Name = "Supplier 2 Name"; Value = "Digi-Key"; VariantName = "[No Variations]"
Add component (AddParameter): Name = "Supplier 2 SN"; Value = "N/A"; VariantName = "[No Variations]"
Add component (AddParameter): Name = "Supplier 2 URL"; Value = "N/A"; VariantName = "[No Variations]"
Add component (AddParameter): Name = "Supplier 3 Name"; Value = "thegioiic"; VariantName = "[No Variations]"
Add component (AddParameter): Name = "Supplier 3 SN"; Value = "N/A"; VariantName = "[No Variations]"
Add component (AddParameter): Name = "Supplier 3 URL"; Value = "https://www.thegioiic.com/kf128-2-v-domino-2-chan-thang-5mm-300v-10a-han-pcb-loai-tot"; VariantName = "[No Variations]"
Add component (AddParameter): Name = "Value"; Value = "16A, 300V"; VariantName = "[No Variations]"
Add component (AddParameter): Name = "Working Voltage"; Value = "300V"; VariantName = "[No Variations]"
Added Component: Designator=J2(691213710002)
Add component (AddParameter): Name = "Application"; Value = "Rising Cage Clamp"; VariantName = "[No Variations]"
Add component (AddParameter): Name = "Category"; Value = "Terminal Blocks"; VariantName = "[No Variations]"
Add component (AddParameter): Name = "ComponentLink1Description"; Value = "Datasheet Link"; VariantName = "[No Variations]"
Add component (AddParameter): Name = "ComponentLink1URL"; Value = "https://www.we-online.com/redexpert/spec/691213710002?ad"; VariantName = "[No Variations]"
Add component (AddParameter): Name = "ComponentLink2Description"; Value = "Supplier 1 URL"; VariantName = "[No Variations]"
Add component (AddParameter): Name = "ComponentLink2URL"; Value = "N/A"; VariantName = "[No Variations]"
Add component (AddParameter): Name = "ComponentLink3Description"; Value = "Supplier 2 URL"; VariantName = "[No Variations]"
Add component (AddParameter): Name = "ComponentLink3URL"; Value = "N/A"; VariantName = "[No Variations]"
Add component (AddParameter): Name = "ComponentLink4Description"; Value = "Supplier 3 URL"; VariantName = "[No Variations]"
Add component (AddParameter): Name = "ComponentLink4URL"; Value = "https://www.thegioiic.com/kf128-2-v-domino-2-chan-thang-5mm-300v-10a-han-pcb-loai-tot"; VariantName = "[No Variations]"
Add component (AddParameter): Name = "Manufacturer"; Value = "Wurth Elektronik"; VariantName = "[No Variations]"
Add component (AddParameter): Name = "Manufacturer Part Number"; Value = "691213710002"; VariantName = "[No Variations]"
Add component (AddParameter): Name = "Match Code"; Value = "WR-TBL"; VariantName = "[No Variations]"
Add component (AddParameter): Name = "Modularity"; Value = "Yes"; VariantName = "[No Variations]"
Add component (AddParameter): Name = "Mount"; Value = "Through Hole"; VariantName = "[No Variations]"
Add component (AddParameter): Name = "Number of Pins"; Value = "2"; VariantName = "[No Variations]"
Add component (AddParameter): Name = "Number of Rows"; Value = "1"; VariantName = "[No Variations]"
Add component (AddParameter): Name = "Operating Temperature Max"; Value = "105°C"; VariantName = "[No Variations]"
Add component (AddParameter): Name = "Operating Temperature Min"; Value = "-40°C"; VariantName = "[No Variations]"
Add component (AddParameter): Name = "Orientation"; Value = "Horizontal"; VariantName = "[No Variations]"
Add component (AddParameter): Name = "Packaging"; Value = "Box"; VariantName = "[No Variations]"
Add component (AddParameter): Name = "Pitch"; Value = "5mm"; VariantName = "[No Variations]"
Add component (AddParameter): Name = "Rated Current"; Value = "10A"; VariantName = "[No Variations]"
Add component (AddParameter): Name = "Supplier 1 Name"; Value = "Mouser"; VariantName = "[No Variations]"
Add component (AddParameter): Name = "Supplier 1 SN"; Value = "N/A"; VariantName = "[No Variations]"
Add component (AddParameter): Name = "Supplier 1 URL"; Value = "N/A"; VariantName = "[No Variations]"
Add component (AddParameter): Name = "Supplier 2 Name"; Value = "Digi-Key"; VariantName = "[No Variations]"
Add component (AddParameter): Name = "Supplier 2 SN"; Value = "N/A"; VariantName = "[No Variations]"
Add component (AddParameter): Name = "Supplier 2 URL"; Value = "N/A"; VariantName = "[No Variations]"
Add component (AddParameter): Name = "Supplier 3 Name"; Value = "thegioiic"; VariantName = "[No Variations]"
Add component (AddParameter): Name = "Supplier 3 SN"; Value = "N/A"; VariantName = "[No Variations]"
Add component (AddParameter): Name = "Supplier 3 URL"; Value = "https://www.thegioiic.com/kf128-2-v-domino-2-chan-thang-5mm-300v-10a-han-pcb-loai-tot"; VariantName = "[No Variations]"
Add component (AddParameter): Name = "Value"; Value = "16A, 300V"; VariantName = "[No Variations]"
Add component (AddParameter): Name = "Working Voltage"; Value = "300V"; VariantName = "[No Variations]"
Added Component: Designator=J3(691213710002)
Add component (AddParameter): Name = "Application"; Value = "Rising Cage Clamp"; VariantName = "[No Variations]"
Add component (AddParameter): Name = "Category"; Value = "Terminal Blocks"; VariantName = "[No Variations]"
Add component (AddParameter): Name = "ComponentLink1Description"; Value = "Datasheet Link"; VariantName = "[No Variations]"
Add component (AddParameter): Name = "ComponentLink1URL"; Value = "https://www.we-online.com/redexpert/spec/691213710002?ad"; VariantName = "[No Variations]"
Add component (AddParameter): Name = "ComponentLink2Description"; Value = "Supplier 1 URL"; VariantName = "[No Variations]"
Add component (AddParameter): Name = "ComponentLink2URL"; Value = "N/A"; VariantName = "[No Variations]"
Add component (AddParameter): Name = "ComponentLink3Description"; Value = "Supplier 2 URL"; VariantName = "[No Variations]"
Add component (AddParameter): Name = "ComponentLink3URL"; Value = "N/A"; VariantName = "[No Variations]"
Add component (AddParameter): Name = "ComponentLink4Description"; Value = "Supplier 3 URL"; VariantName = "[No Variations]"
Add component (AddParameter): Name = "ComponentLink4URL"; Value = "https://www.thegioiic.com/kf128-2-v-domino-2-chan-thang-5mm-300v-10a-han-pcb-loai-tot"; VariantName = "[No Variations]"
Add component (AddParameter): Name = "Manufacturer"; Value = "Wurth Elektronik"; VariantName = "[No Variations]"
Add component (AddParameter): Name = "Manufacturer Part Number"; Value = "691213710002"; VariantName = "[No Variations]"
Add component (AddParameter): Name = "Match Code"; Value = "WR-TBL"; VariantName = "[No Variations]"
Add component (AddParameter): Name = "Modularity"; Value = "Yes"; VariantName = "[No Variations]"
Add component (AddParameter): Name = "Mount"; Value = "Through Hole"; VariantName = "[No Variations]"
Add component (AddParameter): Name = "Number of Pins"; Value = "2"; VariantName = "[No Variations]"
Add component (AddParameter): Name = "Number of Rows"; Value = "1"; VariantName = "[No Variations]"
Add component (AddParameter): Name = "Operating Temperature Max"; Value = "105°C"; VariantName = "[No Variations]"
Add component (AddParameter): Name = "Operating Temperature Min"; Value = "-40°C"; VariantName = "[No Variations]"
Add component (AddParameter): Name = "Orientation"; Value = "Horizontal"; VariantName = "[No Variations]"
Add component (AddParameter): Name = "Packaging"; Value = "Box"; VariantName = "[No Variations]"
Add component (AddParameter): Name = "Pitch"; Value = "5mm"; VariantName = "[No Variations]"
Add component (AddParameter): Name = "Rated Current"; Value = "10A"; VariantName = "[No Variations]"
Add component (AddParameter): Name = "Supplier 1 Name"; Value = "Mouser"; VariantName = "[No Variations]"
Add component (AddParameter): Name = "Supplier 1 SN"; Value = "N/A"; VariantName = "[No Variations]"
Add component (AddParameter): Name = "Supplier 1 URL"; Value = "N/A"; VariantName = "[No Variations]"
Add component (AddParameter): Name = "Supplier 2 Name"; Value = "Digi-Key"; VariantName = "[No Variations]"
Add component (AddParameter): Name = "Supplier 2 SN"; Value = "N/A"; VariantName = "[No Variations]"
Add component (AddParameter): Name = "Supplier 2 URL"; Value = "N/A"; VariantName = "[No Variations]"
Add component (AddParameter): Name = "Supplier 3 Name"; Value = "thegioiic"; VariantName = "[No Variations]"
Add component (AddParameter): Name = "Supplier 3 SN"; Value = "N/A"; VariantName = "[No Variations]"
Add component (AddParameter): Name = "Supplier 3 URL"; Value = "https://www.thegioiic.com/kf128-2-v-domino-2-chan-thang-5mm-300v-10a-han-pcb-loai-tot"; VariantName = "[No Variations]"
Add component (AddParameter): Name = "Value"; Value = "16A, 300V"; VariantName = "[No Variations]"
Add component (AddParameter): Name = "Working Voltage"; Value = "300V"; VariantName = "[No Variations]"
Added Component: Designator=J4(629105150921)
Add component (AddParameter): Name = "ComponentLink1Description"; Value = "Datasheet"; VariantName = "[No Variations]"
Add component (AddParameter): Name = "ComponentLink1URL"; Value = "https://katalog.we-online.de/em/datasheet/629105150921.pdf"; VariantName = "[No Variations]"
Add component (AddParameter): Name = "ComponentLink2Description"; Value = "Supplier 1 URL"; VariantName = "[No Variations]"
Add component (AddParameter): Name = "ComponentLink2URL"; Value = "N/A"; VariantName = "[No Variations]"
Add component (AddParameter): Name = "ComponentLink3Description"; Value = "Supplier 2 URL"; VariantName = "[No Variations]"
Add component (AddParameter): Name = "ComponentLink3URL"; Value = "N/A"; VariantName = "[No Variations]"
Add component (AddParameter): Name = "ComponentLink4Description"; Value = "Supplier 3 URL"; VariantName = "[No Variations]"
Add component (AddParameter): Name = "ComponentLink4URL"; Value = "N/A"; VariantName = "[No Variations]"
Add component (AddParameter): Name = "Connector Type"; Value = "Micro USB 2.0 Type AB"; VariantName = "[No Variations]"
Add component (AddParameter): Name = "Contact Resistance"; Value = "30 mOhm"; VariantName = "[No Variations]"
Add component (AddParameter): Name = "Gender"; Value = "Receptacle"; VariantName = "[No Variations]"
Add component (AddParameter): Name = "Mounting Technology"; Value = "SMT"; VariantName = "[No Variations]"
Add component (AddParameter): Name = "Operating Temperature"; Value = "-40 to 85 degC"; VariantName = "[No Variations]"
Add component (AddParameter): Name = "Orientation"; Value = "Horizontal"; VariantName = "[No Variations]"
Add component (AddParameter): Name = "Packaging"; Value = "Tape and Reel"; VariantName = "[No Variations]"
Add component (AddParameter): Name = "Part Number"; Value = "629105150921"; VariantName = "[No Variations]"
Add component (AddParameter): Name = "Published Date"; Value = "September 2018"; VariantName = "[No Variations]"
Add component (AddParameter): Name = "Publisher"; Value = "Wurth Elektronik"; VariantName = "[No Variations]"
Add component (AddParameter): Name = "Rated Current"; Value = "1.8 A"; VariantName = "[No Variations]"
Add component (AddParameter): Name = "Supplier 1 Name"; Value = "Mouser"; VariantName = "[No Variations]"
Add component (AddParameter): Name = "Supplier 1 SN"; Value = "710-629105150921"; VariantName = "[No Variations]"
Add component (AddParameter): Name = "Supplier 1 URL"; Value = "https://www.mouser.vn/ProductDetail/Wurth-Elektronik/629105150921?qs=a9WhcLg8qCztfCBvRE9gEg%3D%3D"; VariantName = "[No Variations]"
Add component (AddParameter): Name = "Supplier 2 Name"; Value = "Digi-Key"; VariantName = "[No Variations]"
Add component (AddParameter): Name = "Supplier 2 SN"; Value = "N/A"; VariantName = "[No Variations]"
Add component (AddParameter): Name = "Supplier 2 URL"; Value = "N/A"; VariantName = "[No Variations]"
Add component (AddParameter): Name = "Supplier 3 Name"; Value = "thegioiic"; VariantName = "[No Variations]"
Add component (AddParameter): Name = "Supplier 3 SN"; Value = "N/A"; VariantName = "[No Variations]"
Add component (AddParameter): Name = "Supplier 3 URL"; Value = "N/A"; VariantName = "[No Variations]"
Add component (AddParameter): Name = "Value"; Value = "Micro USB 2.0 Type AB"; VariantName = "[No Variations]"
Add component (AddParameter): Name = "Working Voltage"; Value = "30 VAC"; VariantName = "[No Variations]"
Added Component: Designator=J5(691213710002)
Add component (AddParameter): Name = "Application"; Value = "Rising Cage Clamp"; VariantName = "[No Variations]"
Add component (AddParameter): Name = "Category"; Value = "Terminal Blocks"; VariantName = "[No Variations]"
Add component (AddParameter): Name = "ComponentLink1Description"; Value = "Datasheet Link"; VariantName = "[No Variations]"
Add component (AddParameter): Name = "ComponentLink1URL"; Value = "https://www.we-online.com/redexpert/spec/691213710002?ad"; VariantName = "[No Variations]"
Add component (AddParameter): Name = "ComponentLink2Description"; Value = "Supplier 1 URL"; VariantName = "[No Variations]"
Add component (AddParameter): Name = "ComponentLink2URL"; Value = "N/A"; VariantName = "[No Variations]"
Add component (AddParameter): Name = "ComponentLink3Description"; Value = "Supplier 2 URL"; VariantName = "[No Variations]"
Add component (AddParameter): Name = "ComponentLink3URL"; Value = "N/A"; VariantName = "[No Variations]"
Add component (AddParameter): Name = "ComponentLink4Description"; Value = "Supplier 3 URL"; VariantName = "[No Variations]"
Add component (AddParameter): Name = "ComponentLink4URL"; Value = "https://www.thegioiic.com/kf128-2-v-domino-2-chan-thang-5mm-300v-10a-han-pcb-loai-tot"; VariantName = "[No Variations]"
Add component (AddParameter): Name = "Manufacturer"; Value = "Wurth Elektronik"; VariantName = "[No Variations]"
Add component (AddParameter): Name = "Manufacturer Part Number"; Value = "691213710002"; VariantName = "[No Variations]"
Add component (AddParameter): Name = "Match Code"; Value = "WR-TBL"; VariantName = "[No Variations]"
Add component (AddParameter): Name = "Modularity"; Value = "Yes"; VariantName = "[No Variations]"
Add component (AddParameter): Name = "Mount"; Value = "Through Hole"; VariantName = "[No Variations]"
Add component (AddParameter): Name = "Number of Pins"; Value = "2"; VariantName = "[No Variations]"
Add component (AddParameter): Name = "Number of Rows"; Value = "1"; VariantName = "[No Variations]"
Add component (AddParameter): Name = "Operating Temperature Max"; Value = "105°C"; VariantName = "[No Variations]"
Add component (AddParameter): Name = "Operating Temperature Min"; Value = "-40°C"; VariantName = "[No Variations]"
Add component (AddParameter): Name = "Orientation"; Value = "Horizontal"; VariantName = "[No Variations]"
Add component (AddParameter): Name = "Packaging"; Value = "Box"; VariantName = "[No Variations]"
Add component (AddParameter): Name = "Pitch"; Value = "5mm"; VariantName = "[No Variations]"
Add component (AddParameter): Name = "Rated Current"; Value = "10A"; VariantName = "[No Variations]"
Add component (AddParameter): Name = "Supplier 1 Name"; Value = "Mouser"; VariantName = "[No Variations]"
Add component (AddParameter): Name = "Supplier 1 SN"; Value = "N/A"; VariantName = "[No Variations]"
Add component (AddParameter): Name = "Supplier 1 URL"; Value = "N/A"; VariantName = "[No Variations]"
Add component (AddParameter): Name = "Supplier 2 Name"; Value = "Digi-Key"; VariantName = "[No Variations]"
Add component (AddParameter): Name = "Supplier 2 SN"; Value = "N/A"; VariantName = "[No Variations]"
Add component (AddParameter): Name = "Supplier 2 URL"; Value = "N/A"; VariantName = "[No Variations]"
Add component (AddParameter): Name = "Supplier 3 Name"; Value = "thegioiic"; VariantName = "[No Variations]"
Add component (AddParameter): Name = "Supplier 3 SN"; Value = "N/A"; VariantName = "[No Variations]"
Add component (AddParameter): Name = "Supplier 3 URL"; Value = "https://www.thegioiic.com/kf128-2-v-domino-2-chan-thang-5mm-300v-10a-han-pcb-loai-tot"; VariantName = "[No Variations]"
Add component (AddParameter): Name = "Value"; Value = "16A, 300V"; VariantName = "[No Variations]"
Add component (AddParameter): Name = "Working Voltage"; Value = "300V"; VariantName = "[No Variations]"
Added Component: Designator=J6(691213710002)
Add component (AddParameter): Name = "Application"; Value = "Rising Cage Clamp"; VariantName = "[No Variations]"
Add component (AddParameter): Name = "Category"; Value = "Terminal Blocks"; VariantName = "[No Variations]"
Add component (AddParameter): Name = "ComponentLink1Description"; Value = "Datasheet Link"; VariantName = "[No Variations]"
Add component (AddParameter): Name = "ComponentLink1URL"; Value = "https://www.we-online.com/redexpert/spec/691213710002?ad"; VariantName = "[No Variations]"
Add component (AddParameter): Name = "ComponentLink2Description"; Value = "Supplier 1 URL"; VariantName = "[No Variations]"
Add component (AddParameter): Name = "ComponentLink2URL"; Value = "N/A"; VariantName = "[No Variations]"
Add component (AddParameter): Name = "ComponentLink3Description"; Value = "Supplier 2 URL"; VariantName = "[No Variations]"
Add component (AddParameter): Name = "ComponentLink3URL"; Value = "N/A"; VariantName = "[No Variations]"
Add component (AddParameter): Name = "ComponentLink4Description"; Value = "Supplier 3 URL"; VariantName = "[No Variations]"
Add component (AddParameter): Name = "ComponentLink4URL"; Value = "https://www.thegioiic.com/kf128-2-v-domino-2-chan-thang-5mm-300v-10a-han-pcb-loai-tot"; VariantName = "[No Variations]"
Add component (AddParameter): Name = "Manufacturer"; Value = "Wurth Elektronik"; VariantName = "[No Variations]"
Add component (AddParameter): Name = "Manufacturer Part Number"; Value = "691213710002"; VariantName = "[No Variations]"
Add component (AddParameter): Name = "Match Code"; Value = "WR-TBL"; VariantName = "[No Variations]"
Add component (AddParameter): Name = "Modularity"; Value = "Yes"; VariantName = "[No Variations]"
Add component (AddParameter): Name = "Mount"; Value = "Through Hole"; VariantName = "[No Variations]"
Add component (AddParameter): Name = "Number of Pins"; Value = "2"; VariantName = "[No Variations]"
Add component (AddParameter): Name = "Number of Rows"; Value = "1"; VariantName = "[No Variations]"
Add component (AddParameter): Name = "Operating Temperature Max"; Value = "105°C"; VariantName = "[No Variations]"
Add component (AddParameter): Name = "Operating Temperature Min"; Value = "-40°C"; VariantName = "[No Variations]"
Add component (AddParameter): Name = "Orientation"; Value = "Horizontal"; VariantName = "[No Variations]"
Add component (AddParameter): Name = "Packaging"; Value = "Box"; VariantName = "[No Variations]"
Add component (AddParameter): Name = "Pitch"; Value = "5mm"; VariantName = "[No Variations]"
Add component (AddParameter): Name = "Rated Current"; Value = "10A"; VariantName = "[No Variations]"
Add component (AddParameter): Name = "Supplier 1 Name"; Value = "Mouser"; VariantName = "[No Variations]"
Add component (AddParameter): Name = "Supplier 1 SN"; Value = "N/A"; VariantName = "[No Variations]"
Add component (AddParameter): Name = "Supplier 1 URL"; Value = "N/A"; VariantName = "[No Variations]"
Add component (AddParameter): Name = "Supplier 2 Name"; Value = "Digi-Key"; VariantName = "[No Variations]"
Add component (AddParameter): Name = "Supplier 2 SN"; Value = "N/A"; VariantName = "[No Variations]"
Add component (AddParameter): Name = "Supplier 2 URL"; Value = "N/A"; VariantName = "[No Variations]"
Add component (AddParameter): Name = "Supplier 3 Name"; Value = "thegioiic"; VariantName = "[No Variations]"
Add component (AddParameter): Name = "Supplier 3 SN"; Value = "N/A"; VariantName = "[No Variations]"
Add component (AddParameter): Name = "Supplier 3 URL"; Value = "https://www.thegioiic.com/kf128-2-v-domino-2-chan-thang-5mm-300v-10a-han-pcb-loai-tot"; VariantName = "[No Variations]"
Add component (AddParameter): Name = "Value"; Value = "16A, 300V"; VariantName = "[No Variations]"
Add component (AddParameter): Name = "Working Voltage"; Value = "300V"; VariantName = "[No Variations]"
Added Component: Designator=K1(HF46F)
Add component (AddParameter): Name = "Associated Relay Series"; Value = "N/A"; VariantName = "[No Variations]"
Add component (AddParameter): Name = "Coil Current"; Value = "N/A"; VariantName = "[No Variations]"
Add component (AddParameter): Name = "Coil Resistance"; Value = "N/A"; VariantName = "[No Variations]"
Add component (AddParameter): Name = "Coil Voltage"; Value = "12 VDC"; VariantName = "[No Variations]"
Add component (AddParameter): Name = "ComponentLink1Description"; Value = "Datasheet link"; VariantName = "[No Variations]"
Add component (AddParameter): Name = "ComponentLink1URL"; Value = "https://source.hongfa.com//pdf/web/viewer.html?file=/Uploads/Product/PDF/HF46F-G_en.pdf?timestamp=1691116874"; VariantName = "[No Variations]"
Add component (AddParameter): Name = "ComponentLink2Description"; Value = "Supplier 1 URL"; VariantName = "[No Variations]"
Add component (AddParameter): Name = "ComponentLink2URL"; Value = "N/A"; VariantName = "[No Variations]"
Add component (AddParameter): Name = "ComponentLink3Description"; Value = "Supplier 2 URL"; VariantName = "[No Variations]"
Add component (AddParameter): Name = "ComponentLink3URL"; Value = "N/A"; VariantName = "[No Variations]"
Add component (AddParameter): Name = "ComponentLink4Description"; Value = "Supplier 3 URL"; VariantName = "[No Variations]"
Add component (AddParameter): Name = "ComponentLink4URL"; Value = "https://www.thegioiic.com/hf46f-g-12-hs1-ro-le-12vdc-7a-spst-no-4-chan"; VariantName = "[No Variations]"
Add component (AddParameter): Name = "Contact Current Rating"; Value = "7A"; VariantName = "[No Variations]"
Add component (AddParameter): Name = "Power Consumption"; Value = "N/A"; VariantName = "[No Variations]"
Add component (AddParameter): Name = "Supplier 1 Name"; Value = "Mouser"; VariantName = "[No Variations]"
Add component (AddParameter): Name = "Supplier 1 SN"; Value = "N/A"; VariantName = "[No Variations]"
Add component (AddParameter): Name = "Supplier 1 URL"; Value = "N/A"; VariantName = "[No Variations]"
Add component (AddParameter): Name = "Supplier 2 Name"; Value = "Digi-Key"; VariantName = "[No Variations]"
Add component (AddParameter): Name = "Supplier 2 SN"; Value = "N/A"; VariantName = "[No Variations]"
Add component (AddParameter): Name = "Supplier 2 URL"; Value = "N/A"; VariantName = "[No Variations]"
Add component (AddParameter): Name = "Supplier 3 Name"; Value = "thegioiic"; VariantName = "[No Variations]"
Add component (AddParameter): Name = "Supplier 3 SN"; Value = "N/A"; VariantName = "[No Variations]"
Add component (AddParameter): Name = "Supplier 3 URL"; Value = "https://www.thegioiic.com/hf46f-g-12-hs1-ro-le-12vdc-7a-spst-no-4-chan"; VariantName = "[No Variations]"
Add component (AddParameter): Name = "Switching Voltage Max"; Value = "277 VAC, 30 VDC"; VariantName = "[No Variations]"
Add component (AddParameter): Name = "Value"; Value = "277 VAC, 30 VDC"; VariantName = "[No Variations]"
Added Component: Designator=K2(HF46F)
Add component (AddParameter): Name = "Associated Relay Series"; Value = "N/A"; VariantName = "[No Variations]"
Add component (AddParameter): Name = "Coil Current"; Value = "N/A"; VariantName = "[No Variations]"
Add component (AddParameter): Name = "Coil Resistance"; Value = "N/A"; VariantName = "[No Variations]"
Add component (AddParameter): Name = "Coil Voltage"; Value = "12 VDC"; VariantName = "[No Variations]"
Add component (AddParameter): Name = "ComponentLink1Description"; Value = "Datasheet link"; VariantName = "[No Variations]"
Add component (AddParameter): Name = "ComponentLink1URL"; Value = "https://source.hongfa.com//pdf/web/viewer.html?file=/Uploads/Product/PDF/HF46F-G_en.pdf?timestamp=1691116874"; VariantName = "[No Variations]"
Add component (AddParameter): Name = "ComponentLink2Description"; Value = "Supplier 1 URL"; VariantName = "[No Variations]"
Add component (AddParameter): Name = "ComponentLink2URL"; Value = "N/A"; VariantName = "[No Variations]"
Add component (AddParameter): Name = "ComponentLink3Description"; Value = "Supplier 2 URL"; VariantName = "[No Variations]"
Add component (AddParameter): Name = "ComponentLink3URL"; Value = "N/A"; VariantName = "[No Variations]"
Add component (AddParameter): Name = "ComponentLink4Description"; Value = "Supplier 3 URL"; VariantName = "[No Variations]"
Add component (AddParameter): Name = "ComponentLink4URL"; Value = "https://www.thegioiic.com/hf46f-g-12-hs1-ro-le-12vdc-7a-spst-no-4-chan"; VariantName = "[No Variations]"
Add component (AddParameter): Name = "Contact Current Rating"; Value = "7A"; VariantName = "[No Variations]"
Add component (AddParameter): Name = "Power Consumption"; Value = "N/A"; VariantName = "[No Variations]"
Add component (AddParameter): Name = "Supplier 1 Name"; Value = "Mouser"; VariantName = "[No Variations]"
Add component (AddParameter): Name = "Supplier 1 SN"; Value = "N/A"; VariantName = "[No Variations]"
Add component (AddParameter): Name = "Supplier 1 URL"; Value = "N/A"; VariantName = "[No Variations]"
Add component (AddParameter): Name = "Supplier 2 Name"; Value = "Digi-Key"; VariantName = "[No Variations]"
Add component (AddParameter): Name = "Supplier 2 SN"; Value = "N/A"; VariantName = "[No Variations]"
Add component (AddParameter): Name = "Supplier 2 URL"; Value = "N/A"; VariantName = "[No Variations]"
Add component (AddParameter): Name = "Supplier 3 Name"; Value = "thegioiic"; VariantName = "[No Variations]"
Add component (AddParameter): Name = "Supplier 3 SN"; Value = "N/A"; VariantName = "[No Variations]"
Add component (AddParameter): Name = "Supplier 3 URL"; Value = "https://www.thegioiic.com/hf46f-g-12-hs1-ro-le-12vdc-7a-spst-no-4-chan"; VariantName = "[No Variations]"
Add component (AddParameter): Name = "Switching Voltage Max"; Value = "277 VAC, 30 VDC"; VariantName = "[No Variations]"
Add component (AddParameter): Name = "Value"; Value = "277 VAC, 30 VDC"; VariantName = "[No Variations]"
Added Component: Designator=K3(HF46F)
Add component (AddParameter): Name = "Associated Relay Series"; Value = "N/A"; VariantName = "[No Variations]"
Add component (AddParameter): Name = "Coil Current"; Value = "N/A"; VariantName = "[No Variations]"
Add component (AddParameter): Name = "Coil Resistance"; Value = "N/A"; VariantName = "[No Variations]"
Add component (AddParameter): Name = "Coil Voltage"; Value = "12 VDC"; VariantName = "[No Variations]"
Add component (AddParameter): Name = "ComponentLink1Description"; Value = "Datasheet link"; VariantName = "[No Variations]"
Add component (AddParameter): Name = "ComponentLink1URL"; Value = "https://source.hongfa.com//pdf/web/viewer.html?file=/Uploads/Product/PDF/HF46F-G_en.pdf?timestamp=1691116874"; VariantName = "[No Variations]"
Add component (AddParameter): Name = "ComponentLink2Description"; Value = "Supplier 1 URL"; VariantName = "[No Variations]"
Add component (AddParameter): Name = "ComponentLink2URL"; Value = "N/A"; VariantName = "[No Variations]"
Add component (AddParameter): Name = "ComponentLink3Description"; Value = "Supplier 2 URL"; VariantName = "[No Variations]"
Add component (AddParameter): Name = "ComponentLink3URL"; Value = "N/A"; VariantName = "[No Variations]"
Add component (AddParameter): Name = "ComponentLink4Description"; Value = "Supplier 3 URL"; VariantName = "[No Variations]"
Add component (AddParameter): Name = "ComponentLink4URL"; Value = "https://www.thegioiic.com/hf46f-g-12-hs1-ro-le-12vdc-7a-spst-no-4-chan"; VariantName = "[No Variations]"
Add component (AddParameter): Name = "Contact Current Rating"; Value = "7A"; VariantName = "[No Variations]"
Add component (AddParameter): Name = "Power Consumption"; Value = "N/A"; VariantName = "[No Variations]"
Add component (AddParameter): Name = "Supplier 1 Name"; Value = "Mouser"; VariantName = "[No Variations]"
Add component (AddParameter): Name = "Supplier 1 SN"; Value = "N/A"; VariantName = "[No Variations]"
Add component (AddParameter): Name = "Supplier 1 URL"; Value = "N/A"; VariantName = "[No Variations]"
Add component (AddParameter): Name = "Supplier 2 Name"; Value = "Digi-Key"; VariantName = "[No Variations]"
Add component (AddParameter): Name = "Supplier 2 SN"; Value = "N/A"; VariantName = "[No Variations]"
Add component (AddParameter): Name = "Supplier 2 URL"; Value = "N/A"; VariantName = "[No Variations]"
Add component (AddParameter): Name = "Supplier 3 Name"; Value = "thegioiic"; VariantName = "[No Variations]"
Add component (AddParameter): Name = "Supplier 3 SN"; Value = "N/A"; VariantName = "[No Variations]"
Add component (AddParameter): Name = "Supplier 3 URL"; Value = "https://www.thegioiic.com/hf46f-g-12-hs1-ro-le-12vdc-7a-spst-no-4-chan"; VariantName = "[No Variations]"
Add component (AddParameter): Name = "Switching Voltage Max"; Value = "277 VAC, 30 VDC"; VariantName = "[No Variations]"
Add component (AddParameter): Name = "Value"; Value = "277 VAC, 30 VDC"; VariantName = "[No Variations]"
Added Component: Designator=K4(HF46F)
Add component (AddParameter): Name = "Associated Relay Series"; Value = "N/A"; VariantName = "[No Variations]"
Add component (AddParameter): Name = "Coil Current"; Value = "N/A"; VariantName = "[No Variations]"
Add component (AddParameter): Name = "Coil Resistance"; Value = "N/A"; VariantName = "[No Variations]"
Add component (AddParameter): Name = "Coil Voltage"; Value = "12 VDC"; VariantName = "[No Variations]"
Add component (AddParameter): Name = "ComponentLink1Description"; Value = "Datasheet link"; VariantName = "[No Variations]"
Add component (AddParameter): Name = "ComponentLink1URL"; Value = "https://source.hongfa.com//pdf/web/viewer.html?file=/Uploads/Product/PDF/HF46F-G_en.pdf?timestamp=1691116874"; VariantName = "[No Variations]"
Add component (AddParameter): Name = "ComponentLink2Description"; Value = "Supplier 1 URL"; VariantName = "[No Variations]"
Add component (AddParameter): Name = "ComponentLink2URL"; Value = "N/A"; VariantName = "[No Variations]"
Add component (AddParameter): Name = "ComponentLink3Description"; Value = "Supplier 2 URL"; VariantName = "[No Variations]"
Add component (AddParameter): Name = "ComponentLink3URL"; Value = "N/A"; VariantName = "[No Variations]"
Add component (AddParameter): Name = "ComponentLink4Description"; Value = "Supplier 3 URL"; VariantName = "[No Variations]"
Add component (AddParameter): Name = "ComponentLink4URL"; Value = "https://www.thegioiic.com/hf46f-g-12-hs1-ro-le-12vdc-7a-spst-no-4-chan"; VariantName = "[No Variations]"
Add component (AddParameter): Name = "Contact Current Rating"; Value = "7A"; VariantName = "[No Variations]"
Add component (AddParameter): Name = "Power Consumption"; Value = "N/A"; VariantName = "[No Variations]"
Add component (AddParameter): Name = "Supplier 1 Name"; Value = "Mouser"; VariantName = "[No Variations]"
Add component (AddParameter): Name = "Supplier 1 SN"; Value = "N/A"; VariantName = "[No Variations]"
Add component (AddParameter): Name = "Supplier 1 URL"; Value = "N/A"; VariantName = "[No Variations]"
Add component (AddParameter): Name = "Supplier 2 Name"; Value = "Digi-Key"; VariantName = "[No Variations]"
Add component (AddParameter): Name = "Supplier 2 SN"; Value = "N/A"; VariantName = "[No Variations]"
Add component (AddParameter): Name = "Supplier 2 URL"; Value = "N/A"; VariantName = "[No Variations]"
Add component (AddParameter): Name = "Supplier 3 Name"; Value = "thegioiic"; VariantName = "[No Variations]"
Add component (AddParameter): Name = "Supplier 3 SN"; Value = "N/A"; VariantName = "[No Variations]"
Add component (AddParameter): Name = "Supplier 3 URL"; Value = "https://www.thegioiic.com/hf46f-g-12-hs1-ro-le-12vdc-7a-spst-no-4-chan"; VariantName = "[No Variations]"
Add component (AddParameter): Name = "Switching Voltage Max"; Value = "277 VAC, 30 VDC"; VariantName = "[No Variations]"
Add component (AddParameter): Name = "Value"; Value = "277 VAC, 30 VDC"; VariantName = "[No Variations]"
Added Component: Designator=Q1(SOT-23)
Add component (AddParameter): Name = "Value"; Value = "C9014"; VariantName = "[No Variations]"
Added Component: Designator=Q2(SOT-23)
Add component (AddParameter): Name = "Value"; Value = "C9014"; VariantName = "[No Variations]"
Added Component: Designator=Q3(SOT-23)
Add component (AddParameter): Name = "Value"; Value = "C9014"; VariantName = "[No Variations]"
Added Component: Designator=Q4(SOT-23)
Add component (AddParameter): Name = "Value"; Value = "C9014"; VariantName = "[No Variations]"
Added Component: Designator=Q5(SOT-23)
Add component (AddParameter): Name = "Value"; Value = "C9014"; VariantName = "[No Variations]"
Added Component: Designator=R1(RES-SM-0805)
Add component (AddParameter): Name = "Value"; Value = "10K"; VariantName = "[No Variations]"
Added Component: Designator=R2(RES 1/2W)
Add component (AddParameter): Name = "Value"; Value = "10K"; VariantName = "[No Variations]"
Added Component: Designator=R3(RES 1/2W)
Add component (AddParameter): Name = "Value"; Value = "10K"; VariantName = "[No Variations]"
Added Component: Designator=R4(RES-SM-0805)
Add component (AddParameter): Name = "Value"; Value = "10K"; VariantName = "[No Variations]"
Added Component: Designator=R5(RES 1/2W)
Add component (AddParameter): Name = "Value"; Value = "10K"; VariantName = "[No Variations]"
Added Component: Designator=R6(RES 1/2W)
Add component (AddParameter): Name = "Value"; Value = "10K"; VariantName = "[No Variations]"
Added Component: Designator=R7(RES 1/2W)
Add component (AddParameter): Name = "Value"; Value = "10K"; VariantName = "[No Variations]"
Added Component: Designator=R8(RES 1/2W)
Add component (AddParameter): Name = "Value"; Value = "100"; VariantName = "[No Variations]"
Added Component: Designator=R9(RES 1/2W)
Add component (AddParameter): Name = "Value"; Value = "10K"; VariantName = "[No Variations]"
Added Component: Designator=R10(RES-SM-0805)
Add component (AddParameter): Name = "Value"; Value = "1K"; VariantName = "[No Variations]"
Added Component: Designator=R11(RES 1/2W)
Add component (AddParameter): Name = "Value"; Value = "10K"; VariantName = "[No Variations]"
Added Component: Designator=R12(RES 1/2W)
Add component (AddParameter): Name = "Value"; Value = "100"; VariantName = "[No Variations]"
Added Component: Designator=R13(RES 1/2W)
Add component (AddParameter): Name = "Value"; Value = "10K"; VariantName = "[No Variations]"
Added Component: Designator=R14(RES 1/2W)
Add component (AddParameter): Name = "Value"; Value = "100"; VariantName = "[No Variations]"
Added Component: Designator=R15(RES 1/2W)
Add component (AddParameter): Name = "Value"; Value = "100"; VariantName = "[No Variations]"
Added Component: Designator=R16(RES 1/2W)
Add component (AddParameter): Name = "Value"; Value = "10K"; VariantName = "[No Variations]"
Added Component: Designator=R17(RES 1/2W)
Add component (AddParameter): Name = "Value"; Value = "10K"; VariantName = "[No Variations]"
Added Component: Designator=S1(SW2)
Added Component: Designator=S2(SW2)
Added Component: Designator=S3(SW2)
Added Component: Designator=S4(SW2)
Added Component: Designator=S5(SW2)
Added Component: Designator=S6(SW2)
Added Component: Designator=S7(SW2)
Added Component: Designator=SWD1(JP4)
Add component (AddParameter): Name = "LatestRevisionDate"; Value = "17-Jul-2002"; VariantName = "[No Variations]"
Add component (AddParameter): Name = "LatestRevisionNote"; Value = "Re-released for DXP Platform."; VariantName = "[No Variations]"
Add component (AddParameter): Name = "Publisher"; Value = "Altium Limited"; VariantName = "[No Variations]"
Added Component: Designator=U3(STM32_LQPF48)
Add component (AddParameter): Name = "ComponentLink1Description"; Value = "Manufacturer Link"; VariantName = "[No Variations]"
Add component (AddParameter): Name = "ComponentLink1URL"; Value = "www.st.com/stm32"; VariantName = "[No Variations]"
Add component (AddParameter): Name = "ComponentLink2Description"; Value = "Datasheet"; VariantName = "[No Variations]"
Add component (AddParameter): Name = "ComponentLink2URL"; Value = "http://www.st.com/stonline/products/literature/ds/13587.pdf"; VariantName = "[No Variations]"
Add component (AddParameter): Name = "DatasheetVersion"; Value = "rev6, Mar-2008"; VariantName = "[No Variations]"
Add component (AddParameter): Name = "PackageDescription"; Value = "48-Pin Low-Profile Quad Flat Pack, 7 x 7 mm Body, 0.5 mm Pitch (LQFP48)"; VariantName = "[No Variations]"
Add component (AddParameter): Name = "PackageReference"; Value = "LQFP48"; VariantName = "[No Variations]"
Add component (AddParameter): Name = "PackageVersion"; Value = "Mar-2008"; VariantName = "[No Variations]"
Add component (AddParameter): Name = "Published"; Value = "30-May-2008"; VariantName = "[No Variations]"
Add component (AddParameter): Name = "Publisher"; Value = "Altium Limited"; VariantName = "[No Variations]"
Added Component: Designator=U4(SOP4)
Add component (AddParameter): Name = "Value"; Value = "PC817"; VariantName = "[No Variations]"
Added Component: Designator=U7(SOP4)
Add component (AddParameter): Name = "Value"; Value = "PC817"; VariantName = "[No Variations]"
Added Component: Designator=U8(SOT23-6)
Add component (AddParameter): Name = "Alternate Part Number-1"; Value = "NA"; VariantName = "[No Variations]"
Add component (AddParameter): Name = "Case/Package"; Value = "SOT-23-6"; VariantName = "[No Variations]"
Add component (AddParameter): Name = "Manufacturer"; Value = "Linear Technology/Analog Devices"; VariantName = "[No Variations]"
Add component (AddParameter): Name = "Manufacturer Part Number"; Value = "LTC6992IS6-1"; VariantName = "[No Variations]"
Add component (AddParameter): Name = "Supplier Part Number-1"; Value = "LTC6992IS6-1#TRMPBF"; VariantName = "[No Variations]"
Add component (AddParameter): Name = "Supplier-1"; Value = "Arrow"; VariantName = "[No Variations]"
Added Component: Designator=U9(SOP4)
Add component (AddParameter): Name = "Value"; Value = "PC817"; VariantName = "[No Variations]"
Added Component: Designator=U10(SOP4)
Add component (AddParameter): Name = "Value"; Value = "PC817"; VariantName = "[No Variations]"
Added Component: Designator=Y1(WE-XTAL_HC49/4HSMX)
Add component (AddParameter): Name = "ComponentLink1Description"; Value = "Datasheet link"; VariantName = "[No Variations]"
Add component (AddParameter): Name = "ComponentLink1URL"; Value = "https://katalog.we-online.com/pbs/datasheet/830003237.pdf"; VariantName = "[No Variations]"
Add component (AddParameter): Name = "ComponentLink2Description"; Value = "Supplier 1 URL"; VariantName = "[No Variations]"
Add component (AddParameter): Name = "ComponentLink2URL"; Value = "https://www.mouser.com/ProductDetail/Wurth-Elektronik/830003237?qs=2WXlatMagcFy7La1wROd1w%3D%3D"; VariantName = "[No Variations]"
Add component (AddParameter): Name = "ComponentLink3Description"; Value = "Supplier 2 URL"; VariantName = "[No Variations]"
Add component (AddParameter): Name = "ComponentLink3URL"; Value = "https://www.digikey.com/en/products/detail/w%C3%BCrth-elektronik/830003237/13979248"; VariantName = "[No Variations]"
Add component (AddParameter): Name = "ComponentLink4Description"; Value = "Supplier 3 URL"; VariantName = "[No Variations]"
Add component (AddParameter): Name = "ComponentLink4URL"; Value = "https://www.thegioiic.com/thach-anh-16mhz-2-chan-smd-hc49-s"; VariantName = "[No Variations]"
Add component (AddParameter): Name = "Frequency"; Value = "16MHz"; VariantName = "[No Variations]"
Add component (AddParameter): Name = "Frequency Stability"; Value = "+/-50ppm"; VariantName = "[No Variations]"
Add component (AddParameter): Name = "Frequency Tolerance"; Value = "+/-30ppm"; VariantName = "[No Variations]"
Add component (AddParameter): Name = "Load Capacitance"; Value = "16pF"; VariantName = "[No Variations]"
Add component (AddParameter): Name = "Manufacturer"; Value = "Wurth Elektronik"; VariantName = "[No Variations]"
Add component (AddParameter): Name = "Manufacturer Part Number"; Value = "830003237"; VariantName = "[No Variations]"
Add component (AddParameter): Name = "Mounting Technology"; Value = "SMT"; VariantName = "[No Variations]"
Add component (AddParameter): Name = "Operating Temperature"; Value = "-10 to +60degC"; VariantName = "[No Variations]"
Add component (AddParameter): Name = "Size"; Value = "HC49/4HSMX"; VariantName = "[No Variations]"
Add component (AddParameter): Name = "Supplier 1 Name"; Value = "Mouser"; VariantName = "[No Variations]"
Add component (AddParameter): Name = "Supplier 1 SN"; Value = "710-830003237"; VariantName = "[No Variations]"
Add component (AddParameter): Name = "Supplier 1 URL"; Value = "https://www.mouser.com/ProductDetail/Wurth-Elektronik/830003237?qs=2WXlatMagcFy7La1wROd1w%3D%3D"; VariantName = "[No Variations]"
Add component (AddParameter): Name = "Supplier 2 Name"; Value = "Digi-Key"; VariantName = "[No Variations]"
Add component (AddParameter): Name = "Supplier 2 SN"; Value = "732-830003237TR-ND"; VariantName = "[No Variations]"
Add component (AddParameter): Name = "Supplier 2 URL"; Value = "https://www.digikey.com/en/products/detail/w%C3%BCrth-elektronik/830003237/13979248"; VariantName = "[No Variations]"
Add component (AddParameter): Name = "Supplier 3 Name"; Value = "thegioiic"; VariantName = "[No Variations]"
Add component (AddParameter): Name = "Supplier 3 SN"; Value = "N/A"; VariantName = "[No Variations]"
Add component (AddParameter): Name = "Supplier 3 URL"; Value = "https://www.thegioiic.com/thach-anh-16mhz-2-chan-smd-hc49-s"; VariantName = "[No Variations]"
Add component (AddParameter): Name = "Value"; Value = "16MHz"; VariantName = "[No Variations]"
Added Pin To Net: NetName=+3.3V Pin=AMS1-2
Added Pin To Net: NetName=+3.3V Pin=AMS1-4
Added Pin To Net: NetName=+3.3V Pin=B*1-1
Added Pin To Net: NetName=+3.3V Pin=C1-2
Added Pin To Net: NetName=+3.3V Pin=C2-2
Added Pin To Net: NetName=+3.3V Pin=C3-2
Added Pin To Net: NetName=+3.3V Pin=C4-2
Added Pin To Net: NetName=+3.3V Pin=C5-2
Added Pin To Net: NetName=+3.3V Pin=C6-2
Added Pin To Net: NetName=+3.3V Pin=C7-1
Added Pin To Net: NetName=+3.3V Pin=C8-2
Added Pin To Net: NetName=+3.3V Pin=C11-2
Added Pin To Net: NetName=+3.3V Pin=C12-2
Added Pin To Net: NetName=+3.3V Pin=C13-1
Added Pin To Net: NetName=+3.3V Pin=C14-2
Added Pin To Net: NetName=+3.3V Pin=C15-2
Added Pin To Net: NetName=+3.3V Pin=C16-2
Added Pin To Net: NetName=+3.3V Pin=C17-2
Added Pin To Net: NetName=+3.3V Pin=C18-2
Added Pin To Net: NetName=+3.3V Pin=C19-1
Added Pin To Net: NetName=+3.3V Pin=C20-1
Added Pin To Net: NetName=+3.3V Pin=C23-1
Added Pin To Net: NetName=+3.3V Pin=D3-2
Added Pin To Net: NetName=+3.3V Pin=R8-2
Added Pin To Net: NetName=+3.3V Pin=R12-2
Added Pin To Net: NetName=+3.3V Pin=R14-2
Added Pin To Net: NetName=+3.3V Pin=R15-2
Added Pin To Net: NetName=+3.3V Pin=S1-2
Added Pin To Net: NetName=+3.3V Pin=S2-2
Added Pin To Net: NetName=+3.3V Pin=S3-2
Added Pin To Net: NetName=+3.3V Pin=S4-2
Added Pin To Net: NetName=+3.3V Pin=S5-2
Added Pin To Net: NetName=+3.3V Pin=S6-2
Added Pin To Net: NetName=+3.3V Pin=S7-2
Added Pin To Net: NetName=+3.3V Pin=SWD1-4
Added Pin To Net: NetName=+3.3V Pin=U3-24
Added Pin To Net: NetName=+3.3V Pin=U3-36
Added Pin To Net: NetName=+3.3V Pin=U3-48
Added Net: Name=+3.3V
Added Pin To Net: NetName=+5V Pin=AMS1-3
Added Pin To Net: NetName=+5V Pin=C9-2
Added Pin To Net: NetName=+5V Pin=C10-2
Added Pin To Net: NetName=+5V Pin=F?-2
Added Net: Name=+5V
Added Pin To Net: NetName=+12V Pin=D1-2
Added Pin To Net: NetName=+12V Pin=D5-2
Added Pin To Net: NetName=+12V Pin=D8-2
Added Pin To Net: NetName=+12V Pin=D9-2
Added Pin To Net: NetName=+12V Pin=K1-1
Added Pin To Net: NetName=+12V Pin=K2-1
Added Pin To Net: NetName=+12V Pin=K3-1
Added Pin To Net: NetName=+12V Pin=K4-1
Added Pin To Net: NetName=+12V Pin=U4-4
Added Pin To Net: NetName=+12V Pin=U7-4
Added Pin To Net: NetName=+12V Pin=U9-4
Added Pin To Net: NetName=+12V Pin=U10-4
Added Net: Name=+12V
Added Pin To Net: NetName=BOOT0 Pin=C18-1
Added Pin To Net: NetName=BOOT0 Pin=R4-1
Added Pin To Net: NetName=BOOT0 Pin=S4-1
Added Pin To Net: NetName=BOOT0 Pin=U3-44
Added Net: Name=BOOT0
Added Pin To Net: NetName=BUZZER Pin=R11-2
Added Net: Name=BUZZER
Added Pin To Net: NetName=GND Pin=AMS1-1
Added Pin To Net: NetName=GND Pin=C1-1
Added Pin To Net: NetName=GND Pin=C2-1
Added Pin To Net: NetName=GND Pin=C3-1
Added Pin To Net: NetName=GND Pin=C4-1
Added Pin To Net: NetName=GND Pin=C5-1
Added Pin To Net: NetName=GND Pin=C6-1
Added Pin To Net: NetName=GND Pin=C9-1
Added Pin To Net: NetName=GND Pin=C10-1
Added Pin To Net: NetName=GND Pin=C11-1
Added Pin To Net: NetName=GND Pin=C12-1
Added Pin To Net: NetName=GND Pin=C14-1
Added Pin To Net: NetName=GND Pin=C15-1
Added Pin To Net: NetName=GND Pin=C16-1
Added Pin To Net: NetName=GND Pin=C17-1
Added Pin To Net: NetName=GND Pin=C21-2
Added Pin To Net: NetName=GND Pin=C22-2
Added Pin To Net: NetName=GND Pin=C24-2
Added Pin To Net: NetName=GND Pin=D4-2
Added Pin To Net: NetName=GND Pin=J4-4
Added Pin To Net: NetName=GND Pin=J4-5
Added Pin To Net: NetName=GND Pin=Q1-2
Added Pin To Net: NetName=GND Pin=Q2-2
Added Pin To Net: NetName=GND Pin=Q3-2
Added Pin To Net: NetName=GND Pin=Q4-2
Added Pin To Net: NetName=GND Pin=Q5-2
Added Pin To Net: NetName=GND Pin=R1-2
Added Pin To Net: NetName=GND Pin=R2-1
Added Pin To Net: NetName=GND Pin=R3-1
Added Pin To Net: NetName=GND Pin=R4-2
Added Pin To Net: NetName=GND Pin=R5-1
Added Pin To Net: NetName=GND Pin=R6-1
Added Pin To Net: NetName=GND Pin=R7-1
Added Pin To Net: NetName=GND Pin=SWD1-2
Added Pin To Net: NetName=GND Pin=U3-20
Added Pin To Net: NetName=GND Pin=U3-23
Added Pin To Net: NetName=GND Pin=U3-35
Added Pin To Net: NetName=GND Pin=U3-47
Added Pin To Net: NetName=GND Pin=U8-2
Added Net: Name=GND
Added Pin To Net: NetName=L Pin=J3-1
Added Pin To Net: NetName=L Pin=K1-3
Added Pin To Net: NetName=L Pin=K2-3
Added Pin To Net: NetName=L Pin=K3-3
Added Pin To Net: NetName=L Pin=K4-3
Added Net: Name=L
Added Pin To Net: NetName=NetB*1_2 Pin=B*1-2
Added Pin To Net: NetName=NetB*1_2 Pin=D3-1
Added Pin To Net: NetName=NetB*1_2 Pin=Q2-3
Added Net: Name=NetB*1_2
Added Pin To Net: NetName=NetC24_1 Pin=C24-1
Added Pin To Net: NetName=NetC24_1 Pin=F?-1
Added Pin To Net: NetName=NetC24_1 Pin=J4-1
Added Pin To Net: NetName=NetC24_1 Pin=U8-5
Added Net: Name=NetC24_1
Added Pin To Net: NetName=NetD1_1 Pin=D1-1
Added Pin To Net: NetName=NetD1_1 Pin=K1-2
Added Pin To Net: NetName=NetD1_1 Pin=Q1-3
Added Net: Name=NetD1_1
Added Pin To Net: NetName=NetD2_1 Pin=D2-1
Added Pin To Net: NetName=NetD2_1 Pin=U4-2
Added Net: Name=NetD2_1
Added Pin To Net: NetName=NetD5_1 Pin=D5-1
Added Pin To Net: NetName=NetD5_1 Pin=K2-2
Added Pin To Net: NetName=NetD5_1 Pin=Q3-3
Added Net: Name=NetD5_1
Added Pin To Net: NetName=NetD6_1 Pin=D6-1
Added Pin To Net: NetName=NetD6_1 Pin=U7-2
Added Net: Name=NetD6_1
Added Pin To Net: NetName=NetD8_1 Pin=D8-1
Added Pin To Net: NetName=NetD8_1 Pin=K3-2
Added Pin To Net: NetName=NetD8_1 Pin=Q4-3
Added Net: Name=NetD8_1
Added Pin To Net: NetName=NetD9_1 Pin=D9-1
Added Pin To Net: NetName=NetD9_1 Pin=K4-2
Added Pin To Net: NetName=NetD9_1 Pin=Q5-3
Added Net: Name=NetD9_1
Added Pin To Net: NetName=NetD10_1 Pin=D10-1
Added Pin To Net: NetName=NetD10_1 Pin=U9-2
Added Net: Name=NetD10_1
Added Pin To Net: NetName=NetD11_1 Pin=D11-1
Added Pin To Net: NetName=NetD11_1 Pin=U10-2
Added Net: Name=NetD11_1
Added Pin To Net: NetName=NetJ1_2 Pin=J1-2
Added Pin To Net: NetName=NetJ1_2 Pin=K1-4
Added Net: Name=NetJ1_2
Added Pin To Net: NetName=NetJ2_2 Pin=J2-2
Added Pin To Net: NetName=NetJ2_2 Pin=K2-4
Added Net: Name=NetJ2_2
Added Pin To Net: NetName=NetJ4_2 Pin=J4-2
Added Pin To Net: NetName=NetJ4_2 Pin=U8-4
Added Net: Name=NetJ4_2
Added Pin To Net: NetName=NetJ4_3 Pin=J4-3
Added Pin To Net: NetName=NetJ4_3 Pin=U8-6
Added Net: Name=NetJ4_3
Added Pin To Net: NetName=NetJ5_2 Pin=J5-2
Added Pin To Net: NetName=NetJ5_2 Pin=K3-4
Added Net: Name=NetJ5_2
Added Pin To Net: NetName=NetJ6_2 Pin=J6-2
Added Pin To Net: NetName=NetJ6_2 Pin=K4-4
Added Net: Name=NetJ6_2
Added Pin To Net: NetName=NetQ1_1 Pin=Q1-1
Added Pin To Net: NetName=NetQ1_1 Pin=R9-1
Added Net: Name=NetQ1_1
Added Pin To Net: NetName=NetQ2_1 Pin=Q2-1
Added Pin To Net: NetName=NetQ2_1 Pin=R11-1
Added Net: Name=NetQ2_1
Added Pin To Net: NetName=NetQ3_1 Pin=Q3-1
Added Pin To Net: NetName=NetQ3_1 Pin=R13-1
Added Net: Name=NetQ3_1
Added Pin To Net: NetName=NetQ4_1 Pin=Q4-1
Added Pin To Net: NetName=NetQ4_1 Pin=R16-1
Added Net: Name=NetQ4_1
Added Pin To Net: NetName=NetQ5_1 Pin=Q5-1
Added Pin To Net: NetName=NetQ5_1 Pin=R17-1
Added Net: Name=NetQ5_1
Added Pin To Net: NetName=NetR8_1 Pin=R8-1
Added Pin To Net: NetName=NetR8_1 Pin=U4-1
Added Net: Name=NetR8_1
Added Pin To Net: NetName=NetR9_2 Pin=R9-2
Added Pin To Net: NetName=NetR9_2 Pin=U4-3
Added Net: Name=NetR9_2
Added Pin To Net: NetName=NetR10_2 Pin=R10-2
Added Net: Name=NetR10_2
Added Pin To Net: NetName=NetR12_1 Pin=R12-1
Added Pin To Net: NetName=NetR12_1 Pin=U7-1
Added Net: Name=NetR12_1
Added Pin To Net: NetName=NetR13_2 Pin=R13-2
Added Pin To Net: NetName=NetR13_2 Pin=U7-3
Added Net: Name=NetR13_2
Added Pin To Net: NetName=NetR14_1 Pin=R14-1
Added Pin To Net: NetName=NetR14_1 Pin=U9-1
Added Net: Name=NetR14_1
Added Pin To Net: NetName=NetR15_1 Pin=R15-1
Added Pin To Net: NetName=NetR15_1 Pin=U10-1
Added Net: Name=NetR15_1
Added Pin To Net: NetName=NetR16_2 Pin=R16-2
Added Pin To Net: NetName=NetR16_2 Pin=U9-3
Added Net: Name=NetR16_2
Added Pin To Net: NetName=NetR17_2 Pin=R17-2
Added Pin To Net: NetName=NetR17_2 Pin=U10-3
Added Net: Name=NetR17_2
Added Pin To Net: NetName=N Pin=J1-1
Added Pin To Net: NetName=N Pin=J2-1
Added Pin To Net: NetName=N Pin=J3-2
Added Pin To Net: NetName=N Pin=J5-1
Added Pin To Net: NetName=N Pin=J6-1
Added Net: Name=N
Added Pin To Net: NetName=OSCIN Pin=C21-1
Added Pin To Net: NetName=OSCIN Pin=Y1-1
Added Net: Name=OSCIN
Added Pin To Net: NetName=OSCOUT Pin=C22-1
Added Pin To Net: NetName=OSCOUT Pin=Y1-2
Added Net: Name=OSCOUT
Added Net: Name=PA2
Added Pin To Net: NetName=PA3 Pin=U3-13
Added Net: Name=PA3
Added Pin To Net: NetName=PA4 Pin=U3-14
Added Net: Name=PA4
Added Pin To Net: NetName=PA5 Pin=U3-15
Added Net: Name=PA5
Added Pin To Net: NetName=PA6 Pin=U3-16
Added Net: Name=PA6
Added Pin To Net: NetName=PA7 Pin=U3-17
Added Net: Name=PA7
Added Pin To Net: NetName=PA8 Pin=D10-2
Added Pin To Net: NetName=PA8 Pin=U3-29
Added Net: Name=PA8
Added Pin To Net: NetName=PA11 Pin=U3-32
Added Pin To Net: NetName=PA11 Pin=U8-1
Added Net: Name=PA11
Added Pin To Net: NetName=PA12 Pin=U3-33
Added Pin To Net: NetName=PA12 Pin=U8-3
Added Net: Name=PA12
Added Pin To Net: NetName=PB0 Pin=U3-18
Added Net: Name=PB0
Added Pin To Net: NetName=PB1 Pin=D4-1
Added Pin To Net: NetName=PB1 Pin=R10-1
Added Pin To Net: NetName=PB1 Pin=U3-19
Added Net: Name=PB1
Added Pin To Net: NetName=PB6 Pin=U3-42
Added Net: Name=PB6
Added Pin To Net: NetName=PB7 Pin=U3-43
Added Net: Name=PB7
Added Pin To Net: NetName=PB11 Pin=U3-22
Added Net: Name=PB11
Added Pin To Net: NetName=PB12 Pin=U3-25
Added Net: Name=PB12
Added Pin To Net: NetName=PB13 Pin=D2-2
Added Pin To Net: NetName=PB13 Pin=U3-26
Added Net: Name=PB13
Added Pin To Net: NetName=PB14 Pin=D6-2
Added Pin To Net: NetName=PB14 Pin=U3-27
Added Net: Name=PB14
Added Pin To Net: NetName=PB15 Pin=D11-2
Added Pin To Net: NetName=PB15 Pin=U3-28
Added Net: Name=PB15
Added Pin To Net: NetName=RESET Pin=C8-1
Added Pin To Net: NetName=RESET Pin=R1-1
Added Pin To Net: NetName=RESET Pin=S1-1
Added Net: Name=RESET
Added Pin To Net: NetName=S1 Pin=C7-2
Added Pin To Net: NetName=S1 Pin=R2-2
Added Pin To Net: NetName=S1 Pin=S2-1
Added Pin To Net: NetName=S1 Pin=U3-46
Added Net: Name=S1
Added Pin To Net: NetName=S2 Pin=C13-2
Added Pin To Net: NetName=S2 Pin=R3-2
Added Pin To Net: NetName=S2 Pin=S3-1
Added Pin To Net: NetName=S2 Pin=U3-45
Added Net: Name=S2
Added Pin To Net: NetName=S3 Pin=C19-2
Added Pin To Net: NetName=S3 Pin=R5-2
Added Pin To Net: NetName=S3 Pin=S5-1
Added Pin To Net: NetName=S3 Pin=U3-39
Added Net: Name=S3
Added Pin To Net: NetName=S4 Pin=C20-2
Added Pin To Net: NetName=S4 Pin=R6-2
Added Pin To Net: NetName=S4 Pin=S6-1
Added Pin To Net: NetName=S4 Pin=U3-38
Added Net: Name=S4
Added Pin To Net: NetName=S5 Pin=C23-2
Added Pin To Net: NetName=S5 Pin=R7-2
Added Pin To Net: NetName=S5 Pin=S7-1
Added Pin To Net: NetName=S5 Pin=U3-41
Added Net: Name=S5
Added Pin To Net: NetName=SWCLK Pin=U3-37
Added Net: Name=SWCLK
Added Pin To Net: NetName=SWDIO Pin=U3-34
Added Net: Name=SWDIO
Added Class: Name=Alarm_Clock
Added Room: Name=Alarm_Clock
